
 Start         Length     Name                   Class
 0001:032C1000 000353DCH .text                   CODE
 0002:032F7000 000006BCH .itext                  ICODE
 0003:032F8000 0000760CH .data                   DATA
 0004:03300000 00111B2CH .bss                    BSS
 0005:00000000 00000000H .tls                    TLS


Detailed map of segments

 0001:00000000 0000562D C=CODE     S=.text    G=(none)   M=System   ACBP=A9
 0001:00005630 000001A2 C=CODE     S=.text    G=(none)   M=SysInit  ACBP=A9
 0001:000057D4 00000308 C=CODE     S=.text    G=(none)   M=SysConst ACBP=A9
 0001:00005ADC 000000BD C=CODE     S=.text    G=(none)   M=Types    ACBP=A9
 0001:00005B9C 00000550 C=CODE     S=.text    G=(none)   M=Windows  ACBP=A9
 0001:000060EC 00006DCC C=CODE     S=.text    G=(none)   M=SysUtils ACBP=A9
 0001:0000CEB8 000007EE C=CODE     S=.text    G=(none)   M=VarUtils ACBP=A9
 0001:0000D6A8 0000275C C=CODE     S=.text    G=(none)   M=Variants ACBP=A9
 0001:0000FE04 00000088 C=CODE     S=.text    G=(none)   M=RTLConsts ACBP=A9
 0001:0000FE8C 0000007B C=CODE     S=.text    G=(none)   M=TypInfo  ACBP=A9
 0001:0000FF08 00004051 C=CODE     S=.text    G=(none)   M=Classes  ACBP=A9
 0001:00013F5C 0000006B C=CODE     S=.text    G=(none)   M=Math     ACBP=A9
 0001:00013FC8 0000043D C=CODE     S=.text    G=(none)   M=RSQ      ACBP=A9
 0001:00014408 00000DC3 C=CODE     S=.text    G=(none)   M=RSSysUtils ACBP=A9
 0001:000151CC 00001169 C=CODE     S=.text    G=(none)   M=IniFiles ACBP=A9
 0001:00016338 000000A8 C=CODE     S=.text    G=(none)   M=Common   ACBP=A9
 0001:000163E0 000006E0 C=CODE     S=.text    G=(none)   M=RSCodeHook ACBP=A9
 0001:00016AC0 000005F6 C=CODE     S=.text    G=(none)   M=RSStrUtils ACBP=A9
 0001:000170B8 0000007E C=CODE     S=.text    G=(none)   M=DirectDraw ACBP=A9
 0001:00017138 000000A6 C=CODE     S=.text    G=(none)   M=Direct3D ACBP=A9
 0001:000171E0 00000030 C=CODE     S=.text    G=(none)   M=Consts   ACBP=A9
 0001:00017210 000005AD C=CODE     S=.text    G=(none)   M=Registry ACBP=A9
 0001:000177C0 0000600E C=CODE     S=.text    G=(none)   M=Graphics ACBP=A9
 0001:0001D7D0 00000D59 C=CODE     S=.text    G=(none)   M=GraphUtil ACBP=A9
 0001:0001E52C 000002C3 C=CODE     S=.text    G=(none)   M=RSGraphics ACBP=A9
 0001:0001E7F0 00000E84 C=CODE     S=.text    G=(none)   M=RSIni    ACBP=A9
 0001:0001F674 00005742 C=CODE     S=.text    G=(none)   M=MMCommon ACBP=A9
 0001:00024DB8 00000345 C=CODE     S=.text    G=(none)   M=MP3      ACBP=A9
 0001:00025100 000017BC C=CODE     S=.text    G=(none)   M=RSDebug  ACBP=A9
 0001:000268BC 00000006 C=CODE     S=.text    G=(none)   M=MMSystem ACBP=A9
 0001:000268C4 00000772 C=CODE     S=.text    G=(none)   M=MultiMon ACBP=A9
 0001:00027038 0000141C C=CODE     S=.text    G=(none)   M=RSResample ACBP=A9
 0001:00028454 00004EDE C=CODE     S=.text    G=(none)   M=DXProxy  ACBP=A9
 0001:0002D334 00004507 C=CODE     S=.text    G=(none)   M=MMHooks  ACBP=A9
 0001:0003183C 00003A26 C=CODE     S=.text    G=(none)   M=Hooks    ACBP=A9
 0001:00035264 00000178 C=CODE     S=.text    G=(none)   M=MM6patch ACBP=A9
 0002:00000000 00000095 C=ICODE    S=.itext   G=(none)   M=System   ACBP=A9
 0002:00000098 00000011 C=ICODE    S=.itext   G=(none)   M=Windows  ACBP=A9
 0002:000000AC 00000088 C=ICODE    S=.itext   G=(none)   M=SysUtils ACBP=A9
 0002:00000134 0000000F C=ICODE    S=.itext   G=(none)   M=VarUtils ACBP=A9
 0002:00000144 000000AA C=ICODE    S=.itext   G=(none)   M=Variants ACBP=A9
 0002:000001F0 00000008 C=ICODE    S=.itext   G=(none)   M=TypInfo  ACBP=A9
 0002:000001F8 00000092 C=ICODE    S=.itext   G=(none)   M=Classes  ACBP=A9
 0002:0000028C 00000066 C=ICODE    S=.itext   G=(none)   M=RSQ      ACBP=A9
 0002:000002F4 0000001E C=ICODE    S=.itext   G=(none)   M=RSSysUtils ACBP=A9
 0002:00000314 00000008 C=ICODE    S=.itext   G=(none)   M=IniFiles ACBP=A9
 0002:0000031C 00000008 C=ICODE    S=.itext   G=(none)   M=Common   ACBP=A9
 0002:00000324 00000008 C=ICODE    S=.itext   G=(none)   M=RSCodeHook ACBP=A9
 0002:0000032C 0000002D C=ICODE    S=.itext   G=(none)   M=RSStrUtils ACBP=A9
 0002:0000035C 00000008 C=ICODE    S=.itext   G=(none)   M=Registry ACBP=A9
 0002:00000364 000000FB C=ICODE    S=.itext   G=(none)   M=Graphics ACBP=A9
 0002:00000460 0000007F C=ICODE    S=.itext   G=(none)   M=GraphUtil ACBP=A9
 0002:000004E0 0000004F C=ICODE    S=.itext   G=(none)   M=MMCommon ACBP=A9
 0002:00000530 00000008 C=ICODE    S=.itext   G=(none)   M=MP3      ACBP=A9
 0002:00000538 0000000F C=ICODE    S=.itext   G=(none)   M=MultiMon ACBP=A9
 0002:00000548 00000008 C=ICODE    S=.itext   G=(none)   M=DXProxy  ACBP=A9
 0002:00000550 0000003B C=ICODE    S=.itext   G=(none)   M=MMHooks  ACBP=A9
 0002:0000058C 000000C0 C=ICODE    S=.itext   G=(none)   M=Hooks    ACBP=A9
 0002:0000064C 0000006F C=ICODE    S=.itext   G=(none)   M=MM6patch ACBP=A9
 0003:00000000 00000794 C=DATA     S=.data    G=DGROUP   M=System   ACBP=A9
 0003:00000794 0000002C C=DATA     S=.data    G=DGROUP   M=SysInit  ACBP=A9
 0003:000007C0 0000024C C=DATA     S=.data    G=DGROUP   M=SysUtils ACBP=A9
 0003:00000A0C 00000008 C=DATA     S=.data    G=DGROUP   M=VarUtils ACBP=A9
 0003:00000A14 00000076 C=DATA     S=.data    G=DGROUP   M=Variants ACBP=A9
 0003:00000A8C 0000000C C=DATA     S=.data    G=DGROUP   M=TypInfo  ACBP=A9
 0003:00000A98 00000084 C=DATA     S=.data    G=DGROUP   M=Classes  ACBP=A9
 0003:00000B1C 0000000C C=DATA     S=.data    G=DGROUP   M=RSQ      ACBP=A9
 0003:00000B28 00000008 C=DATA     S=.data    G=DGROUP   M=IniFiles ACBP=A9
 0003:00000B30 0000007C C=DATA     S=.data    G=DGROUP   M=Common   ACBP=A9
 0003:00000BAC 00000034 C=DATA     S=.data    G=DGROUP   M=RSCodeHook ACBP=A9
 0003:00000BE0 00000008 C=DATA     S=.data    G=DGROUP   M=Registry ACBP=A9
 0003:00000BE8 00000314 C=DATA     S=.data    G=DGROUP   M=Graphics ACBP=A9
 0003:00000EFC 00000450 C=DATA     S=.data    G=DGROUP   M=GraphUtil ACBP=A9
 0003:0000134C 00000190 C=DATA     S=.data    G=DGROUP   M=MMCommon ACBP=A9
 0003:000014DC 00000208 C=DATA     S=.data    G=DGROUP   M=MP3      ACBP=A9
 0003:000016E4 00000078 C=DATA     S=.data    G=DGROUP   M=RSDebug  ACBP=A9
 0003:0000175C 00000016 C=DATA     S=.data    G=DGROUP   M=RSResample ACBP=A9
 0003:00001774 00000070 C=DATA     S=.data    G=DGROUP   M=DXProxy  ACBP=A9
 0003:000017E4 00002510 C=DATA     S=.data    G=DGROUP   M=MMHooks  ACBP=A9
 0003:00003CF4 000034BC C=DATA     S=.data    G=DGROUP   M=Hooks    ACBP=A9
 0004:00000000 000027EC C=BSS      S=.bss     G=DGROUP   M=System   ACBP=A9
 0004:000027EC 00000010 C=BSS      S=.bss     G=DGROUP   M=SysInit  ACBP=A9
 0004:000027FC 00000008 C=BSS      S=.bss     G=DGROUP   M=Windows  ACBP=A9
 0004:00002804 00000A20 C=BSS      S=.bss     G=DGROUP   M=SysUtils ACBP=A9
 0004:00003224 0000005C C=BSS      S=.bss     G=DGROUP   M=VarUtils ACBP=A9
 0004:00003280 00000040 C=BSS      S=.bss     G=DGROUP   M=Variants ACBP=A9
 0004:000032C0 00000004 C=BSS      S=.bss     G=DGROUP   M=TypInfo  ACBP=A9
 0004:000032C4 00000034 C=BSS      S=.bss     G=DGROUP   M=Classes  ACBP=A9
 0004:000032F8 0000000C C=BSS      S=.bss     G=DGROUP   M=RSQ      ACBP=A9
 0004:00003304 000000A0 C=BSS      S=.bss     G=DGROUP   M=RSSysUtils ACBP=A9
 0004:000033A4 00000004 C=BSS      S=.bss     G=DGROUP   M=IniFiles ACBP=A9
 0004:000033A8 00000004 C=BSS      S=.bss     G=DGROUP   M=Common   ACBP=A9
 0004:000033AC 0000000C C=BSS      S=.bss     G=DGROUP   M=RSCodeHook ACBP=A9
 0004:000033B8 00000104 C=BSS      S=.bss     G=DGROUP   M=RSStrUtils ACBP=A9
 0004:000034BC 00000004 C=BSS      S=.bss     G=DGROUP   M=Registry ACBP=A9
 0004:000034C0 00000060 C=BSS      S=.bss     G=DGROUP   M=Graphics ACBP=A9
 0004:00003520 00000004 C=BSS      S=.bss     G=DGROUP   M=GraphUtil ACBP=A9
 0004:00003524 00000428 C=BSS      S=.bss     G=DGROUP   M=MMCommon ACBP=A9
 0004:0000394C 0000000C C=BSS      S=.bss     G=DGROUP   M=MP3      ACBP=A9
 0004:00003958 00000010 C=BSS      S=.bss     G=DGROUP   M=RSDebug  ACBP=A9
 0004:00003968 00000031 C=BSS      S=.bss     G=DGROUP   M=MultiMon ACBP=A9
 0004:0000399C 00102000 C=BSS      S=.bss     G=DGROUP   M=RSResample ACBP=A9
 0004:0010599C 000001AC C=BSS      S=.bss     G=DGROUP   M=DXProxy  ACBP=A9
 0004:00105B48 000001AD C=BSS      S=.bss     G=DGROUP   M=MMHooks  ACBP=A9
 0004:00105CF8 0000BE34 C=BSS      S=.bss     G=DGROUP   M=Hooks    ACBP=A9
 0005:00000000 00000008 C=TLS      S=.tls     G=(none)   M=System   ACBP=A9
 0005:00000008 00000004 C=TLS      S=.tls     G=(none)   M=Classes  ACBP=A9
 0005:0000000C 00000024 C=TLS      S=.tls     G=(none)   M=GraphUtil ACBP=A9
 0005:00000030 00000001 C=TLS      S=.tls     G=(none)   M=RSDebug  ACBP=A9


  Address             Publics by Name

 0004:000032CC       Classes..95
 0001:0000FFC4       Classes..EFCreateError
 0001:00010078       Classes..EFilerError
 0001:0000FF64       Classes..EFileStreamError
 0001:00010020       Classes..EFOpenError
 0001:00010294       Classes..EInvalidOperation
 0001:00010180       Classes..EListError
 0001:00010238       Classes..EOutOfResources
 0001:000100D0       Classes..EReadError
 0001:0000FF08       Classes..EStreamError
 0001:000101D8       Classes..EStringListError
 0001:00010128       Classes..EWriteError
 0001:0001094C       Classes..TCustomMemoryStream
 0001:000108C4       Classes..TFileStream
 0001:0001084C       Classes..THandleStream
 0001:00010E30       Classes..TIntConst
 0001:000104A0       Classes..TInterfacedPersistent
 0001:000102F4       Classes..TList
 0001:000109C8       Classes..TMemoryStream
 0001:000103B0       Classes..TPersistent
 0001:00010A90       Classes..TRegGroup
 0001:00010AE8       Classes..TRegGroups
 0001:000107DC       Classes..TStream
 0001:000106C4       Classes..TStringList
 0001:0001058C       Classes..TStrings
 0001:00010358       Classes..TThreadList
 0001:00013D58       Classes.BinToHex
 0002:000001F8       Classes.Classes
 0003:00000A98       Classes.Convert
 0003:00000AA8       Classes.Convert
 0001:00013E20       Classes.DoneThreadSynchronization
 0001:00011870       Classes.DoWrite
 0001:00013EAC       Classes.Finalization
 0004:000032D8       Classes.FindGlobalComponentProcs
 0001:00013E38       Classes.FreeIntConstList
 0004:000032DC       Classes.GlobalFixupList
 0005:00000008       Classes.GlobalLists
 0004:000032C4       Classes.GlobalNameSpace
 0001:00013D94       Classes.HexToBin
 0001:00010EEC       Classes.IdentToInt
 0001:00013DEC       Classes.InitThreadSynchronization
 0004:000032D0       Classes.IntConstList
 0001:00010F2C       Classes.IntToIdent
 0001:00013EA4       Classes.ModuleUnload
 0001:00010BDC       Classes.PointerInModule
 0001:000135B8       Classes.PropValueError
 0001:00012D50       Classes.RaiseException
 0001:000135A0       Classes.ReadError
 0001:00010A68       Classes.Rect
 0004:000032D4       Classes.RegGroups
 0001:00010EC0       Classes.RegisterIntegerConsts
 0001:00013470       Classes.RemoveFixupReferences
 0001:0001351C       Classes.RemoveFixups
 0001:00011040       Classes.ReturnAddr
 0001:000119D0       Classes.ReturnAddr
 0001:00013904       Classes.SkipBinary
 0001:00013934       Classes.SkipCollection
 0001:000138DC       Classes.SkipList
 0001:00012B74       Classes.StringListCompareStrings
 0004:000032C8       Classes.SyncEvent
 0003:00000B18       Classes.SyncList
 0001:000132AC       Classes.TCustomMemoryStream.Read
 0001:000132E4       Classes.TCustomMemoryStream.Seek
 0001:000132A4       Classes.TCustomMemoryStream.SetPointer
 0001:000130FC       Classes.TFileStream.Create
 0001:000130B8       Classes.TFileStream.Create
 0001:00013270       Classes.TFileStream.Destroy
 0001:00012FF4       Classes.THandleStream.Create
 0001:00013030       Classes.THandleStream.Read
 0001:00013050       Classes.THandleStream.Seek
 0001:00013090       Classes.THandleStream.SetSize
 0001:0001307C       Classes.THandleStream.SetSize
 0001:00013040       Classes.THandleStream.Write
 0004:000032E0       Classes.ThreadLock
 0001:00010E88       Classes.TIntConst.Create
 0001:000115B8       Classes.TInterfacedPersistent.AfterConstruction
 0001:00011648       Classes.TInterfacedPersistent.QueryInterface
 0001:00011608       Classes.TInterfacedPersistent._AddRef
 0001:00011628       Classes.TInterfacedPersistent._Release
 0001:00010F90       Classes.TList.Add
 0001:00010FC4       Classes.TList.Clear
 0001:00010FDC       Classes.TList.Delete
 0001:00010F70       Classes.TList.Destroy
 0001:00011044       Classes.TList.Error
 0001:0001107C       Classes.TList.Error
 0001:000110D0       Classes.TList.Get
 0001:000110F8       Classes.TList.Grow
 0001:0001112C       Classes.TList.IndexOf
 0001:0001121C       Classes.TList.Notify
 0001:0001114C       Classes.TList.Remove
 0001:0001116C       Classes.TList.SetCapacity
 0001:000111A8       Classes.TList.SetCount
 0001:00013334       Classes.TMemoryStream.Clear
 0001:00013308       Classes.TMemoryStream.Destroy
 0001:000133A0       Classes.TMemoryStream.Realloc
 0001:0001334C       Classes.TMemoryStream.SetCapacity
 0001:00013374       Classes.TMemoryStream.SetSize
 0001:00013420       Classes.TMemoryStream.Write
 0001:00011414       Classes.TPersistent.Assign
 0001:00011428       Classes.TPersistent.AssignError
 0001:000114F8       Classes.TPersistent.AssignTo
 0001:00011500       Classes.TPersistent.DefineProperties
 0001:000113E8       Classes.TPersistent.Destroy
 0001:00011504       Classes.TPersistent.GetNamePath
 0001:000115B4       Classes.TPersistent.GetOwner
 0001:000135C4       Classes.TReader.CheckValue
 0001:000135E8       Classes.TReader.EndOfList
 0001:000135FC       Classes.TReader.NextValue
 0001:0001360C       Classes.TReader.Read
 0001:00013658       Classes.TReader.ReadBuffer
 0001:00013694       Classes.TReader.ReadListBegin
 0001:0001369C       Classes.TReader.ReadListEnd
 0001:000136A4       Classes.TReader.ReadStr
 0001:000136E0       Classes.TReader.ReadString
 0001:00013880       Classes.TReader.ReadValue
 0001:0001379C       Classes.TReader.ReadWideString
 0001:00013B88       Classes.TReader.SkipBytes
 0001:00013B40       Classes.TReader.SkipProperty
 0001:00013894       Classes.TReader.SkipSetBody
 0001:00013990       Classes.TReader.SkipValue
 0001:00010B40       Classes.TRegGroup.Create
 0001:00010B9C       Classes.TRegGroup.Destroy
 0001:00010BFC       Classes.TRegGroup.UnregisterModuleClasses
 0001:00010CA8       Classes.TRegGroups.Create
 0001:00010D1C       Classes.TRegGroups.Destroy
 0001:00010D7C       Classes.TRegGroups.Lock
 0001:00010D88       Classes.TRegGroups.Unlock
 0001:00010D94       Classes.TRegGroups.UnregisterModuleClasses
 0001:00012F00       Classes.TStream.CopyFrom
 0001:00012C78       Classes.TStream.GetPosition
 0001:00012CAC       Classes.TStream.GetSize
 0001:00012E90       Classes.TStream.ReadBuffer
 0001:00012D9C       Classes.TStream.Seek
 0001:00012E20       Classes.TStream.Seek
 0001:00012C98       Classes.TStream.SetPosition
 0001:00012CFC       Classes.TStream.SetSize
 0001:00012CF8       Classes.TStream.SetSize
 0001:00012EC8       Classes.TStream.WriteBuffer
 0001:000125E0       Classes.TStringList.Add
 0001:000125F0       Classes.TStringList.AddObject
 0001:00012654       Classes.TStringList.Changed
 0001:00012670       Classes.TStringList.Changing
 0001:0001268C       Classes.TStringList.Clear
 0001:00012BDC       Classes.TStringList.CompareStrings
 0001:00012BA4       Classes.TStringList.CustomSort
 0001:000126CC       Classes.TStringList.Delete
 0001:00012584       Classes.TStringList.Destroy
 0001:00012738       Classes.TStringList.Exchange
 0001:00012794       Classes.TStringList.ExchangeItems
 0001:000127B8       Classes.TStringList.Find
 0001:0001283C       Classes.TStringList.Get
 0001:00012870       Classes.TStringList.GetCapacity
 0001:00012874       Classes.TStringList.GetCount
 0001:00012878       Classes.TStringList.GetObject
 0001:000128A0       Classes.TStringList.Grow
 0001:000128D4       Classes.TStringList.IndexOf
 0001:00012910       Classes.TStringList.Insert
 0001:00012974       Classes.TStringList.InsertItem
 0001:00012920       Classes.TStringList.InsertObject
 0001:000129F0       Classes.TStringList.Put
 0001:00012A4C       Classes.TStringList.PutObject
 0001:00012A8C       Classes.TStringList.QuickSort
 0001:00012B20       Classes.TStringList.SetCapacity
 0001:00012C60       Classes.TStringList.SetCaseSensitive
 0001:00012B3C       Classes.TStringList.SetSorted
 0001:00012B5C       Classes.TStringList.SetUpdateState
 0001:00012B94       Classes.TStringList.Sort
 0001:000116A0       Classes.TStrings.Add
 0001:000116C4       Classes.TStrings.AddObject
 0001:000116E8       Classes.TStrings.AddStrings
 0001:000117A0       Classes.TStrings.Assign
 0001:00011858       Classes.TStrings.BeginUpdate
 0001:0001250C       Classes.TStrings.CompareStrings
 0001:000118C8       Classes.TStrings.DefineProperties
 0001:00011670       Classes.TStrings.Destroy
 0001:00011914       Classes.TStrings.EndUpdate
 0001:00011928       Classes.TStrings.Equals
 0001:000119D4       Classes.TStrings.Error
 0001:00011A0C       Classes.TStrings.Error
 0001:00011A64       Classes.TStrings.Exchange
 0001:00011B50       Classes.TStrings.GetCapacity
 0001:000124AC       Classes.TStrings.GetLineBreak
 0001:00012550       Classes.TStrings.GetNameValueSeparator
 0001:00011B58       Classes.TStrings.GetObject
 0001:00011B5C       Classes.TStrings.GetText
 0001:00011BB0       Classes.TStrings.GetTextStr
 0001:00011CE8       Classes.TStrings.IndexOf
 0001:00011D74       Classes.TStrings.IndexOfName
 0001:00011E48       Classes.TStrings.IndexOfObject
 0001:00011E7C       Classes.TStrings.InsertObject
 0001:00011EAC       Classes.TStrings.LoadFromFile
 0001:00011F00       Classes.TStrings.LoadFromStream
 0001:00011FAC       Classes.TStrings.Move
 0001:0001205C       Classes.TStrings.Put
 0001:0001208C       Classes.TStrings.PutObject
 0001:00012090       Classes.TStrings.ReadData
 0001:00012140       Classes.TStrings.SaveToFile
 0001:00012198       Classes.TStrings.SaveToStream
 0001:000121F8       Classes.TStrings.SetCapacity
 0001:000124E0       Classes.TStrings.SetLineBreak
 0001:00012568       Classes.TStrings.SetNameValueSeparator
 0001:000121FC       Classes.TStrings.SetStringsAdapter
 0001:00012230       Classes.TStrings.SetText
 0001:00012280       Classes.TStrings.SetTextStr
 0001:00012424       Classes.TStrings.SetUpdateState
 0001:00012428       Classes.TStrings.WriteData
 0001:000112F0       Classes.TThreadList.Add
 0001:00011220       Classes.TThreadList.Create
 0001:00011274       Classes.TThreadList.Destroy
 0001:00011378       Classes.TThreadList.LockList
 0001:0001138C       Classes.TThreadList.Remove
 0001:000113DC       Classes.TThreadList.UnlockList
 0001:00013BD0       Classes.TWriter.Write
 0001:00013C1C       Classes.TWriter.WriteBuffer
 0001:00013C34       Classes.TWriter.WriteListBegin
 0001:00013C3C       Classes.TWriter.WriteListEnd
 0001:00013C44       Classes.TWriter.WriteMinStr
 0001:00013CF0       Classes.TWriter.WriteString
 0001:00013D44       Classes.TWriter.WriteValue
 0001:00010DE4       Classes.UnRegisterModuleClasses
 0004:000033A8       Common..1
 0002:0000031C       Common.Common
 0003:00000BA4       Common.DummyFalse
 0001:0001639C       Common.Finalization
 0003:00000BA0       Common.SCaption
 0003:00000B9C       Common.SWrong
 0003:00000B50       Common._access
 0003:00000B6C       Common._AddButton
 0003:00000B74       Common._AddCommand
 0003:00000B8C       Common._Character_CalcSpecialBonusByItems
 0003:00000B84       Common._Character_GetWeaponDelay
 0003:00000B88       Common._Character_IsAlive
 0003:00000B90       Common._Character_Recover
 0003:00000B94       Common._Character_SetDelay
 0003:00000B7C       Common._Chest_CanPlaceItem
 0003:00000B80       Common._Chest_PlaceItem
 0003:00000B70       Common._DeleteButton
 0003:00000B3C       Common._DoLoadGame
 0003:00000B38       Common._DoSaveGame
 0003:00000B64       Common._ExitMovie
 0003:00000B40       Common._FindActiveMember
 0003:00000B5C       Common._HasNPCProf
 0003:00000BA8       Common._IsD3D
 0003:00000B78       Common._LoadLodBitmap
 0003:00000B58       Common._LoadMapTrack
 0003:00000B4C       Common._LoadPaperDollGraphics
 0003:00000B48       Common._OpenInventory_part
 0003:00000B30       Common._PauseTime
 0003:00000B54       Common._PermAlloc
 0003:00000B34       Common._ReleaseMouse
 0003:00000B60       Common._ShowMovie
 0003:00000B44       Common._ShowStatusText
 0003:00000B68       Common._StopSounds
 0003:00000B98       Common._TurnBased_CharacterActed
 0001:00017130       DirectDraw.DirectDrawCreate
 0004:001059E0       DXProxy..1
 0001:00028494       DXProxy..THookedObject
 0001:00029D44       DXProxy..TMyBackBufferD3D
 0001:0002AEE4       DXProxy..TMyBackBufferSW
 0001:00028F7C       DXProxy..TMyDevice
 0001:00028A84       DXProxy..TMyDirectDraw
 0001:0002A1D4       DXProxy..TMyFrontBufferD3D
 0001:0002AA88       DXProxy..TMyFrontBufferSW
 0001:000297A4       DXProxy..TMySurface
 0001:0002A634       DXProxy..TMySurfaceSW
 0001:00029294       DXProxy..TMyViewport
 0004:001059F0       DXProxy.BackBuffer
 0001:0002AF98       DXProxy.BaseScaleRect
 0001:0002CB28       DXProxy.Blacken16
 0001:0002B3C0       DXProxy.CalcRenderLim
 0001:0002B144       DXProxy.CalcRenderSize
 0001:0002B0D0       DXProxy.CalcSize1
 0004:00105B40       DXProxy.DDrawCreate
 0004:00105B3C       DXProxy.Direct3DFixed
 0001:0002BCAC       DXProxy.DoInitVMT
 0004:00105B1C       DXProxy.DrawBufSW
 0001:0002B67C       DXProxy.DrawCursor
 0002:00000548       DXProxy.DXProxy
 0004:001059AC       DXProxy.DXProxyActive
 0004:001059B8       DXProxy.DXProxyCursorBmp
 0004:001059B0       DXProxy.DXProxyCursorX
 0004:001059B4       DXProxy.DXProxyCursorY
 0001:0002B72C       DXProxy.DXProxyDraw
 0001:0002BC50       DXProxy.DXProxyDrawCursor
 0003:00001778       DXProxy.DXProxyMinH
 0003:00001774       DXProxy.DXProxyMinW
 0004:001059A4       DXProxy.DXProxyMipmapCount
 0004:001059A8       DXProxy.DXProxyMipmapCountRes
 0004:001059BC       DXProxy.DXProxyMul
 0001:0002B648       DXProxy.DXProxyOnResize
 0004:001059A0       DXProxy.DXProxyRenderH
 0004:0010599C       DXProxy.DXProxyRenderW
 0001:0002B000       DXProxy.DXProxyScaleRect
 0004:001059C8       DXProxy.DXProxyShiftX
 0004:001059D4       DXProxy.DXProxyShiftY
 0004:001059DE       DXProxy.DXProxyTrueColorTexture
 0001:0002B368       DXProxy.EnumMonProc
 0001:0002D21C       DXProxy.Finalization
 0001:0002B288       DXProxy.FixDirect3D
 0004:001059EC       DXProxy.FrontBuffer
 0001:0002AF48       DXProxy.GetRaw
 0003:0000177C       DXProxy.hk0
 0003:000017B0       DXProxy.HookBase
 0004:00105B20       DXProxy.IsDDraw1
 0001:0002BC80       DXProxy.IsDyna
 0004:001059F4       DXProxy.MyBackBuffer
 0001:0002B49C       DXProxy.MyDirectDrawCreate
 0001:0002AF58       DXProxy.MyPixelFormat
 0001:0002BC6C       DXProxy.PassThrough
 0004:001059E4       DXProxy.RenderLimX
 0004:001059E8       DXProxy.RenderLimY
 0004:00105A2C       DXProxy.scale
 0004:00105AF4       DXProxy.scale3D
 0004:00105ACC       DXProxy.scaleB
 0004:001059F8       DXProxy.ScaleBuffer
 0004:00105A54       DXProxy.scaleL
 0004:00105AA4       DXProxy.scaleR
 0001:0002B0A0       DXProxy.ScaleRect
 0004:00105B2C       DXProxy.ScaleRect_Rect
 0004:00105A7C       DXProxy.scaleT
 0004:00105B28       DXProxy.THookedObject.FCurVMT
 0001:0002BD9C       DXProxy.THookedObject.Hook
 0001:0002BDF8       DXProxy.THookedObject.Init
 0001:0002BE04       DXProxy.THookedObject.InitVMT
 0004:00105B24       DXProxy.THookedObject.VMTBlocks
 0001:0002CB74       DXProxy.TMyBackBufferD3D.Blt
 0001:0002D114       DXProxy.TMyBackBufferSW.Blt
 0001:0002D180       DXProxy.TMyBackBufferSW.Lock
 0001:0002D210       DXProxy.TMyBackBufferSW.Unlock
 0001:0002C740       DXProxy.TMyDevice.AddViewport
 0001:0002C798       DXProxy.TMyDevice.DeleteViewport
 0001:0002C814       DXProxy.TMyDevice.DrawPrimitive
 0001:0002C948       DXProxy.TMyDevice.GetCurrentViewport
 0001:0002C9AC       DXProxy.TMyDevice.Init
 0001:0002CA34       DXProxy.TMyDevice.NextViewport
 0001:0002CAD0       DXProxy.TMyDevice.SetCurrentViewport
 0001:0002BEC4       DXProxy.TMyDirectDraw.CreateDevice
 0001:0002BF80       DXProxy.TMyDirectDraw.CreateSurface
 0001:0002C020       DXProxy.TMyDirectDraw.CreateSurface
 0001:0002C348       DXProxy.TMyDirectDraw.CreateViewport
 0001:0002C3BC       DXProxy.TMyDirectDraw.Destroy
 0001:0002C414       DXProxy.TMyDirectDraw.GetCaps
 0001:0002C478       DXProxy.TMyDirectDraw.GetDisplayMode
 0001:0002C43C       DXProxy.TMyDirectDraw.GetDisplayMode
 0001:0002C4A4       DXProxy.TMyDirectDraw.Init
 0001:0002C5D4       DXProxy.TMyDirectDraw.MakeSurfaceTrueColor
 0001:0002C600       DXProxy.TMyDirectDraw.SetDisplayMode
 0001:0002CC40       DXProxy.TMyFrontBufferD3D.Blt
 0001:0002CCD4       DXProxy.TMyFrontBufferD3D.GetPixelFormat
 0001:0002CFEC       DXProxy.TMyFrontBufferSW.Blt
 0001:0002D0EC       DXProxy.TMyFrontBufferSW.GetPixelFormat
 0001:0002CF64       DXProxy.TMySurface.Init
 0001:0002CCFC       DXProxy.TMySurfaceSW.AddAttachedSurface
 0001:0002CD54       DXProxy.TMySurfaceSW.Blt
 0001:0002CDD0       DXProxy.TMySurfaceSW.BltFast
 0001:0002CE38       DXProxy.TMySurfaceSW.DeleteAttachedSurface
 0001:0002CE94       DXProxy.TMySurfaceSW.Flip
 0001:0002CEF0       DXProxy.TMySurfaceSW.Lock
 0001:0002C624       DXProxy.TMyViewport.Clear2
 0001:0002C670       DXProxy.TMyViewport.Init
 0001:0002C6F8       DXProxy.TMyViewport.SetViewport2
 0004:00105B44       DXProxy.VertexBuf
 0004:001059FC       DXProxy.Viewport
 0004:00105A00       DXProxy.Viewport_Def
 0004:000034C4       Graphics..12
 0001:000177D8       Graphics..EInvalidGraphic
 0001:00017834       Graphics..EInvalidGraphicOperation
 0001:00018294       Graphics..TBitmap
 0001:0001AC58       Graphics..TBitmapCanvas
 0001:00018234       Graphics..TBitmapImage
 0001:00017EA0       Graphics..TBrush
 0001:000183FC       Graphics..TBrushResourceManager
 0001:00017F64       Graphics..TCanvas
 0001:00017C00       Graphics..TFont
 0001:000180E8       Graphics..TGraphic
 0001:00017B2C       Graphics..TGraphicsObject
 0001:0001D5A4       Graphics..TPatternManager
 0001:00017DA0       Graphics..TPen
 0001:00018394       Graphics..TResourceManager
 0001:000181D4       Graphics..TSharedImage
 0003:00000EB0       Graphics.BitCounts
 0003:00000EA8       Graphics.BitmapCanvasList
 0004:000034DC       Graphics.BitmapImageLock
 0004:00003514       Graphics.BrushManager
 0001:0001A140       Graphics.BytesPerScanline
 0001:0001A4A4       Graphics.ByteSwapColors
 0004:00003518       Graphics.CanvasList
 0001:00018DEC       Graphics.CharsetToIdent
 0003:00000EA0       Graphics.ClipboardFormats
 0003:00000C1C       Graphics.Colors
 0001:00018BE4       Graphics.ColorToIdent
 0001:00018BD4       Graphics.ColorToRGB
 0001:0001B1E4       Graphics.CopyBitmap
 0001:0001B8AC       Graphics.CopyBitmapAsMask
 0001:0001B848       Graphics.CopyPalette
 0004:000034F4       Graphics.CounterLock
 0001:0001A4F8       Graphics.CreateSystemPalette
 0003:00000C18       Graphics.DDBsOnly
 0003:00000E70       Graphics.DefBrushData
 0003:00000BE8       Graphics.DefFontData
 0003:00000E4C       Graphics.DefPenData
 0001:0001ADA0       Graphics.DeselectBitmap
 0003:00000EAC       Graphics.DIBPalSizes
 0001:0001A93C       Graphics.DoWrite
 0003:00000EA4       Graphics.FileFormats
 0001:0001D6FC       Graphics.Finalization
 0001:0001B198       Graphics.FixupBitFields
 0003:00000DBC       Graphics.FontCharsets
 0004:0000350C       Graphics.FontManager
 0001:0001ACF4       Graphics.FreeMemoryContexts
 0001:0001A110       Graphics.GDICheck
 0001:0001A068       Graphics.GDIError
 0001:0001D3E0       Graphics.GetDefFontCharSet
 0001:0001A120       Graphics.GetDInColors
 0001:00018468       Graphics.GetHashCode
 0002:00000364       Graphics.Graphics
 0001:00018DFC       Graphics.IdentToCharset
 0001:00018BF4       Graphics.IdentToColor
 0001:0001D424       Graphics.InitDefFontData
 0001:0001A7A0       Graphics.InitializeBitmapInfoHeader
 0001:0001D3A8       Graphics.InitScreenLogPixels
 0001:00018380       Graphics.InternalDeletePalette
 0001:0001A884       Graphics.InternalGetDIBSizes
 0001:0001A008       Graphics.InvalidBitmap
 0001:00019FF0       Graphics.InvalidGraphic
 0001:00019FD8       Graphics.InvalidOperation
 0001:00018FF4       Graphics.IsDefaultFont
 0001:0001A014       Graphics.OutOfResources
 0003:00000EBC       Graphics.Pal16
 0001:0001A6A8       Graphics.PaletteFromDIBColorTable
 0001:0001A74C       Graphics.PaletteToDIBColorTable
 0003:00000EB8       Graphics.PalSize
 0004:0000351C       Graphics.PatternManager
 0004:00003510       Graphics.PenManager
 0003:00000E80       Graphics.PenModes
 0003:00000E5C       Graphics.PenStyles
 0001:0001A428       Graphics.RGBQuadToTriple
 0001:0001A3EC       Graphics.RGBTripleToQuad
 0004:000034C8       Graphics.ScreenLogPixels
 0004:000034D0       Graphics.StockBrush
 0004:000034D4       Graphics.StockFont
 0004:000034D8       Graphics.StockIcon
 0004:000034CC       Graphics.StockPen
 0004:000034C0       Graphics.SystemPalette16
 0001:0001A610       Graphics.SystemPaletteOverride
 0001:0001BB5C       Graphics.TBitmap.Assign
 0001:0001BD3C       Graphics.TBitmap.Changed
 0001:0001BD18       Graphics.TBitmap.Changing
 0001:0001BC58       Graphics.TBitmap.CopyImage
 0001:0001BAB8       Graphics.TBitmap.Create
 0001:0001BB20       Graphics.TBitmap.Destroy
 0001:0001C240       Graphics.TBitmap.DIBNeeded
 0001:0001BD48       Graphics.TBitmap.Draw
 0001:0001C2B4       Graphics.TBitmap.FreeContext
 0001:0001BF98       Graphics.TBitmap.FreeImage
 0001:0001C018       Graphics.TBitmap.GetCanvas
 0001:0001BFFC       Graphics.TBitmap.GetEmpty
 0001:0001C060       Graphics.TBitmap.GetHandle
 0001:0001C084       Graphics.TBitmap.GetHandleType
 0001:0001C0B0       Graphics.TBitmap.GetHeight
 0001:0001C0C0       Graphics.TBitmap.GetMaskHandle
 0001:0001C0D4       Graphics.TBitmap.GetMonochrome
 0001:0001C0F0       Graphics.TBitmap.GetPalette
 0001:0001C104       Graphics.TBitmap.GetPixelFormat
 0001:0001C188       Graphics.TBitmap.GetScanline
 0001:0001C1F0       Graphics.TBitmap.GetTransparentColor
 0001:0001C238       Graphics.TBitmap.GetWidth
 0001:0001C2C4       Graphics.TBitmap.HandleNeeded
 0001:0001C47C       Graphics.TBitmap.LoadFromClipboardFormat
 0001:0001C500       Graphics.TBitmap.LoadFromStream
 0001:0001C364       Graphics.TBitmap.MaskHandleNeeded
 0001:0001C524       Graphics.TBitmap.NewImage
 0001:0001C3C4       Graphics.TBitmap.PaletteNeeded
 0001:0001C624       Graphics.TBitmap.ReadData
 0001:0001C64C       Graphics.TBitmap.ReadDIB
 0001:0001CBBC       Graphics.TBitmap.ReadStream
 0001:0001D2A4       Graphics.TBitmap.SaveToClipboardFormat
 0001:0001D29C       Graphics.TBitmap.SaveToStream
 0001:0001CC2C       Graphics.TBitmap.SetHandleType
 0001:0001CD68       Graphics.TBitmap.SetHeight
 0001:0001CD84       Graphics.TBitmap.SetPalette
 0001:0001CE58       Graphics.TBitmap.SetPixelFormat
 0001:0001D344       Graphics.TBitmap.SetSize
 0001:0001CFC0       Graphics.TBitmap.SetWidth
 0001:0001CFDC       Graphics.TBitmap.WriteData
 0001:0001CFE4       Graphics.TBitmap.WriteStream
 0001:0001AE1C       Graphics.TBitmapCanvas.Create
 0001:0001AF24       Graphics.TBitmapCanvas.CreateHandle
 0001:0001AE58       Graphics.TBitmapCanvas.Destroy
 0001:0001AE84       Graphics.TBitmapCanvas.FreeContext
 0001:0001B034       Graphics.TBitmapImage.Destroy
 0001:0001B090       Graphics.TBitmapImage.FreeHandle
 0001:00019738       Graphics.TBrush.Assign
 0001:000196D0       Graphics.TBrush.Create
 0001:00019710       Graphics.TBrush.Destroy
 0001:0001984C       Graphics.TBrush.GetColor
 0001:000197E0       Graphics.TBrush.GetData
 0001:00019888       Graphics.TBrush.GetHandle
 0001:00019968       Graphics.TBrush.GetStyle
 0001:00019854       Graphics.TBrush.SetColor
 0001:000197FC       Graphics.TBrush.SetData
 0001:00019970       Graphics.TBrush.SetStyle
 0001:00018784       Graphics.TBrushResourceManager.FreeObjects
 0001:00019FB8       Graphics.TCanvas.BrushChanged
 0001:00019E8C       Graphics.TCanvas.Changed
 0001:00019E78       Graphics.TCanvas.Changing
 0001:00019AC4       Graphics.TCanvas.CopyRect
 0001:000199A4       Graphics.TCanvas.Create
 0001:00019EFC       Graphics.TCanvas.CreateBrush
 0001:00019EA0       Graphics.TCanvas.CreateFont
 0001:00019DA8       Graphics.TCanvas.CreateHandle
 0001:00019ECC       Graphics.TCanvas.CreatePen
 0001:00019D48       Graphics.TCanvas.DeselectHandles
 0001:00019A68       Graphics.TCanvas.Destroy
 0001:00019B4C       Graphics.TCanvas.FillRect
 0001:00019F78       Graphics.TCanvas.FontChanged
 0001:00019CFC       Graphics.TCanvas.GetClipRect
 0001:00019D24       Graphics.TCanvas.GetHandle
 0001:00019C88       Graphics.TCanvas.GetPenPos
 0001:00019CD0       Graphics.TCanvas.GetPixel
 0001:00019B88       Graphics.TCanvas.Lock
 0001:00019BB0       Graphics.TCanvas.MoveTo
 0001:00019F98       Graphics.TCanvas.PenChanged
 0001:00019E00       Graphics.TCanvas.RequiredState
 0001:00019C7C       Graphics.TCanvas.SetBrush
 0001:00019C60       Graphics.TCanvas.SetFont
 0001:00019DAC       Graphics.TCanvas.SetHandle
 0001:00019C70       Graphics.TCanvas.SetPen
 0001:00019CB0       Graphics.TCanvas.SetPenPos
 0001:00019BDC       Graphics.TCanvas.TryLock
 0001:00019C38       Graphics.TCanvas.Unlock
 0001:00018EA4       Graphics.TFont.Assign
 0001:00018E88       Graphics.TFont.Changed
 0001:00018E0C       Graphics.TFont.Create
 0001:00018E60       Graphics.TFont.Destroy
 0001:000193A4       Graphics.TFont.GetCharset
 0001:00018F78       Graphics.TFont.GetData
 0001:00019020       Graphics.TFont.GetHandle
 0001:0001925C       Graphics.TFont.GetHeight
 0001:0001928C       Graphics.TFont.GetName
 0001:000193D4       Graphics.TFont.GetOrientation
 0001:00019374       Graphics.TFont.GetPitch
 0001:00019300       Graphics.TFont.GetSize
 0001:0001933C       Graphics.TFont.GetStyle
 0001:000193AC       Graphics.TFont.SetCharset
 0001:00018FE0       Graphics.TFont.SetColor
 0001:00018F90       Graphics.TFont.SetData
 0001:00019264       Graphics.TFont.SetHeight
 0001:000192A4       Graphics.TFont.SetName
 0001:000193DC       Graphics.TFont.SetOrientation
 0001:0001937C       Graphics.TFont.SetPitch
 0001:0001931C       Graphics.TFont.SetSize
 0001:00019348       Graphics.TFont.SetStyle
 0001:0001A924       Graphics.TGraphic.Changed
 0001:0001A8EC       Graphics.TGraphic.Create
 0001:0001A994       Graphics.TGraphic.DefineProperties
 0001:0001A9E0       Graphics.TGraphic.Equals
 0001:0001AB2C       Graphics.TGraphic.GetPalette
 0001:0001AB30       Graphics.TGraphic.GetTransparent
 0001:0001AB38       Graphics.TGraphic.LoadFromFile
 0001:0001AB8C       Graphics.TGraphic.Progress
 0001:0001ABB8       Graphics.TGraphic.ReadData
 0001:0001ABC4       Graphics.TGraphic.SaveToFile
 0001:0001AC1C       Graphics.TGraphic.SetPalette
 0001:0001AC20       Graphics.TGraphic.SetSize
 0001:0001AC3C       Graphics.TGraphic.SetTransparent
 0001:0001AC4C       Graphics.TGraphic.WriteData
 0001:00018C04       Graphics.TGraphicsObject.Changed
 0001:00018C18       Graphics.TGraphicsObject.Lock
 0001:00018C28       Graphics.TGraphicsObject.Unlock
 0001:0001D600       Graphics.TPatternManager.Create
 0001:0001D638       Graphics.TPatternManager.Destroy
 0001:0001D67C       Graphics.TPatternManager.FreePatterns
 0001:0001D664       Graphics.TPatternManager.Lock
 0001:0001D670       Graphics.TPatternManager.Unlock
 0001:00019470       Graphics.TPen.Assign
 0001:00019404       Graphics.TPen.Create
 0001:00019448       Graphics.TPen.Destroy
 0001:00019590       Graphics.TPen.GetColor
 0001:00019528       Graphics.TPen.GetData
 0001:000195C0       Graphics.TPen.GetHandle
 0001:0001966C       Graphics.TPen.GetStyle
 0001:0001969C       Graphics.TPen.GetWidth
 0001:00019598       Graphics.TPen.SetColor
 0001:00019540       Graphics.TPen.SetData
 0001:00019658       Graphics.TPen.SetMode
 0001:00019674       Graphics.TPen.SetStyle
 0001:000196A4       Graphics.TPen.SetWidth
 0001:0001A160       Graphics.TransparentStretchBlt
 0001:000184F4       Graphics.TResourceManager.AllocResource
 0001:00018718       Graphics.TResourceManager.AssignResource
 0001:0001869C       Graphics.TResourceManager.ChangeResource
 0001:0001847C       Graphics.TResourceManager.Create
 0001:000184B8       Graphics.TResourceManager.Destroy
 0001:00018714       Graphics.TResourceManager.FreeObjects
 0001:000185D8       Graphics.TResourceManager.FreeResource
 0001:000184DC       Graphics.TResourceManager.Lock
 0001:000184E8       Graphics.TResourceManager.Unlock
 0001:0001B010       Graphics.TSharedImage.Reference
 0001:0001B014       Graphics.TSharedImage.Release
 0001:0001B0DC       Graphics.UpdateDIBColorTable
 0004:00003520       GraphUtil..2
 0005:0000002C       GraphUtil.CachedColorAdjustLuma
 0005:00000024       GraphUtil.CachedColorValue
 0005:00000014       GraphUtil.CachedHighlight
 0005:00000010       GraphUtil.CachedHighlightColor
 0005:0000000C       GraphUtil.CachedHighlightLum
 0005:00000028       GraphUtil.CachedLumValue
 0005:00000020       GraphUtil.CachedShadow
 0005:0000001C       GraphUtil.CachedShadowColor
 0005:00000018       GraphUtil.CachedShadowLum
 0001:0001E4E4       GraphUtil.Finalization
 0002:00000460       GraphUtil.GraphUtil
 0003:00000EFC       GraphUtil.WebNamedColors
 0004:00105CF8       Hooks..1
 0001:00032580       Hooks.ActivateHook
 0003:00003DA4       Hooks.Add
 0001:000336EC       Hooks.AddLodRecord
 0001:0003294C       Hooks.AppendDebugLog
 0001:0003503C       Hooks.ApplyDeferredHooks
 0001:00032550       Hooks.AttackDescriptionHook
 0001:0003241C       Hooks.AttackDescriptionProc
 0001:00033584       Hooks.AutoColor16Hook
 0001:000334AC       Hooks.AutoColor16Proc
 0001:00033590       Hooks.AutorunHook
 0003:00003DA0       Hooks.bpp
 0003:00003D00       Hooks.CalcExp
 0001:0003482C       Hooks.CanSellItemHook
 0001:00034850       Hooks.CanSellItemHook2
 0001:00032C68       Hooks.ChangeTrackHook
 0003:00003DE0       Hooks.Character_DoBadThing
 0001:00032408       Hooks.CheckNextMemberHook
 0001:000347A4       Hooks.CheckWeaponNPCs
 0004:00105D14       Hooks.ChooseSaveSlotBackup
 0001:00031E70       Hooks.ChooseSaveSlotHook
 0001:00031E64       Hooks.ChooseSaveSlotProc
 0004:0010A578       Hooks.CurRemainder
 0004:00111B28       Hooks.CursorTarget
 0004:00105D54       Hooks.CustomLods
 0001:000328E8       Hooks.DaggerTrippleHook
 0001:000325C4       Hooks.DeactivateHook
 0001:00034ADC       Hooks.DeathMovieHook
 0001:00034A6C       Hooks.DeathMovieProc
 0001:00033400       Hooks.DefaultSmoothTurnHook
 0001:00033800       Hooks.DoLoadCustomLod
 0001:000343B4       Hooks.DontWasteBlackPotion
 0001:00032E44       Hooks.DoorStateSwitchHook
 0001:00032804       Hooks.DoubleSpeedHook
 0001:00034904       Hooks.DrawMovieHook
 0001:00032D24       Hooks.DrawPartyScreenHook
 0004:00105D3C       Hooks.DrawPartyScreenStd
 0001:00032C24       Hooks.ErrorHook1
 0001:00032C44       Hooks.ErrorHook2
 0004:00105D34       Hooks.ErrorHook2Std
 0001:00032AE8       Hooks.ErrorProc
 0001:0003486C       Hooks.ExitCrashHook
 0001:00032DFC       Hooks.FacetCheckHook
 0001:00032E0C       Hooks.FacetCheckHook2
 0001:00032E1C       Hooks.FacetCheckHook3
 0001:00031D3C       Hooks.FillSaveSlotsAfter
 0001:00031CD8       Hooks.FillSaveSlotsBefore
 0001:00031E4C       Hooks.FillSaveSlotsHook
 0004:00105D10       Hooks.FillSaveSlotsStd
 0001:00035180       Hooks.Finalization
 0001:000327A0       Hooks.FindActiveMember
 0001:00033724       Hooks.FindInLod
 0001:0003371C       Hooks.FindInLodAndSeek
 0001:000337E4       Hooks.FindInLodAndSeekHook
 0001:000337EC       Hooks.FindInLodHook
 0001:00033738       Hooks.FindInLodProc
 0001:00032C84       Hooks.FixBlasterSpeed
 0001:00033394       Hooks.FixBonusDamageHook12
 0001:00033374       Hooks.FixBonusDamageHook20
 0001:0003337C       Hooks.FixBonusDamageHook30
 0001:00033384       Hooks.FixBonusDamageHook5
 0001:0003338C       Hooks.FixBonusDamageHook8
 0001:000333B4       Hooks.FixBonusDamageHookA
 0001:000333C0       Hooks.FixBonusDamageHookBow20
 0001:000333DC       Hooks.FixBonusDamageHookBowEDI
 0001:0003339C       Hooks.FixBonusDamageHookC
 0001:000333A8       Hooks.FixBonusDamageHookD
 0001:000333D0       Hooks.FixBonusDamageHookEDI
 0001:00033318       Hooks.FixBonusDamageProc
 0001:0003473C       Hooks.FixBuyNoMember
 0001:00034D10       Hooks.FixCharm
 0001:000330C8       Hooks.FixConditionSpells
 0001:00034750       Hooks.FixDragonTargeting
 0001:00033690       Hooks.FixFingerDeathBug
 0004:00105D50       Hooks.FixFingerDeathBugStd
 0001:000346F8       Hooks.FixMovementNerf
 0001:00034CC8       Hooks.FixParalyzeHook
 0001:00032E6C       Hooks.FixPrismaticBug
 0004:00105D44       Hooks.FixPrismaticBugStd
 0001:0003438C       Hooks.FixScholarExp
 0001:000343E0       Hooks.FixSmallScaleSprites
 0001:00034C8C       Hooks.FixSpellsCost
 0001:00033200       Hooks.FixStatColor
 0001:00034298       Hooks.FixStrafe1
 0001:000342B8       Hooks.FixStrafe2
 0001:000342EC       Hooks.FixStrafeMonster1
 0001:00034314       Hooks.FixStrafeMonster2
 0001:0003433C       Hooks.FixStrafeObject1
 0001:00034364       Hooks.FixStrafeObject2
 0001:000342CC       Hooks.FixStrafePlayer
 0001:00034594       Hooks.FixTimerRetriggerHook
 0001:000345F0       Hooks.FixTimerSetupHook1
 0001:00034610       Hooks.FixTimerSetupHook2
 0001:00034534       Hooks.FixTimerValidate
 0001:0003341C       Hooks.FixWaitHook
 0001:000347FC       Hooks.FixWeaponDelayBonusByNPC
 0001:00033974       Hooks.FreeCustomLod
 0001:00032E60       Hooks.FreeSoundsHook
 0001:00031A18       Hooks.GetAsyncKeyStateHook
 0001:000339E8       Hooks.GetCustomLodsList
 0001:000339F0       Hooks.GetLodRecords
 0001:00034A4C       Hooks.GetRestoredRect
 0001:000343F4       Hooks.GetTimerKind
 0001:00032DE4       Hooks.GlobalTxtHook
 0001:0003340C       Hooks.HiveSaveHook
 0001:00034E64       Hooks.HookAll
 0002:0000058C       Hooks.Hooks
 0003:00003DE4       Hooks.HooksList
 0001:000323D8       Hooks.InactiveMemberEventsHook
 0001:0003238C       Hooks.InactiveMemberEventsProc
 0001:000328B4       Hooks.IncreaseRecoveryRateHook
 0001:00032880       Hooks.IncreaseRecoveryRateProc
 0001:000328C8       Hooks.IncreaseRecoveryRateTBHook
 0001:000348B0       Hooks.InstantMouseItemHook
 0001:00032DF4       Hooks.IntroStrHook
 0001:00032D18       Hooks.IsMonsterTargetHook
 0001:00032CC8       Hooks.IsMonsterTargetHookProc
 0004:00105D38       Hooks.IsMonsterTargetHookStd
 0001:00031BD4       Hooks.KeysHook
 0001:00031A78       Hooks.KeysProc
 0004:00105D04       Hooks.LastMusicStatus
 0004:00105D40       Hooks.LastPartyScreenDraw
 0004:00105D30       Hooks.LastUnhandledExceptionFilter
 0001:00033628       Hooks.LloydAutosaveFix
 0001:0003395C       Hooks.LoadCustomLod
 0001:000339F8       Hooks.LoadCustomLods
 0001:00033AF8       Hooks.LoadLodsHook
 0004:0010A55C       Hooks.LoadLodsOld
 0003:00003DB4       Hooks.LodClean
 0001:00032744       Hooks.LodFileEvtOrStr
 0001:0003270C       Hooks.LodFilesHook
 0001:000325F0       Hooks.LodFilesProc
 0001:00032738       Hooks.LodFileStoreSize
 0003:00003DAC       Hooks.LodLoad
 0003:00003DB0       Hooks.LodLoadChapter
 0004:00105D58       Hooks.LodRecords
 0001:00032DBC       Hooks.MemoryFreeHook
 0001:00032DA4       Hooks.MemoryFreeProc
 0001:00032DAC       Hooks.MemoryInitHook
 0001:00032DCC       Hooks.MemoryNewHook
 0001:00032D7C       Hooks.MemoryNewProc
 0001:00034AF0       Hooks.MinimapZoomHook
 0003:00003DA8       Hooks.MonsterExperience
 0004:0010A590       Hooks.MonsterStrafe
 0003:00003DDC       Hooks.Monster_ChooseTargetMember
 0001:00033080       Hooks.MouseLookFlyHook1
 0001:000330A4       Hooks.MouseLookFlyHook2
 0001:00032E98       Hooks.MouseLookFlyProc
 0003:00003DD0       Hooks.movs
 0004:00105D08       Hooks.MusicLoopsLeft
 0001:00034B58       Hooks.MyLoadCursor
 0004:00105D2C       Hooks.MyRaiseExceptionProc
 0001:00034704       Hooks.NoMonsterJumpDown1
 0001:00034728       Hooks.NoMonsterJumpDown2
 0004:00111AC8       Hooks.NoMonsterJumpDownLim
 0001:00032E30       Hooks.NoVertexFacetHook
 0004:0010CCA0       Hooks.ObjectStrafe
 0004:00111B24       Hooks.oldDeathMovie
 0004:00111AC0       Hooks.OldStart
 0001:00033F48       Hooks.OpenBikSmkHook
 0001:0003183C       Hooks.OpenCharScreen
 0001:00033C90       Hooks.OpenCustomVids
 0001:00033F98       Hooks.OpenSnd
 0001:00034238       Hooks.OpenSndHook
 0001:00034244       Hooks.OpenSndHook2
 0001:00034028       Hooks.OpenSndsHook
 0001:00033C08       Hooks.OpenVid
 0001:00033E80       Hooks.OpenVidsHook
 0001:00033D74       Hooks.OpenVidsProc
 0001:00033290       Hooks.PicToDmg
 0001:0003462C       Hooks.PlaceItemsVerticallyHook
 0004:0010A57C       Hooks.PlayerStrafe
 0001:00034D08       Hooks.PopActionAfter
 0001:00034C34       Hooks.PostponeIntroHook
 0003:00003CF4       Hooks.ProcessChar
 0001:0003189C       Hooks.QuickLoad
 0001:0003228C       Hooks.QuickSaveDrawHook
 0001:000322A4       Hooks.QuickSaveDrawHook2
 0001:00032228       Hooks.QuickSaveDrawProc
 0001:00031FF4       Hooks.QuicksaveHook
 0001:00032214       Hooks.QuickSaveNamesHook
 0001:0003215C       Hooks.QuickSaveNamesProc
 0004:00105D1C       Hooks.QuickSaveNamesTmp
 0001:00031E88       Hooks.QuicksaveProc
 0001:0003213C       Hooks.QuickSaveSlotHook
 0001:00032148       Hooks.QuickSaveSlotHook2
 0001:00032014       Hooks.QuickSaveSlotProc
 0004:00105CFC       Hooks.QuickSaveUndone
 0003:00003CFC       Hooks.QuiksaveStr
 0001:00034D50       Hooks.ReadDisables
 0001:000327F4       Hooks.ReputationHook
 0004:00105D24       Hooks.ReputationHookStd
 0001:0003480C       Hooks.RightThenLeftMouseHook
 0001:00031A68       Hooks.RunWalkHook
 0001:00031A38       Hooks.RunWalkProc
 0004:00105D18       Hooks.SaveBackup
 0001:00031E7C       Hooks.SaveHook
 0004:00105D0C       Hooks.SaveName
 0001:000322B8       Hooks.SaveSetPauseHook
 0004:00105D20       Hooks.SaveSetPauseStd
 0003:00003CF8       Hooks.SaveSpecial
 0004:00111AF4       Hooks.Scale320
 0004:00111ACC       Hooks.Scale640
 0001:00034880       Hooks.ScreenToClientHook
 0001:00032788       Hooks.ScrollReappearHook
 0001:00032750       Hooks.ScrollReappearProc
 0001:000327B8       Hooks.ScrollTestMember
 0001:00034190       Hooks.SelectSndFile
 0001:00033E94       Hooks.SelectVidFile
 0001:00032568       Hooks.ShootDescriptionHook
 0004:00105CFD       Hooks.SkipMouseLook
 0001:00032928       Hooks.SmackColorRemapHook
 0001:00032920       Hooks.SmackColorRemapWithTrans
 0001:000349A0       Hooks.SmackDrawHook1
 0001:000349FC       Hooks.SmackDrawHook2
 0001:00034984       Hooks.SmackDrawProc1
 0001:000349B8       Hooks.SmackDrawProc2
 0001:00034A24       Hooks.SmackLoadHook
 0001:000328FC       Hooks.SmackVolumeHook
 0001:000328F4       Hooks.SmackVolumePan
 0004:00111B1C       Hooks.SmkBmp
 0004:00111B20       Hooks.SmkScanline
 0004:0010A570       Hooks.SndFiles
 0004:0010A574       Hooks.SndHandles
 0004:0010A56C       Hooks.SndList
 0003:00003D04       Hooks.Sprintf1
 0003:00003D08       Hooks.Sprintf2
 0001:000343A4       Hooks.StartHook
 0001:000331F4       Hooks.StatColorFixHook
 0003:00003DCC       Hooks.std
 0001:00032C9C       Hooks.StereoHook
 0001:00034288       Hooks.StrafeOrWalkHook
 0001:00034250       Hooks.StrafeOrWalkProc
 0003:00003D10       Hooks.Targets
 0003:00003D50       Hooks.Targets
 0003:00003DB8       Hooks.TimerPeriods
 0001:00034410       Hooks.TimerSetTriggerTime
 0001:00033664       Hooks.TPAutosaveFix
 0004:00111AC4       Hooks.TPDelay
 0001:0003463C       Hooks.TPDelayHook1
 0001:000346A0       Hooks.TPDelayHook2
 0001:00034654       Hooks.TPDelayProc2
 0001:000333E4       Hooks.TPFixHook
 0004:00105D48       Hooks.TPFixStd
 0001:00032380       Hooks.TrainLevelHook
 0001:000322F4       Hooks.TrainLevelProc
 0004:00105D4C       Hooks.TravelGold
 0001:00033470       Hooks.TravelGoldFixHook1
 0001:00033480       Hooks.TravelGoldFixHook2
 0001:00033494       Hooks.TravelWalkTriggerFixHook
 0001:0003285C       Hooks.TurnSpeedHook
 0004:00105D28       Hooks.TurnSpeedStd
 0001:00032A34       Hooks.UnhandledException
 0001:00034510       Hooks.UpdatePeriodicTimer
 0004:0010A564       Hooks.VidFiles
 0004:0010A568       Hooks.VidHandles
 0004:0010A560       Hooks.VidList
 0001:00031CB0       Hooks.WindowProcCharHook
 0001:00031C70       Hooks.WindowProcKeyHook
 0001:00031BE0       Hooks.WindowProcKeyProc
 0003:00003D0C       Hooks._ClearLevel
 0004:00105D00       Hooks._sprintfex
 0003:00003DC8       Hooks.__ftol
 0004:000033A4       IniFiles..8
 0001:000151CC       IniFiles..EIniFileException
 0001:0001522C       IniFiles..TCustomIniFile
 0001:000152FC       IniFiles..TIniFile
 0001:000162F0       IniFiles.Finalization
 0002:00000314       IniFiles.IniFiles
 0001:000153B4       IniFiles.TCustomIniFile.Create
 0001:00015A60       IniFiles.TCustomIniFile.ReadBinaryStream
 0001:0001551C       IniFiles.TCustomIniFile.ReadBool
 0001:00015548       IniFiles.TCustomIniFile.ReadDate
 0001:00015600       IniFiles.TCustomIniFile.ReadDateTime
 0001:000156B8       IniFiles.TCustomIniFile.ReadFloat
 0001:000153F0       IniFiles.TCustomIniFile.ReadInteger
 0001:00015D50       IniFiles.TCustomIniFile.ReadSections
 0001:00015770       IniFiles.TCustomIniFile.ReadTime
 0001:000159F0       IniFiles.TCustomIniFile.ValueExists
 0001:00015BDC       IniFiles.TCustomIniFile.WriteBinaryStream
 0001:000159D4       IniFiles.TCustomIniFile.WriteBool
 0001:00015828       IniFiles.TCustomIniFile.WriteDate
 0001:00015890       IniFiles.TCustomIniFile.WriteDateTime
 0001:000158F0       IniFiles.TCustomIniFile.WriteFloat
 0001:000154C0       IniFiles.TCustomIniFile.WriteInteger
 0001:00015954       IniFiles.TCustomIniFile.WriteTime
 0001:000162A4       IniFiles.TIniFile.DeleteKey
 0001:00015E04       IniFiles.TIniFile.Destroy
 0001:00016250       IniFiles.TIniFile.EraseSection
 0001:00015FFC       IniFiles.TIniFile.ReadSection
 0001:00015EFC       IniFiles.TIniFile.ReadSections
 0001:00016104       IniFiles.TIniFile.ReadSectionValues
 0001:00015E30       IniFiles.TIniFile.ReadString
 0001:000162D4       IniFiles.TIniFile.UpdateFile
 0001:00015E90       IniFiles.TIniFile.WriteString
 0003:00000B28       IniFiles.Values
 0001:00013F7C       Math.EnsureRange
 0001:00013F70       Math.IfThen
 0001:00013F5C       Math.SinCos
 0001:00035264       MM6patch.Finalization
 0002:0000064C       MM6patch.MM6patch
 0004:0000392C       MMCommon..1
 0001:00024688       MMCommon.AddAction
 0004:00003550       MMCommon.AddDescriptions
 0001:0001FBC4       MMCommon.AddInfo
 0001:00024AC8       MMCommon.AddIniInfo
 0001:0001F994       MMCommon.AddIniInfos
 0001:0001FB38       MMCommon.AddIniSectSpace
 0004:00003711       MMCommon.AlwaysRun
 0004:000036E0       MMCommon.AlwaysStrafe
 0001:00023CA4       MMCommon.ApplyBytePatches
 0004:000036F1       MMCommon.Autorun
 0004:00003930       MMCommon.BaseClientRect
 0004:000036E6       MMCommon.BorderlessFullscreen
 0004:000036E7       MMCommon.BorderlessProportional
 0004:000036FF       MMCommon.BorderlessTopmost
 0004:000036DC       MMCommon.CapsLockToggleRun
 0001:0002451C       MMCommon.CheckHook
 0001:000245B4       MMCommon.CheckHooks
 0004:000036F0       MMCommon.ClickThroughEffects
 0001:000245D4       MMCommon.ClipCursorRel
 0004:000036F7       MMCommon.DeadPlayerShowItemInfo
 0001:0001FF84       MMCommon.DeleteKey
 0001:0001F7EC       MMCommon.DelIniInfo
 0004:00003708       MMCommon.DisabledHooks
 0001:0001F79C       MMCommon.DisableHook
 0004:0000354C       MMCommon.dist_mist
 0001:0001F89C       MMCommon.DoAddIniInfo
 0001:00024890       MMCommon.DoLoadSound
 0001:00024884       MMCommon.DoPlaySound
 0001:0001FBF4       MMCommon.DoReadString
 0004:00003700       MMCommon.DoubleSpeed
 0001:00024764       MMCommon.Draw8t
 0001:000247F0       MMCommon.ExitScreen
 0004:000036FC       MMCommon.ExitTalkingWithRightButton
 0001:00024C8C       MMCommon.Finalization
 0004:000036ED       MMCommon.FixChestsByCompacting
 0004:000036EE       MMCommon.FixConditionPriorities
 0004:000036F6       MMCommon.FixDeadPlayerIdentifyItem
 0004:000036F4       MMCommon.FixHitDistantMonstersIndoor
 0004:000036FB       MMCommon.FixHouseAnimationRestart
 0004:000036E5       MMCommon.FixInactivePlayersActing
 0004:000036E4       MMCommon.FixInfiniteScrolls
 0004:00003713       MMCommon.FixStarburst
 0004:00003712       MMCommon.FixWalk
 0001:0001F93C       MMCommon.FmtInfo
 0004:00003574       MMCommon.FormatSettingsEN
 0004:000036DE       MMCommon.FreeTabInInventory
 0004:0000370C       MMCommon.GameSavedText
 0001:00024814       MMCommon.GetCurrentPlayer
 0001:00024928       MMCommon.GetMapExtra
 0001:00024664       MMCommon.GetMouseTarget
 0001:000239BC       MMCommon.GetOptions
 0004:000036F5       MMCommon.GreenItemsWhileRightClick
 0001:0001FF10       MMCommon.HasKey
 0004:00003548       MMCommon.HintStayTime
 0004:00003948       MMCommon.InfoDel
 0004:00003944       MMCommon.InfoList
 0004:00003940       MMCommon.InfoSect
 0001:0002482C       MMCommon.IsMonAlive
 0001:000239C4       MMCommon.LoadExeMods
 0001:000247CC       MMCommon.LoadIcon
 0001:0001FFB0       MMCommon.LoadIni
 0004:00003928       MMCommon.LoadSound
 0004:00003718       MMCommon.MappedKeys
 0004:00003818       MMCommon.MappedKeysBack
 0004:000036E3       MMCommon.MLookRaw
 0004:0000367C       MMCommon.MLookRawMul
 0003:000014B8       MMCommon.MLookRightPressed
 0004:00003554       MMCommon.MLookSpeed
 0004:0000355C       MMCommon.MLookSpeed2
 0002:000004E0       MMCommon.MMCommon
 0004:000036E2       MMCommon.MouseLookChanged
 0004:000036FE       MMCommon.MouseLookChanged2
 0004:000036E8       MMCommon.MouseLookCursorHD
 0004:00003564       MMCommon.MouseLookRememberTime
 0004:000036FA       MMCommon.NeedFreeSpaceCheck
 0001:00024724       MMCommon.NeedScreenWH
 0004:000036DD       MMCommon.NoDeathMovie
 0004:000036FD       MMCommon.NoIntoLogos
 0004:00003715       MMCommon.NoPlayerSwap
 0003:0000134C       MMCommon.Options
 0004:000036EC       MMCommon.PlaceChestItemsVertically
 0004:00003714       MMCommon.PlaceItemsVertically
 0004:0000368C       MMCommon.PlayerNotActive
 0004:00003924       MMCommon.PlaySound
 0001:00024644       MMCommon.PtInView
 0004:0000369C       MMCommon.QuickSaveDigitSpace
 0004:00003528       MMCommon.QuickSaveKey
 0004:00003698       MMCommon.QuickSaveName
 0004:00003524       MMCommon.QuickSavesCount
 0001:0001FDA8       MMCommon.ReadBool
 0001:00023B9C       MMCommon.ReadBStr
 0001:0001F674       MMCommon.ReadDisabledHooks
 0001:0001FDD4       MMCommon.ReadFloat
 0001:0001FCF0       MMCommon.ReadInteger
 0001:0001FCC8       MMCommon.ReadLocString
 0001:0001FC90       MMCommon.ReadString
 0004:00003688       MMCommon.RecoveryTimeInfo
 0004:00003540       MMCommon.RenderMaxHeight
 0004:0000353C       MMCommon.RenderMaxWidth
 0004:000036DF       MMCommon.ReputationNumber
 0004:000036A0       MMCommon.SArmorHalved
 0004:000036A4       MMCommon.SArmorHalvedMessage
 0001:00024940       MMCommon.SaveBufferToBitmap
 0004:00003664       MMCommon.ScalingParam1
 0004:00003670       MMCommon.ScalingParam2
 0004:000036C4       MMCommon.SChooseASpell
 0004:00003690       MMCommon.SDoubleSpeed
 0004:000036A8       MMCommon.SDuration
 0004:000036B4       MMCommon.SDurationDy
 0004:000036B8       MMCommon.SDurationHr
 0004:000036BC       MMCommon.SDurationMn
 0004:000036B0       MMCommon.SDurationMo
 0004:000036AC       MMCommon.SDurationYr
 0004:000036D8       MMCommon.SEnergy
 0004:00003920       MMCommon.SetSpellBuff
 0004:0000391C       MMCommon.SH
 0004:00003704       MMCommon.ShooterButtons
 0004:00003568       MMCommon.ShooterDelay
 0004:000036F2       MMCommon.ShowHintWithRMB
 0001:000246BC       MMCommon.ShowStatusText
 0004:000036E9       MMCommon.SmoothScaleViewSW
 0004:00003694       MMCommon.SNormalSpeed
 0004:000036D4       MMCommon.SNotAvailable
 0004:000036EB       MMCommon.SpriteAngleCompensation
 0004:000036EF       MMCommon.SpriteInteractIgnoreId
 0004:000036C0       MMCommon.SRemoveASpell
 0004:000036C8       MMCommon.SSetASpell
 0004:000036CC       MMCommon.SSetASpell2
 0004:000036D0       MMCommon.SStoleItem
 0004:000036E1       MMCommon.StandardStrafe
 0001:00023E58       MMCommon.Stretch
 0004:0000364C       MMCommon.StretchHeight
 0004:00003658       MMCommon.StretchHeightFull
 0004:00003634       MMCommon.StretchWidth
 0004:00003640       MMCommon.StretchWidthFull
 0004:00003918       MMCommon.SW
 0004:000036F8       MMCommon.SystemDDraw
 0001:000248A8       MMCommon.TMapExtra.GetPeriodicTimer
 0004:00003530       MMCommon.TurnBasedPartySpeed
 0004:0000352C       MMCommon.TurnBasedSpeed
 0004:00003570       MMCommon.TurnSpeedDouble
 0004:0000356C       MMCommon.TurnSpeedNormal
 0004:00003710       MMCommon.UseMM6text
 0004:000036F9       MMCommon.UseVoodoo
 0004:000036F3       MMCommon.WasInDialog
 0004:000036EA       MMCommon.WasIndoor
 0004:00003538       MMCommon.WindowHeight
 0004:00003534       MMCommon.WindowWidth
 0004:00003544       MMCommon.WinScreenDelay
 0001:00023EA8       MMCommon.Wnd_CalcClientRect
 0001:00023FE0       MMCommon.Wnd_PaintBorders
 0001:00024190       MMCommon.Wnd_Sizing
 0001:00024140       MMCommon.Wnd_Sizing_GetWH
 0001:000244E0       MMCommon.Wnd_Sizing_SetWH
 0003:000014BC       MMCommon._ActionQueue
 0003:000014D8       MMCommon._DrawItemInfoBox
 0003:000014D4       MMCommon._FaceAnim
 0003:000014CC       MMCommon._malloc
 0003:000014D0       MMCommon._ProcessActions
 0003:000014C0       MMCommon._SetHint
 0003:000014C4       MMCommon._SpritesToDraw
 0003:000014C8       MMCommon._SpritesToDrawCount
 0001:0002489C       MMCommon.__SetSpellBuff
 0004:00105B54       MMHooks..1
 0004:00105B48       MMHooks.AllowMovieQuickLoad
 0001:00031144       MMHooks.ApplyHooks
 0001:000312CC       MMHooks.ApplyMMDeferredHooks
 0001:0003117C       MMHooks.ApplyMMHooks
 0001:00031464       MMHooks.ApplyMMHooksLodsLoaded
 0001:0003144C       MMHooks.ApplyMMHooksSW
 0004:00105B4C       MMHooks.ArrowCur
 0003:00001838       MMHooks.ArrRef
 0001:00030018       MMHooks.ASpellBookAction
 0001:000303CC       MMHooks.ASpellClickMon
 0003:000018C4       MMHooks.ASpellIcon
 0003:000018C8       MMHooks.ASpellIconDn
 0001:0003027C       MMHooks.ASpellPopAction
 0004:00105CA8       MMHooks.ASpellPressed
 0001:000302B4       MMHooks.AttackKeyHook
 0001:000308F4       MMHooks.AttackMonHook
 0001:00030910       MMHooks.AttackMonHook2
 0004:00105B64       MMHooks.BackupStatusStr
 0004:00105B60       MMHooks.BackupStatusTime
 0003:000017E4       MMHooks.Btn
 0001:0002FF90       MMHooks.BuildSpellBook
 0001:0002FFD4       MMHooks.BuildSpellBookHook
 0001:000308C4       MMHooks.CanAttackMon
 0001:0002ECA4       MMHooks.CheckChestArtifact
 0001:0002ECF8       MMHooks.CheckChests
 0001:0002D334       MMHooks.CheckKey
 0001:00031164       MMHooks.CheckMMHooks
 0001:0002D344       MMHooks.CheckMouseKey
 0001:0002DBEC       MMHooks.CheckMouseLook
 0001:00031088       MMHooks.CheckNoWaterWalkDrain
 0001:0002D370       MMHooks.CheckRightPressed
 0001:0002F09C       MMHooks.ChestPlaceItem
 0001:0002EC58       MMHooks.ChestVerticalHook6
 0001:0002E5C0       MMHooks.ClearKeyStatesHook
 0001:0002F974       MMHooks.CloseNPCDialog
 0001:0002F9B4       MMHooks.CloseNPCDialog2
 0001:0002F9D4       MMHooks.CloseNPCDialog6
 0003:00001850       MMHooks.CodeRef
 0001:0002D388       MMHooks.CommonKeysProc
 0003:000017F4       MMHooks.CondOrder
 0001:00030B6C       MMHooks.CreateFileHook
 0001:00030AB4       MMHooks.CreateTempFileProc
 0001:000309B0       MMHooks.DeadShowItemInfoProc
 0001:00030BB0       MMHooks.DeleteFileHook
 0001:00030A34       MMHooks.DelFromCache
 0001:00030EDC       MMHooks.DoFixBuffTime
 0001:0002FBF8       MMHooks.DoFixConditionPriorities
 0001:00030FFC       MMHooks.DoFixMonsterAttackCorpse
 0001:00031118       MMHooks.DontSkipSimpleMessage
 0001:00030988       MMHooks.DoShowItemInfo
 0001:0002F950       MMHooks.DrawDoneHook
 0001:0002F7D8       MMHooks.DrawEffectsHook
 0001:000315DC       MMHooks.DrawMyInterface
 0001:0002E6F4       MMHooks.DrawScaled
 0001:00030684       MMHooks.DrawShooter
 0001:0002FF30       MMHooks.DrawSpellBook
 0004:00105C60       MMHooks.EmptyCur
 0001:000310D8       MMHooks.EmptyWandProc
 0001:0002EC48       MMHooks.EnchantItemRightClick
 0003:000018CC       MMHooks.f
 0001:0002FFDC       MMHooks.FetchSpellSound
 0001:00031754       MMHooks.Finalization
 0001:0002EC98       MMHooks.FixArtifactDenial
 0001:00030924       MMHooks.FixAttackMonster
 0001:00030FA0       MMHooks.FixBerserkHitParty
 0001:00030FB0       MMHooks.FixBerserkHitParty2
 0001:00030FD0       MMHooks.FixBerserkHitParty3
 0001:00030E2C       MMHooks.FixBright5AM
 0001:00030F88       MMHooks.FixBuffTime
 0001:0002EF08       MMHooks.FixChest
 0001:0002F024       MMHooks.FixChestHook6
 0001:0002F268       MMHooks.FixChestsCompact
 0001:0002F18C       MMHooks.FixChestsCompactProc
 0001:0002FBC8       MMHooks.FixChestSmartHook
 0001:0002F9DC       MMHooks.FixChestSmartProc
 0001:00030ED0       MMHooks.FixClubs
 0001:0002FBDC       MMHooks.FixCompareBuff
 0001:00030968       MMHooks.FixDeadIdentifyItemProc
 0001:000310FC       MMHooks.FixIdMonEnergyDamage
 0001:00030ECC       MMHooks.FixItemGeneration
 0001:0002FDD8       MMHooks.FixItemSpells
 0001:00031040       MMHooks.FixLightBolt
 0001:0002FEF8       MMHooks.FixMonSteal
 0001:0002FED4       MMHooks.FixMonStealCheck
 0001:00031020       MMHooks.FixMonsterAttackCorpse
 0001:00031074       MMHooks.FixMonstersBodyAttack
 0001:00030D0C       MMHooks.FixMonsterSpellsMM6
 0001:00031060       MMHooks.FixMonstersSummon
 0001:0003110C       MMHooks.FixNothingHere
 0001:00030F94       MMHooks.FixPotionBreakItem
 0001:00030950       MMHooks.FixQSpellPointsCheck
 0001:0002EF00       MMHooks.FixRandomizeArtifact6
 0001:0002FE68       MMHooks.FixRemoveInvItemChest
 0001:0002FE1C       MMHooks.FixRemoveInvItemPlayer
 0001:00030E3C       MMHooks.FixStartupCopyright
 0001:000310E0       MMHooks.FixUnimplementedSpells
 0001:0002EEE8       MMHooks.FixUnmarkedArtifacts
 0001:000310C8       MMHooks.FixWaterWalkManaDrain
 0001:00030938       MMHooks.FixZeroRecovery
 0001:00030D28       MMHooks.FreeSpaceCheck
 0004:00105CD4       MMHooks.FTempFilesCache
 0004:00105C8C       MMHooks.GenArtifactCondition
 0004:00105C90       MMHooks.GenArtifactFound
 0001:0002ED6C       MMHooks.GenerateChestsHook
 0001:0002F040       MMHooks.GetChestItemMask
 0001:0002DA34       MMHooks.GetMLookCenter
 0001:0002D9E8       MMHooks.GetMLookPoint
 0004:00105B5C       MMHooks.GetRawInputData
 0001:0002FFFC       MMHooks.GetSpName
 0004:00105CA0       MMHooks.HintDelay
 0003:00001890       MMHooks.HookArr
 0003:0000185C       MMHooks.HookCode
 0001:00030930       MMHooks.HookHitDistantMonster
 0003:000029DC       MMHooks.Hooks
 0003:00001900       MMHooks.HooksCommon
 0004:00105CD8       MMHooks.HouseAnimBuf
 0004:00105CDC       MMHooks.HouseAnimParams
 0001:0002FE88       MMHooks.InactivePlayerActFix
 0001:0002F764       MMHooks.IsEffectSprite
 0001:0002E8BC       MMHooks.IsLayoutActive
 0003:000018FC       MMHooks.IsMonOfKind
 0004:00105CD2       MMHooks.IsReadTempFile
 0004:00105CD1       MMHooks.IsTempFile
 0001:0002EBC4       MMHooks.KeyControl
 0001:0002EB9C       MMHooks.KeyControlCancel
 0001:0002EC38       MMHooks.KeyControlCheckInvis
 0001:0002EC0C       MMHooks.KeyControlCheckUnblock
 0001:0002EBB4       MMHooks.KeyControlEnter
 0001:0002EB78       MMHooks.KeyControlMouse
 0004:00105C84       MMHooks.KeyControlMouseBlocked
 0004:00105C88       MMHooks.KeyControlMouseBlockScreen
 0004:00105C80       MMHooks.LastMouseItem
 0004:00105CA4       MMHooks.LastRemovedItem
 0001:00031530       MMHooks.LoadInterface
 0001:0002E0EC       MMHooks.LoadMLookBmp
 0001:0002EB70       MMHooks.LoadSaveEnter
 0004:00105C44       MMHooks.MCenter
 0004:00105C4C       MMHooks.MLastPos
 0004:00105C68       MMHooks.MLookBmp
 0004:00105C6C       MMHooks.MLookBmpShooter
 0001:0002E304       MMHooks.MLookDraw
 0001:0002E3E8       MMHooks.MLookDrawHD
 0004:00105C34       MMHooks.MLookDX
 0004:00105C38       MMHooks.MLookDY
 0004:00105C70       MMHooks.MLookHDBmp
 0004:00105C74       MMHooks.MLookHDBmpShooter
 0004:00105B52       MMHooks.MLookIsTemp
 0001:0002E258       MMHooks.MLookLoadBmp
 0004:00105C2C       MMHooks.MLookPartX
 0004:00105C30       MMHooks.MLookPartY
 0004:00105C5C       MMHooks.MLookStartTime
 0004:00105C54       MMHooks.MLookTempPos
 0002:00000550       MMHooks.MMHooks
 0001:000309CC       MMHooks.MonSpritesSizeSW
 0001:000309E0       MMHooks.MonSpritesSizeSW2
 0001:000309B8       MMHooks.MonsterIsAliveHook
 0001:0002E098       MMHooks.MouseLookHook
 0001:0002E0D8       MMHooks.MouseLookHook2
 0001:0002E540       MMHooks.MouseLookHook3
 0004:00105C64       MMHooks.MouseLookHook3Std
 0004:00105B50       MMHooks.MouseLookOn
 0004:00105C3C       MMHooks.MWndPos
 0003:000017EC       MMHooks.myAnd
 0001:0002D4D8       MMHooks.MyClipCursor
 0003:000017F0       MMHooks.myXor
 0001:0002E5E4       MMHooks.NeedScreenDraw
 0001:0003147C       MMHooks.NeedWindowSize
 0001:0003095C       MMHooks.NegativeResHook
 0001:00030E1C       MMHooks.NoVertexHook
 0004:00105C98       MMHooks.ObjectByPixelBackup
 0004:00105C94       MMHooks.OdmFacetBitsCount
 0001:00031478       MMHooks.OnLoaded
 0001:0002E980       MMHooks.PaperDollInChestCreateButtons
 0001:0002EB20       MMHooks.PaperDollInChestsDraw
 0001:0002EAD8       MMHooks.PaperDollInChestsInit
 0001:0002EB5C       MMHooks.PaperDollInChestsRightClick6
 0001:0002EA00       MMHooks.PaperDollInChestsUpdate
 0001:0002DE88       MMHooks.Partial
 0001:0002DEB4       MMHooks.ProcessMouseLook
 0001:0002E014       MMHooks.ProcessRawMouseLook
 0001:000302E8       MMHooks.QSpellKeyHook
 0001:00030300       MMHooks.QSpellUseHook
 0001:0002EE74       MMHooks.RefillAnyProc
 0001:0002EED0       MMHooks.RefillBlvHook
 0001:0002EE9C       MMHooks.RefillBlvProc
 0001:0002EEE0       MMHooks.RefillOdmCountFacets
 0001:0002EED8       MMHooks.RefillOdmHook
 0001:0002EEB8       MMHooks.RefillOdmProc
 0001:0002ED50       MMHooks.RefundChestArtifacts
 0004:00105B58       MMHooks.RegisterRawInputDevices
 0001:0002FDEC       MMHooks.RemoveInvItem
 0001:0002FE34       MMHooks.RemoveInvItemChest
 0001:00030944       MMHooks.RMBColorItems
 0001:0002F494       MMHooks.SaveGameBugHook
 0004:00105CF4       MMHooks.ScreenDirty
 0004:00105C78       MMHooks.ScreenDraw
 0004:00105C7C       MMHooks.ScreenDrawScanline
 0001:00030BA4       MMHooks.SetReadTempFile
 0001:00030B98       MMHooks.SetTempFile
 0001:00030438       MMHooks.ShooterCheckKey
 0001:00030580       MMHooks.ShooterCheckKeyHook
 0001:000305DC       MMHooks.ShooterCheckMon
 0001:00030628       MMHooks.ShooterCheckMonDirection
 0001:0003088C       MMHooks.ShooterCreateProjectile
 0001:00030598       MMHooks.ShooterEachTickHook
 0001:0003060C       MMHooks.ShooterFindMon
 0001:0003084C       MMHooks.ShooterFixProjectilePos
 0001:0002D4F4       MMHooks.ShooterPress
 0004:00105CD0       MMHooks.ShooterQSpell
 0001:00030644       MMHooks.ShooterRightClick
 0001:00030664       MMHooks.ShooterSetSwordMon
 0001:0003067C       MMHooks.ShooterSetSwordMonHook
 0003:000018E4       MMHooks.ShooterSwordCheckMul
 0003:000018D0       MMHooks.ShooterSwordIconNames
 0004:00105CBC       MMHooks.ShooterSwordIcons
 0004:00105CB4       MMHooks.ShooterSwordMon
 0004:00105CB8       MMHooks.ShooterSwordTime
 0004:00105B53       MMHooks.SkipMouseLook
 0001:00030CB4       MMHooks.SmackDoFrameHook
 0001:00030CA8       MMHooks.SmackToBufferHook
 0001:00030BEC       MMHooks.SmackToBufferProc
 0001:0002F484       MMHooks.SpritesAngleHook6
 0001:0002F278       MMHooks.SpritesAngleProc6
 0001:0002DA98       MMHooks.StartRawMouseLook
 0001:0002D988       MMHooks.SwitchToFullscreenHook
 0001:0002D904       MMHooks.SwitchToWindowedHook
 0001:000309F8       MMHooks.TempFilesCache
 0004:00105CAC       MMHooks.TestedASpell
 0001:0002E8C0       MMHooks.TransformMouseCoord
 0001:0002E91C       MMHooks.TransformMousePos
 0001:00030E64       MMHooks.TravelDelayHook1
 0001:00030E70       MMHooks.TravelDelayHook2
 0001:00030E7C       MMHooks.TravelDelayHook3
 0001:0003033C       MMHooks.TryASpell
 0001:0002EE1C       MMHooks.UnmarkChestArtifacts
 0001:00030EA8       MMHooks.UpdateAfterTab
 0001:0002FD00       MMHooks.UpdateHintHook
 0004:00105CB0       MMHooks.WasASpell
 0004:00105B51       MMHooks.WasMouseLookOn
 0004:00105C9C       MMHooks.WasSpriteIndex
 0001:0002D548       MMHooks.WindowProcHook
 0003:000018F8       MMHooks._UpdateAwards
 0001:000268BC       MMSystem.timeGetTime
 0004:0000394C       MP3..1
 0001:00024DC0       MP3.AIL_close_stream
 0001:00024DB8       MP3.AIL_open_stream
 0001:00024DC8       MP3.AIL_pause_stream
 0001:00025034       MP3.AIL_redbook_open_Hook
 0001:00024FE8       MP3.AIL_redbook_pause_Hook
 0001:00024E44       MP3.AIL_redbook_play_Hook
 0001:00025008       MP3.AIL_redbook_resume_Hook
 0001:00024FA8       MP3.AIL_redbook_set_volume_Hook
 0001:00024DF8       MP3.AIL_redbook_status
 0001:00024E20       MP3.AIL_redbook_stop_Hook
 0001:00025028       MP3.AIL_redbook_tracks_Hook
 0001:00024E08       MP3.AIL_redbook_track_info_Hook
 0001:00024DD8       MP3.AIL_service_stream
 0001:00024DF0       MP3.AIL_set_preference
 0001:00024DE8       MP3.AIL_set_stream_ms_position
 0001:00024DD0       MP3.AIL_set_stream_volume
 0001:00024DE0       MP3.AIL_start_stream
 0001:00024E00       MP3.AIL_stream_status
 0001:000250B8       MP3.Finalization
 0001:00025048       MP3.HookMP3
 0003:000014DC       MP3.HooksList
 0002:00000530       MP3.MP3
 0004:00003950       MP3.mp3stream
 0004:00003954       MP3.mp3volume
 0001:00025058       MP3.RedbookStatus
 0004:00003988       MultiMon..1
 0004:00003984       MultiMon.EnumDisplayMonitors
 0001:00027008       MultiMon.Finalization
 0004:00003978       MultiMon.GetMonitorInfo
 0004:0000397C       MultiMon.GetMonitorInfoA
 0004:00003980       MultiMon.GetMonitorInfoW
 0004:00003968       MultiMon.GetSystemMetrics
 0001:000268C4       MultiMon.InitAnApi
 0004:00003990       MultiMon.InitApis
 0001:00026F9C       MultiMon.InitMultiMonStubs
 0004:00003998       MultiMon.MMAvailable
 0004:00003974       MultiMon.MonitorFromPoint
 0004:00003970       MultiMon.MonitorFromRect
 0004:0000396C       MultiMon.MonitorFromWindow
 0002:00000538       MultiMon.MultiMon
 0004:0000398C       MultiMon.User32Dll
 0001:00026E6C       MultiMon.xEnumDisplayMonitors
 0001:00026BF0       MultiMon.xGetMonitorInfo
 0001:00026CC4       MultiMon.xGetMonitorInfoA
 0001:00026D98       MultiMon.xGetMonitorInfoW
 0001:00026B58       MultiMon.xMonitorFromPoint
 0001:00026A30       MultiMon.xMonitorFromRect
 0001:00026AC0       MultiMon.xMonitorFromWindow
 0001:000269A8       MultiMon._GetSystemMetrics
 0004:000034BC       Registry..5
 0001:00017210       Registry..ERegistryException
 0001:00017270       Registry..TRegistry
 0001:00017318       Registry.DataTypeToRegData
 0001:00017778       Registry.Finalization
 0001:00017304       Registry.IsRelative
 0001:000172D8       Registry.ReadError
 0002:0000035C       Registry.Registry
 0001:0001740C       Registry.TRegistry.ChangeKey
 0001:000173B0       Registry.TRegistry.CloseKey
 0001:00017340       Registry.TRegistry.Create
 0001:00017384       Registry.TRegistry.Destroy
 0001:00017430       Registry.TRegistry.GetBaseKey
 0001:000176EC       Registry.TRegistry.GetData
 0001:000175FC       Registry.TRegistry.GetDataInfo
 0001:0001764C       Registry.TRegistry.GetDataSize
 0001:00017444       Registry.TRegistry.OpenKeyReadOnly
 0001:00017674       Registry.TRegistry.ReadString
 0001:000173E0       Registry.TRegistry.SetRootKey
 0003:00000BE0       Registry.Values
 0004:000033AC       RSCodeHook..1
 0004:000033B0       RSCodeHook.AllocPtr
 0004:000033B4       RSCodeHook.AllocSize
 0001:00016454       RSCodeHook.CopyCode
 0001:00016A80       RSCodeHook.Finalization
 0001:00016500       RSCodeHook.Jmp
 0001:0001640C       RSCodeHook.RSAllocCode
 0001:00016518       RSCodeHook.RSApplyHook
 0001:0001698C       RSCodeHook.RSApplyHooks
 0001:000169C0       RSCodeHook.RSCheckHook
 0002:00000324       RSCodeHook.RSCodeHook
 0003:00000BAC       RSCodeHook.RSEmptyHook
 0001:00016488       RSCodeHook.RSGetHookValue
 0001:00025100       RSDebug.CallOnException
 0004:00003958       RSDebug.DebugActive
 0001:00025518       RSDebug.DoTrace
 0001:000255A0       RSDebug.DoTraceCall
 0001:00025FA4       RSDebug.FormatSystemTime
 0001:00026670       RSDebug.FreeException
 0001:00025348       RSDebug.GetExcFrame
 0001:00025340       RSDebug.GetStackTop
 0004:0000395C       RSDebug.LastDebugHook
 0004:00003964       RSDebug.LastExcProps
 0004:00003960       RSDebug.LastRaiseExceptionProc
 0001:00026750       RSDebug.ProcessException
 0001:00025110       RSDebug.RaiseExceptionHook
 0005:00000030       RSDebug.Recursion
 0003:00001734       RSDebug.RSCallTraceOptions
 0003:00001724       RSDebug.RSCheckRetAddrOptions
 0001:000253C8       RSDebug.RSCreateStackInfo
 0001:000252B0       RSDebug.RSDebugHook
 0003:000016E4       RSDebug.RSDebugOptions
 0001:00026848       RSDebug.RSDebugUseDefaults
 0001:00025C50       RSDebug.RSDefaultEndTrace
 0001:00025AF0       RSDebug.RSDefaultStackTrace
 0001:00025BC0       RSDebug.RSDefaultStackTraceCall
 0001:00025A30       RSDebug.RSDefaultTraceCall
 0001:00025910       RSDebug.RSDefultAddressDetails
 0001:00026810       RSDebug.RSLogExceptions
 0001:00026294       RSDebug.RSLogSingleException
 0001:00026708       RSDebug.RSOnDoneExceptions
 0001:000264D8       RSDebug.RSOnException
 0001:0002541C       RSDebug.RSStackInfoNextFrame
 0003:00001744       RSDebug.RSStackTraceOptions
 0001:000258B0       RSDebug.RSTraceFunctionCalls
 0001:00025E7C       RSDebug.RSTraceHeader
 0001:00025C78       RSDebug.RSTraceRegisters
 0001:000258F8       RSDebug.RSTraceStack
 0001:0002603C       RSDebug.RSTraceSystemInfo
 0001:000261A0       RSDebug.RSValidCallSite
 0001:00026144       RSDebug.RSValidRetAddr
 0001:00025660       RSDebug.StackTrace
 0001:00025464       RSDebug.TryTrace
 0001:00025350       RSDebug.ValidateFrames
 0001:0001E5C8       RSGraphics.DoBufBitmap
 0001:0001E7B0       RSGraphics.RSBufferToBitmap
 0001:0001E52C       RSGraphics.RSGetPixelFormat
 0001:0001E910       RSIni..TRSMemIni
 0001:0001E7F0       RSIni..TRSMemIniStrings
 0001:0001F35C       RSIni.TRSMemIni.Create
 0001:0001F3A8       RSIni.TRSMemIni.DeleteKey
 0001:0001F3D4       RSIni.TRSMemIni.Destroy
 0001:0001F408       RSIni.TRSMemIni.EraseSection
 0001:0001F440       RSIni.TRSMemIni.Flush
 0001:0001F450       RSIni.TRSMemIni.HasKey
 0001:0001F45C       RSIni.TRSMemIni.ReadSection
 0001:0001F468       RSIni.TRSMemIni.ReadSections
 0001:0001F474       RSIni.TRSMemIni.ReadSectionValues
 0001:0001F480       RSIni.TRSMemIni.ReadString
 0001:0001F4CC       RSIni.TRSMemIni.Reload
 0001:0001F4FC       RSIni.TRSMemIni.UpdateFile
 0001:0001F514       RSIni.TRSMemIni.WriteString
 0001:0001EA04       RSIni.TRSMemIniStrings.Changed
 0001:0001EA10       RSIni.TRSMemIniStrings.Create
 0001:0001EA70       RSIni.TRSMemIniStrings.Destroy
 0001:0001EAA0       RSIni.TRSMemIniStrings.DoFind
 0001:0001EAEC       RSIni.TRSMemIniStrings.DoGetKey
 0001:0001E9C8       RSIni.TRSMemIniStrings.FindKey
 0001:0001EBF4       RSIni.TRSMemIniStrings.FindKey
 0001:0001EC80       RSIni.TRSMemIniStrings.FindNextSection
 0001:0001ECD4       RSIni.TRSMemIniStrings.FindSection
 0001:0001ECA8       RSIni.TRSMemIniStrings.FindSectionEnd
 0001:0001ED70       RSIni.TRSMemIniStrings.GetKey
 0001:0001EDB0       RSIni.TRSMemIniStrings.GetNameIndex
 0001:0001EDC4       RSIni.TRSMemIniStrings.GetObject
 0001:0001EDC8       RSIni.TRSMemIniStrings.GetValue
 0001:0001EEB8       RSIni.TRSMemIniStrings.InsertItem
 0001:0001EF1C       RSIni.TRSMemIniStrings.IsComment
 0001:0001EF34       RSIni.TRSMemIniStrings.IsSectionHeader
 0001:0001EF8C       RSIni.TRSMemIniStrings.LineChanged
 0001:0001EF4C       RSIni.TRSMemIniStrings.NeedName
 0001:0001EFF4       RSIni.TRSMemIniStrings.Put
 0001:0001F038       RSIni.TRSMemIniStrings.PutObject
 0001:0001F06C       RSIni.TRSMemIniStrings.ReadSection
 0001:0001F214       RSIni.TRSMemIniStrings.ReadSections
 0001:0001F328       RSIni.TRSMemIniStrings.WalkBackComments
 0004:00003300       RSQ..2
 0004:000032F8       RSQ.AppPath
 0004:000032FC       RSQ.AppTitle
 0001:00014070       RSQ.ArrayDelete
 0003:00000B20       RSQ.BoolStr
 0003:00000B1C       RSQ.BoolToInt
 0001:000141B8       RSQ.ChangeFileExt
 0001:0001435C       RSQ.ExcludeTrailingPathDelimiter
 0001:000140E8       RSQ.ExistsLockedOrShared
 0001:00014284       RSQ.ExtractFileName
 0001:00014250       RSQ.ExtractFilePath
 0001:00014128       RSQ.FileExists
 0001:000143AC       RSQ.Finalization
 0001:00014044       RSQ.IfThen
 0001:00014310       RSQ.IncludeTrailingPathDelimiter
 0001:000142BC       RSQ.IsPathDelimiter
 0001:00013FE0       RSQ.msgH
 0002:0000028C       RSQ.RSQ
 0001:00027548       RSResample.CutResampleArray
 0001:000270A0       RSResample.errf
 0001:00027608       RSResample.GetPixel16
 0003:0000175C       RSResample.isigma
 0003:00001768       RSResample.mshift
 0001:00027640       RSResample.Prepare16to32
 0001:00027258       RSResample.PrepareResampleArray
 0001:0002768C       RSResample.PrepareTransMix
 0001:00027198       RSResample.ResampleCoreInt
 0001:00027740       RSResample.ResampleH16
 0001:000279FC       RSResample.ResampleTransH16
 0001:00027D10       RSResample.ResampleTransV_NoAlpha
 0001:00027CA0       RSResample.ResampleV
 0001:00027EC8       RSResample.RSResample16
 0001:000280B4       RSResample.RSResampleTrans16_NoAlpha
 0001:00027068       RSResample.RSSetResampleParams
 0004:0000399C       RSResample.ToBits
 0004:0008399C       RSResample.ToColor
 0004:0010399C       RSResample.TransMix
 0001:0002837C       RSResample.TRSResampleInfo.Init
 0001:0002829C       RSResample.TRSResampleInfo.ScaleRect
 0004:000033B8       RSStrUtils..1
 0004:000033BC       RSStrUtils.CharValues
 0001:00016C58       RSStrUtils.DoParse
 0001:00017088       RSStrUtils.Finalization
 0001:0001704C       RSStrUtils.InitCharToInt
 0001:00016AF0       RSStrUtils.IsThere1
 0001:00016E64       RSStrUtils.PosMod
 0001:00017038       RSStrUtils.RSCharToInt
[...]
  1307 0001:00033092  1308 0001:00033093  1309 0001:00033094  1311 0001:00033098
  1312 0001:0003309C  1313 0001:000330A0  1317 0001:000330A4  1318 0001:000330AB
  1319 0001:000330AF  1320 0001:000330B0  1321 0001:000330B1  1322 0001:000330B3
  1323 0001:000330B8  1324 0001:000330B9  1325 0001:000330BA  1326 0001:000330BF
  1327 0001:000330C4  1350 0001:000330C8  1351 0001:000330EC  1352 0001:000330FB
  1353 0001:00033102  1354 0001:00033109  1355 0001:0003310D  1357 0001:00033117
  1358 0001:0003311F  1359 0001:00033141  1360 0001:00033149  1355 0001:0003314C
  1361 0001:0003314F  1362 0001:00033156  1363 0001:0003315D  1364 0001:00033161
  1366 0001:0003316B  1367 0001:00033173  1368 0001:00033195  1369 0001:0003319D
  1364 0001:000331A0  1370 0001:000331A3  1376 0001:000331F4  1377 0001:000331F7
  1378 0001:000331F8  1379 0001:000331FA  1380 0001:000331FC  1382 0001:000331FD
  1383 0001:000331FF  1391 0001:00033200  1392 0001:00033224  1393 0001:00033233
  1394 0001:0003323A  1395 0001:0003323E  1396 0001:00033245  1398 0001:0003324F
  1399 0001:00033257  1400 0001:0003325F  1396 0001:00033262  1401 0001:00033265
  1408 0001:00033290  1409 0001:000332A0  1410 0001:000332A6  1411 0001:000332AC
  1412 0001:000332B2  1414 0001:000332B8  1415 0001:000332CC  1430 0001:000332CE
  1435 0001:00033318  1436 0001:0003331F  1437 0001:00033321  1438 0001:00033323
  1439 0001:0003332A  1442 0001:0003332C  1443 0001:0003332D  1444 0001:0003332E
  1447 0001:0003332F  1448 0001:00033332  1449 0001:00033334  1450 0001:00033338
  1452 0001:0003333A  1454 0001:0003333D  1457 0001:00033342  1458 0001:00033346
  1459 0001:00033348  1460 0001:00033349  1461 0001:0003334A  1462 0001:0003334B
  1463 0001:00033350  1464 0001:00033355  1467 0001:00033357  1468 0001:0003335B
  1470 0001:0003335E  1471 0001:0003335F  1472 0001:00033360  1473 0001:00033361
  1476 0001:00033363  1477 0001:00033366  1478 0001:00033368  1479 0001:00033369
  1481 0001:0003336B  1482 0001:0003336E  1484 0001:0003336F  1485 0001:00033372
  1489 0001:00033374  1490 0001:00033376  1491 0001:0003337B  1495 0001:0003337C
  1496 0001:0003337E  1497 0001:00033383  1501 0001:00033384  1502 0001:00033386
  1503 0001:0003338B  1507 0001:0003338C  1508 0001:0003338E  1509 0001:00033393
  1513 0001:00033394  1514 0001:00033396  1515 0001:0003339B  1519 0001:0003339C
  1520 0001:0003339E  1521 0001:0003339F  1522 0001:000333A4  1526 0001:000333A8
  1527 0001:000333AA  1528 0001:000333AB  1529 0001:000333B0  1533 0001:000333B4
  1534 0001:000333B6  1535 0001:000333B7  1536 0001:000333BC  1540 0001:000333C0
  1541 0001:000333C5  1542 0001:000333C7  1543 0001:000333CC  1547 0001:000333D0
  1548 0001:000333D1  1549 0001:000333D4  1550 0001:000333D5  1551 0001:000333DA
  1555 0001:000333DC  1556 0001:000333DD  1557 0001:000333DE  1558 0001:000333E3
  1566 0001:000333E4  1567 0001:000333E5  1568 0001:000333F8  1569 0001:000333FE
  1575 0001:00033400  1576 0001:00033405  1577 0001:0003340B  1583 0001:0003340C
  1584 0001:0003340E  1585 0001:00033411  1586 0001:00033413  1588 0001:0003341A
  1594 0001:0003341C  1595 0001:0003341D  1596 0001:00033420  1597 0001:0003342B
  1598 0001:0003342D  1601 0001:0003342F  1602 0001:00033436  1603 0001:00033437
  1604 0001:0003343D  1605 0001:00033444  1606 0001:00033445  1607 0001:0003344B
  1608 0001:00033452  1609 0001:00033453  1610 0001:00033459  1611 0001:00033460
  1612 0001:00033461  1614 0001:00033467  1615 0001:00033468  1616 0001:0003346D
  1625 0001:00033470  1626 0001:00033476  1627 0001:00033478  1628 0001:0003347D
  1632 0001:00033480  1633 0001:00033485  1634 0001:0003348C  1635 0001:00033493
  1641 0001:00033494  1642 0001:00033497  1643 0001:00033499  1644 0001:000334A0
  1645 0001:000334A2  1647 0001:000334A4  1649 0001:000334AB  1658 0001:000334AC
  1659 0001:000334B5  1663 0001:00033521  1664 0001:00033528  1665 0001:00033545
  1666 0001:0003354D  1668 0001:00033559  1672 0001:00033584  1673 0001:00033589
  1674 0001:0003358E  1690 0001:00033590  1691 0001:00033591  1692 0001:0003359A
  1693 0001:000335C6  1694 0001:000335DA  1695 0001:000335E9  1697 0001:00033602
  1698 0001:0003360A  1699 0001:0003360C  1694 0001:0003360D  1700 0001:00033610
  1701 0001:00033621  1708 0001:00033628  1709 0001:0003362F  1710 0001:00033630
  1711 0001:00033639  1712 0001:0003363F  1713 0001:00033640  1714 0001:00033646
  1716 0001:0003364C  1719 0001:00033652  1720 0001:00033653  1721 0001:00033659
  1722 0001:0003365A  1723 0001:00033661  1730 0001:00033664  1731 0001:00033665
  1732 0001:00033667  1733 0001:0003366D  1734 0001:00033672  1735 0001:00033674
  1736 0001:00033675  1737 0001:0003367B  1738 0001:0003367E  1739 0001:0003367F
  1741 0001:00033684  1744 0001:0003368A  1745 0001:0003368B  1746 0001:0003368E
  1756 0001:00033690  1757 0001:00033693  1758 0001:000336BB  1759 0001:000336C7
  1787 0001:000336EC  1788 0001:000336FF  1790 0001:00033709  1791 0001:0003370B
  1792 0001:0003370E  1794 0001:0003371B  1798 0001:0003371C  1799 0001:0003371D
  1800 0001:0003371E  1801 0001:0003371F  1802 0001:00033721  1803 0001:00033723
  1808 0001:00033724  1809 0001:00033725  1810 0001:00033726  1811 0001:00033729
  1813 0001:0003372A  1814 0001:0003372B  1815 0001:0003372C  1816 0001:0003372D
  1817 0001:0003372F  1818 0001:00033734  1824 0001:00033738  1825 0001:00033746
  1826 0001:0003374F  1828 0001:00033758  1830 0001:0003375F  1831 0001:00033770
  1833 0001:0003377D  1834 0001:00033798  1836 0001:0003379C  1837 0001:000337AD
  1839 0001:000337AF  1830 0001:000337B0  1840 0001:000337B5  1841 0001:000337CA
  1842 0001:000337CE  1843 0001:000337D9  1847 0001:000337E4  1848 0001:000337E5
  1849 0001:000337EA  1853 0001:000337EC  1854 0001:000337ED  1855 0001:000337F0
  1856 0001:000337F1  1857 0001:000337F5  1858 0001:000337F9  1859 0001:000337FE
  1875 0001:00033800  1876 0001:00033821  1877 0001:0003382D  1878 0001:0003383B
  1879 0001:00033856  1880 0001:0003385B  1882 0001:0003387F  1883 0001:0003388B
  1884 0001:00033892  1887 0001:00033896  1888 0001:000338B1  1890 0001:000338C3
  1891 0001:000338CF  1892 0001:000338EB  1893 0001:000338F6  1895 0001:000338FF
  1898 0001:0003395C  1899 0001:00033962  1900 0001:00033970  1905 0001:00033974
  1906 0001:00033981  1907 0001:0003398D  1909 0001:00033995  1910 0001:000339A2
  1911 0001:000339C0  1912 0001:000339CC  1913 0001:000339D3  1914 0001:000339D5
  1915 0001:000339D7  1906 0001:000339D8  1916 0001:000339DD  1917 0001:000339DF
  1921 0001:000339E8  1922 0001:000339ED  1926 0001:000339F0  1927 0001:000339F5
  1930 0001:000339F8  1931 0001:00033A1A  1932 0001:00033A3D  1934 0001:00033A4D
  1933 0001:00033A83  1936 0001:00033A9C  1938 0001:00033AAC  1946 0001:00033AF8
  1947 0001:00033B0C  1948 0001:00033B20  1949 0001:00033B34  1950 0001:00033B48
  1951 0001:00033B4E  1952 0001:00033B53  1977 0001:00033C08  1978 0001:00033C0D
  1979 0001:00033C1B  1980 0001:00033C27  1981 0001:00033C45  1982 0001:00033C63
  1983 0001:00033C7A  1984 0001:00033C8C  1987 0001:00033C90  1988 0001:00033CAA
  1989 0001:00033CCD  1991 0001:00033CDD  1990 0001:00033D08  1993 0001:00033D28
  1995 0001:00033D38  2000 0001:00033D74  2001 0001:00033D8B  2002 0001:00033D94
  2003 0001:00033D9B  2004 0001:00033DAA  2005 0001:00033DB1  2006 0001:00033DBB
  2008 0001:00033DC5  2009 0001:00033DD6  2010 0001:00033DE2  2011 0001:00033DEB
  2012 0001:00033DF7  2013 0001:00033E08  2012 0001:00033E31  2014 0001:00033E36
  2018 0001:00033E80  2019 0001:00033E82  2021 0001:00033E87  2022 0001:00033E8A
  2023 0001:00033E8D  2024 0001:00033E92  2030 0001:00033E94  2031 0001:00033EB3
  2032 0001:00033ED0  2033 0001:00033EE2  2035 0001:00033EE6  2036 0001:00033EF6
  2037 0001:00033F12  2039 0001:00033F22  2043 0001:00033F48  2044 0001:00033F4C
  2046 0001:00033F51  2047 0001:00033F53  2048 0001:00033F56  2071 0001:00033F98
  2072 0001:00033F9D  2073 0001:00033FB0  2074 0001:00033FBC  2075 0001:00033FDA
  2076 0001:00033FF8  2077 0001:0003400F  2078 0001:00034021  2083 0001:00034028
  2084 0001:00034041  2085 0001:0003404C  2086 0001:00034058  2087 0001:0003406E
  2089 0001:0003407E  2088 0001:000340A9  2091 0001:000340C9  2094 0001:000340D9
  2095 0001:000340EA  2096 0001:000340F6  2097 0001:000340FF  2098 0001:0003410B
  2099 0001:0003411C  2098 0001:00034145  2100 0001:0003414A  2105 0001:00034190
  2106 0001:000341AC  2108 0001:000341CD  2109 0001:000341DD  2110 0001:000341FB
  2111 0001:0003420D  2113 0001:00034211  2114 0001:00034214  2118 0001:00034238
  2119 0001:0003423A  2120 0001:0003423F  2121 0001:00034240  2125 0001:00034244
  2126 0001:00034248  2127 0001:0003424D  2132 0001:00034250  2133 0001:00034253
  2134 0001:00034263  2135 0001:00034279  2136 0001:00034284  2140 0001:00034288
  2141 0001:0003428C  2142 0001:00034291  2143 0001:00034294  2144 0001:00034297
  2159 0001:00034298  2160 0001:0003429A  2161 0001:000342A0  2162 0001:000342A2
  2163 0001:000342A4  2164 0001:000342A7  2165 0001:000342AA  2166 0001:000342AD
  2167 0001:000342B3  2168 0001:000342B7  2172 0001:000342B8  2173 0001:000342BA
  2174 0001:000342BC  2175 0001:000342C1  2176 0001:000342C4  2177 0001:000342C8
  2181 0001:000342CC  2182 0001:000342CE  2183 0001:000342D4  2184 0001:000342D6
  2185 0001:000342D8  2186 0001:000342DB  2187 0001:000342DE  2188 0001:000342E1
  2189 0001:000342E7  2190 0001:000342EB  2194 0001:000342EC  2196 0001:000342EE
  2197 0001:000342F2  2198 0001:000342F5  2200 0001:000342FC  2201 0001:000342FE
  2202 0001:00034300  2203 0001:00034303  2204 0001:00034306  2205 0001:00034309
  2206 0001:0003430F  2207 0001:00034313  2211 0001:00034314  2213 0001:00034316
  2214 0001:0003431A  2215 0001:0003431D  2217 0001:00034324  2218 0001:00034326
  2219 0001:00034328  2220 0001:0003432B  2221 0001:0003432E  2222 0001:00034331
  2223 0001:00034337  2224 0001:0003433B  2228 0001:0003433C  2230 0001:0003433E
  2231 0001:00034342  2232 0001:00034345  2234 0001:0003434C  2235 0001:0003434E
  2236 0001:00034350  2237 0001:00034353  2238 0001:00034356  2239 0001:00034359
  2240 0001:0003435F  2241 0001:00034363  2245 0001:00034364  2247 0001:00034366
  2248 0001:0003436A  2249 0001:0003436D  2251 0001:00034374  2252 0001:00034376
  2253 0001:00034378  2254 0001:0003437B  2255 0001:0003437E  2256 0001:00034381
  2257 0001:00034387  2258 0001:0003438B  2264 0001:0003438C  2265 0001:00034391
  2266 0001:00034397  2267 0001:00034399  2268 0001:0003439B  2270 0001:0003439E
  2271 0001:000343A3  2280 0001:000343A4  2281 0001:000343A5  2282 0001:000343AA
  2283 0001:000343AB  2284 0001:000343B1  2290 0001:000343B4  2291 0001:000343BA
  2292 0001:000343C0  2293 0001:000343C2  2294 0001:000343C8  2295 0001:000343CA
  2296 0001:000343D1  2297 0001:000343D3  2298 0001:000343D5  2300 0001:000343DC
  2306 0001:000343E0  2307 0001:000343E3  2308 0001:000343E5  2309 0001:000343EA
  2311 0001:000343EB  2312 0001:000343F2  2339 0001:000343F4  2340 0001:000343F5
  2342 0001:000343F7  2343 0001:000343F9  2345 0001:00034403  2340 0001:00034404
  2346 0001:00034409  2353 0001:00034410  2354 0001:0003441B  2355 0001:00034438
  2356 0001:00034441  2357 0001:00034452  2358 0001:00034459  2359 0001:0003447A
  2361 0001:0003447F  2363 0001:000344CE  2364 0001:000344E3  2366 0001:000344F3
  2367 0001:00034508  2370 0001:00034510  2371 0001:00034514  2372 0001:00034516
  2373 0001:0003452F  2379 0001:00034534  2380 0001:00034537  2381 0001:0003453E
  2382 0001:00034545  2383 0001:0003457E  2381 0001:00034588  2384 0001:0003458D
  2388 0001:00034594  2389 0001:00034597  2390 0001:0003459C  2391 0001:0003459E
  2392 0001:000345A1  2393 0001:000345A3  2394 0001:000345A7  2396 0001:000345A9
  2397 0001:000345AF  2398 0001:000345B5  2399 0001:000345BA  2401 0001:000345BB
  2402 0001:000345BC  2403 0001:000345C1  2405 0001:000345C2  2406 0001:000345C8
  2407 0001:000345CA  2408 0001:000345CC  2409 0001:000345D2  2411 0001:000345D4
  2412 0001:000345DA  2413 0001:000345E0  2415 0001:000345E7  2416 0001:000345EA
  2417 0001:000345ED  2421 0001:000345F0  2422 0001:000345F2  2423 0001:000345F4
  2424 0001:000345F6  2425 0001:000345F8  2426 0001:000345FD  2428 0001:000345FE
  2429 0001:00034600  2430 0001:00034602  2431 0001:00034604  2432 0001:00034609
  2433 0001:0003460E  2437 0001:00034610  2438 0001:00034616  2439 0001:0003461C
  2440 0001:0003461E  2441 0001:00034623  2442 0001:00034628  2448 0001:0003462C
  2449 0001:0003462F  2450 0001:00034632  2451 0001:00034634  2452 0001:00034637
  2454 0001:0003463A  2463 0001:0003463C  2464 0001:00034643  2465 0001:00034648
  2466 0001:0003464C  2467 0001:00034651  2470 0001:00034654  2471 0001:00034656
  2472 0001:0003466A  2473 0001:0003467B  2474 0001:00034685  2475 0001:00034698
  2482 0001:000346A0  2483 0001:000346A5  2484 0001:000346A7  2487 0001:000346A9
  2488 0001:000346AF  2489 0001:000346B1  2490 0001:000346B3  2491 0001:000346B9
  2492 0001:000346BF  2493 0001:000346C6  2494 0001:000346CC  2495 0001:000346D1
  2498 0001:000346D3  2499 0001:000346DA  2500 0001:000346E1  2503 0001:000346E6
  2504 0001:000346F0  2505 0001:000346F6  2511 0001:000346F8  2512 0001:000346FB
  2513 0001:000346FD  2514 0001:00034700  2515 0001:00034702  2524 0001:00034704
  2525 0001:00034706  2526 0001:0003470C  2527 0001:00034710  2528 0001:00034712
  2530 0001:00034717  2531 0001:0003471C  2532 0001:00034724  2536 0001:00034728
  2537 0001:0003472D  2538 0001:0003472F  2539 0001:00034735  2540 0001:00034737
  2542 0001:00034739  2548 0001:0003473C  2549 0001:0003473E  2550 0001:00034740
  2552 0001:00034742  2553 0001:00034744  2554 0001:00034746  2555 0001:00034747
  2556 0001:0003474C  2566 0001:00034750  2567 0001:00034753  2568 0001:00034756
  2569 0001:00034758  2570 0001:0003475B  2571 0001:0003475D  2572 0001:00034760
  2573 0001:00034762  2574 0001:00034765  2575 0001:00034767  2576 0001:0003476A
  2577 0001:0003476C  2578 0001:0003476F  2579 0001:00034771  2580 0001:00034777
  2582 0001:00034778  2584 0001:0003477E  2586 0001:0003477F  2587 0001:00034781
  2588 0001:00034784  2590 0001:0003478A  2591 0001:0003478E  2592 0001:00034792
  2594 0001:00034798  2595 0001:00034799  2597 0001:0003479F  2598 0001:000347A2
  2603 0001:000347A4  2604 0001:000347A6  2605 0001:000347A8  2606 0001:000347C2
  2607 0001:000347DC  2608 0001:000347F6  2612 0001:000347FC  2613 0001:000347FF
  2614 0001:00034801  2615 0001:00034806  2616 0001:00034808  2621 0001:0003480C
  2622 0001:0003480D  2624 0001:00034817  2625 0001:00034821  2627 0001:00034828
  2628 0001:0003482A  2634 0001:0003482C  2635 0001:00034831  2636 0001:00034833
  2637 0001:00034839  2638 0001:0003483E  2639 0001:00034840  2641 0001:00034847
  2642 0001:0003484B  2643 0001:0003484E  2647 0001:00034850  2648 0001:00034852
  2649 0001:00034855  2650 0001:00034858  2651 0001:0003485E  2652 0001:00034862
  2653 0001:00034864  2655 0001:00034869  2656 0001:0003486B  2662 0001:0003486C
  2663 0001:00034872  2664 0001:00034878  2665 0001:0003487A  2666 0001:0003487B
  2668 0001:0003487D  2673 0001:00034880  2674 0001:00034888  2675 0001:00034894
  2676 0001:00034898  2677 0001:000348A7  2684 0001:000348B0  2685 0001:000348B9
  2686 0001:000348C7  2687 0001:000348CC  2689 0001:000348F0  2690 0001:000348F2
  2692 0001:000348FC  2702 0001:00034904  2703 0001:0003490E  2705 0001:00034917
  2708 0001:00034928  2709 0001:00034934  2710 0001:00034940  2711 0001:0003494F
  2712 0001:0003495E  2715 0001:00034972  2716 0001:00034983  2719 0001:00034984
  2720 0001:0003498A  2721 0001:00034993  2722 0001:0003499A  2726 0001:000349A0
  2727 0001:000349A7  2728 0001:000349A9  2729 0001:000349B0  2731 0001:000349B5
  2735 0001:000349B8  2736 0001:000349BC  2738 0001:000349DC  2739 0001:000349FB
  2743 0001:000349FC  2744 0001:00034A03  2745 0001:00034A05  2746 0001:00034A0C
  2747 0001:00034A13  2748 0001:00034A15  2750 0001:00034A17  2751 0001:00034A1E
  2753 0001:00034A23  2757 0001:00034A24  2758 0001:00034A2B  2759 0001:00034A2D
  2760 0001:00034A32  2761 0001:00034A39  2762 0001:00034A3B  2763 0001:00034A3F
  2764 0001:00034A41  2766 0001:00034A43  2768 0001:00034A4A  2773 0001:00034A4C
  2774 0001:00034A53  2775 0001:00034A5B  2776 0001:00034A65  2784 0001:00034A6C
  2785 0001:00034A6E  2786 0001:00034A76  2787 0001:00034A80  2788 0001:00034A86
  2789 0001:00034A92  2790 0001:00034A9A  2791 0001:00034AB1  2793 0001:00034AB5
  2794 0001:00034ABF  2795 0001:00034AD2  2797 0001:00034AD7  2801 0001:00034ADC
  2802 0001:00034AE1  2803 0001:00034AE3  2804 0001:00034AE5  2805 0001:00034AE7
  2807 0001:00034AEE  2815 0001:00034AF0  2816 0001:00034AF4  2817 0001:00034AFF
  2818 0001:00034B18  2819 0001:00034B22  2820 0001:00034B32  2821 0001:00034B3C
  2822 0001:00034B53  2830 0001:00034B58  2831 0001:00034B72  2832 0001:00034B74
  2833 0001:00034B7C  2834 0001:00034B95  2835 0001:00034B9F  2836 0001:00034BB8
  2837 0001:00034BBE  2838 0001:00034BC2  2839 0001:00034BCE  2848 0001:00034C34
  2849 0001:00034C37  2850 0001:00034C40  2851 0001:00034C4A  2852 0001:00034C62
  2850 0001:00034C80  2853 0001:00034C85  2860 0001:00034C8C  2861 0001:00034C8D
  2862 0001:00034C92  2863 0001:00034C97  2862 0001:00034CBB  2863 0001:00034CC0
  2861 0001:00034CC1  2864 0001:00034CC6  2874 0001:00034CC8  2875 0001:00034CCD
  2876 0001:00034CCF  2877 0001:00034CD2  2878 0001:00034CD4  2879 0001:00034CD7
  2880 0001:00034CDA  2881 0001:00034CE0  2882 0001:00034CE5  2883 0001:00034CE6
  2884 0001:00034CEB  2885 0001:00034CF1  2886 0001:00034CF8  2887 0001:00034CFA
  2888 0001:00034D00  2890 0001:00034D05  2896 0001:00034D08  2897 0001:00034D0E
  2903 0001:00034D10  2904 0001:00034D12  2905 0001:00034D15  2906 0001:00034D17
  2908 0001:00034D1E  3174 0001:00034D50  3175 0001:00034D6A  3176 0001:00034D91
  3177 0001:00034D9F  3178 0001:00034DA9  3179 0001:00034DD9  3177 0001:00034DE3
  3181 0001:00034DF8  3183 0001:00034E08  3188 0001:00034E64  3189 0001:00034E7D
  3190 0001:00034E84  3191 0001:00034E89  3192 0001:00034E8E  3193 0001:00034E97
  3194 0001:00034EA1  3195 0001:00034EAD  3196 0001:00034EE4  3197 0001:00034EF0
  3198 0001:00034EFA  3199 0001:00034F06  3200 0001:00034F10  3201 0001:00034F1C
  3202 0001:00034F26  3203 0001:00034F32  3204 0001:00034F3C  3205 0001:00034F48
  3206 0001:00034F52  3207 0001:00034F5E  3208 0001:00034F68  3209 0001:00034F74
  3210 0001:00034F7E  3211 0001:00034F8A  3212 0001:00034F8F  3213 0001:00034F94
  3214 0001:00034F99  3216 0001:00034F9E  3217 0001:00034FB2  3218 0001:00034FBB
  3219 0001:00034FC3  3220 0001:00034FCA  3221 0001:00034FD6  3222 0001:00034FDD
  3223 0001:00034FE4  3224 0001:00034FF3  3227 0001:0003503C  3228 0001:00035049
  3229 0001:00035053  3230 0001:00035059  3231 0001:0003505E  3232 0001:00035072
  3233 0001:0003507E  3234 0001:00035088  3235 0001:00035094  3236 0001:0003509A
  3237 0001:000350A6  3238 0001:000350AC  3239 0001:000350B8  3240 0001:000350BE
  3241 0001:000350CA  3242 0001:000350D3  3243 0001:000350DF  3244 0001:000350E8
  3245 0001:000350F4  3246 0001:000350FD  3247 0001:00035109  3248 0001:00035112
  3249 0001:0003511E  3250 0001:00035127  3251 0001:00035133  3252 0001:00035138
  3266 0001:00035180  3267 0001:000351A8

Line numbers for Hooks(Hooks.pas) segment .itext

  3259 0002:0000058C  3260 0002:000005B0  3261 0002:000005C2  3262 0002:000005CC
  3263 0002:000005E6  3264 0002:000005F5

Line numbers for MM6patch(C:\_Delphi\mm6patch\MM6patch.dpr) segment .itext

   428 0002:0000064C   429 0002:0000065F   430 0002:0000066D   432 0002:0000067A
   433 0002:0000067F   434 0002:00000684   435 0002:00000689   438 0002:0000069D
   440 0002:000006B3

Bound resource files

MM6patch.res
MM6patch.drf


Program entry point at 0002:0000064C
