
 Start         Length     Name                   Class
 0001:032C1000 00034FD0H .text                   CODE
 0002:032F6000 000006BCH .itext                  ICODE
 0003:032F7000 0000733CH .data                   DATA
 0004:032FF000 00111B1CH .bss                    BSS
 0005:00000000 00000000H .tls                    TLS


Detailed map of segments

 0001:00000000 0000562D C=CODE     S=.text    G=(none)   M=System   ACBP=A9
 0001:00005630 000001A2 C=CODE     S=.text    G=(none)   M=SysInit  ACBP=A9
 0001:000057D4 00000308 C=CODE     S=.text    G=(none)   M=SysConst ACBP=A9
 0001:00005ADC 000000BD C=CODE     S=.text    G=(none)   M=Types    ACBP=A9
 0001:00005B9C 00000550 C=CODE     S=.text    G=(none)   M=Windows  ACBP=A9
 0001:000060EC 00006DCC C=CODE     S=.text    G=(none)   M=SysUtils ACBP=A9
 0001:0000CEB8 000007EE C=CODE     S=.text    G=(none)   M=VarUtils ACBP=A9
 0001:0000D6A8 0000275C C=CODE     S=.text    G=(none)   M=Variants ACBP=A9
 0001:0000FE04 00000088 C=CODE     S=.text    G=(none)   M=RTLConsts ACBP=A9
 0001:0000FE8C 0000007B C=CODE     S=.text    G=(none)   M=TypInfo  ACBP=A9
 0001:0000FF08 00004051 C=CODE     S=.text    G=(none)   M=Classes  ACBP=A9
 0001:00013F5C 0000006B C=CODE     S=.text    G=(none)   M=Math     ACBP=A9
 0001:00013FC8 0000043D C=CODE     S=.text    G=(none)   M=RSQ      ACBP=A9
 0001:00014408 00000DC3 C=CODE     S=.text    G=(none)   M=RSSysUtils ACBP=A9
 0001:000151CC 00001169 C=CODE     S=.text    G=(none)   M=IniFiles ACBP=A9
 0001:00016338 000000A8 C=CODE     S=.text    G=(none)   M=Common   ACBP=A9
 0001:000163E0 000006E0 C=CODE     S=.text    G=(none)   M=RSCodeHook ACBP=A9
 0001:00016AC0 000005F6 C=CODE     S=.text    G=(none)   M=RSStrUtils ACBP=A9
 0001:000170B8 0000007E C=CODE     S=.text    G=(none)   M=DirectDraw ACBP=A9
 0001:00017138 000000A6 C=CODE     S=.text    G=(none)   M=Direct3D ACBP=A9
 0001:000171E0 00000030 C=CODE     S=.text    G=(none)   M=Consts   ACBP=A9
 0001:00017210 000005AD C=CODE     S=.text    G=(none)   M=Registry ACBP=A9
 0001:000177C0 0000600E C=CODE     S=.text    G=(none)   M=Graphics ACBP=A9
 0001:0001D7D0 00000D59 C=CODE     S=.text    G=(none)   M=GraphUtil ACBP=A9
 0001:0001E52C 000002C3 C=CODE     S=.text    G=(none)   M=RSGraphics ACBP=A9
 0001:0001E7F0 00000E84 C=CODE     S=.text    G=(none)   M=RSIni    ACBP=A9
 0001:0001F674 0000566C C=CODE     S=.text    G=(none)   M=MMCommon ACBP=A9
 0001:00024CE0 00000345 C=CODE     S=.text    G=(none)   M=MP3      ACBP=A9
 0001:00025028 000017BC C=CODE     S=.text    G=(none)   M=RSDebug  ACBP=A9
 0001:000267E4 00000006 C=CODE     S=.text    G=(none)   M=MMSystem ACBP=A9
 0001:000267EC 00000772 C=CODE     S=.text    G=(none)   M=MultiMon ACBP=A9
 0001:00026F60 0000141C C=CODE     S=.text    G=(none)   M=RSResample ACBP=A9
 0001:0002837C 00004EDE C=CODE     S=.text    G=(none)   M=DXProxy  ACBP=A9
 0001:0002D25C 0000409F C=CODE     S=.text    G=(none)   M=MMHooks  ACBP=A9
 0001:000312FC 00003B5A C=CODE     S=.text    G=(none)   M=Hooks    ACBP=A9
 0001:00034E58 00000178 C=CODE     S=.text    G=(none)   M=MM6patch ACBP=A9
 0002:00000000 00000095 C=ICODE    S=.itext   G=(none)   M=System   ACBP=A9
 0002:00000098 00000011 C=ICODE    S=.itext   G=(none)   M=Windows  ACBP=A9
 0002:000000AC 00000088 C=ICODE    S=.itext   G=(none)   M=SysUtils ACBP=A9
 0002:00000134 0000000F C=ICODE    S=.itext   G=(none)   M=VarUtils ACBP=A9
 0002:00000144 000000AA C=ICODE    S=.itext   G=(none)   M=Variants ACBP=A9
 0002:000001F0 00000008 C=ICODE    S=.itext   G=(none)   M=TypInfo  ACBP=A9
 0002:000001F8 00000092 C=ICODE    S=.itext   G=(none)   M=Classes  ACBP=A9
 0002:0000028C 00000066 C=ICODE    S=.itext   G=(none)   M=RSQ      ACBP=A9
 0002:000002F4 0000001E C=ICODE    S=.itext   G=(none)   M=RSSysUtils ACBP=A9
 0002:00000314 00000008 C=ICODE    S=.itext   G=(none)   M=IniFiles ACBP=A9
 0002:0000031C 00000008 C=ICODE    S=.itext   G=(none)   M=Common   ACBP=A9
 0002:00000324 00000008 C=ICODE    S=.itext   G=(none)   M=RSCodeHook ACBP=A9
 0002:0000032C 0000002D C=ICODE    S=.itext   G=(none)   M=RSStrUtils ACBP=A9
 0002:0000035C 00000008 C=ICODE    S=.itext   G=(none)   M=Registry ACBP=A9
 0002:00000364 000000FB C=ICODE    S=.itext   G=(none)   M=Graphics ACBP=A9
 0002:00000460 0000007F C=ICODE    S=.itext   G=(none)   M=GraphUtil ACBP=A9
 0002:000004E0 0000004F C=ICODE    S=.itext   G=(none)   M=MMCommon ACBP=A9
 0002:00000530 00000008 C=ICODE    S=.itext   G=(none)   M=MP3      ACBP=A9
 0002:00000538 0000000F C=ICODE    S=.itext   G=(none)   M=MultiMon ACBP=A9
 0002:00000548 00000008 C=ICODE    S=.itext   G=(none)   M=DXProxy  ACBP=A9
 0002:00000550 0000003B C=ICODE    S=.itext   G=(none)   M=MMHooks  ACBP=A9
 0002:0000058C 000000C0 C=ICODE    S=.itext   G=(none)   M=Hooks    ACBP=A9
 0002:0000064C 0000006F C=ICODE    S=.itext   G=(none)   M=MM6patch ACBP=A9
 0003:00000000 00000794 C=DATA     S=.data    G=DGROUP   M=System   ACBP=A9
 0003:00000794 0000002C C=DATA     S=.data    G=DGROUP   M=SysInit  ACBP=A9
 0003:000007C0 0000024C C=DATA     S=.data    G=DGROUP   M=SysUtils ACBP=A9
 0003:00000A0C 00000008 C=DATA     S=.data    G=DGROUP   M=VarUtils ACBP=A9
 0003:00000A14 00000076 C=DATA     S=.data    G=DGROUP   M=Variants ACBP=A9
 0003:00000A8C 0000000C C=DATA     S=.data    G=DGROUP   M=TypInfo  ACBP=A9
 0003:00000A98 00000084 C=DATA     S=.data    G=DGROUP   M=Classes  ACBP=A9
 0003:00000B1C 0000000C C=DATA     S=.data    G=DGROUP   M=RSQ      ACBP=A9
 0003:00000B28 00000008 C=DATA     S=.data    G=DGROUP   M=IniFiles ACBP=A9
 0003:00000B30 0000007C C=DATA     S=.data    G=DGROUP   M=Common   ACBP=A9
 0003:00000BAC 00000034 C=DATA     S=.data    G=DGROUP   M=RSCodeHook ACBP=A9
 0003:00000BE0 00000008 C=DATA     S=.data    G=DGROUP   M=Registry ACBP=A9
 0003:00000BE8 00000314 C=DATA     S=.data    G=DGROUP   M=Graphics ACBP=A9
 0003:00000EFC 00000450 C=DATA     S=.data    G=DGROUP   M=GraphUtil ACBP=A9
 0003:0000134C 0000018C C=DATA     S=.data    G=DGROUP   M=MMCommon ACBP=A9
 0003:000014D8 00000208 C=DATA     S=.data    G=DGROUP   M=MP3      ACBP=A9
 0003:000016E0 00000078 C=DATA     S=.data    G=DGROUP   M=RSDebug  ACBP=A9
 0003:00001758 00000016 C=DATA     S=.data    G=DGROUP   M=RSResample ACBP=A9
 0003:00001770 00000070 C=DATA     S=.data    G=DGROUP   M=DXProxy  ACBP=A9
 0003:000017E0 00002210 C=DATA     S=.data    G=DGROUP   M=MMHooks  ACBP=A9
 0003:000039F0 000034F0 C=DATA     S=.data    G=DGROUP   M=Hooks    ACBP=A9
 0004:00000000 000027EC C=BSS      S=.bss     G=DGROUP   M=System   ACBP=A9
 0004:000027EC 00000010 C=BSS      S=.bss     G=DGROUP   M=SysInit  ACBP=A9
 0004:000027FC 00000008 C=BSS      S=.bss     G=DGROUP   M=Windows  ACBP=A9
 0004:00002804 00000A20 C=BSS      S=.bss     G=DGROUP   M=SysUtils ACBP=A9
 0004:00003224 0000005C C=BSS      S=.bss     G=DGROUP   M=VarUtils ACBP=A9
 0004:00003280 00000040 C=BSS      S=.bss     G=DGROUP   M=Variants ACBP=A9
 0004:000032C0 00000004 C=BSS      S=.bss     G=DGROUP   M=TypInfo  ACBP=A9
 0004:000032C4 00000034 C=BSS      S=.bss     G=DGROUP   M=Classes  ACBP=A9
 0004:000032F8 0000000C C=BSS      S=.bss     G=DGROUP   M=RSQ      ACBP=A9
 0004:00003304 000000A0 C=BSS      S=.bss     G=DGROUP   M=RSSysUtils ACBP=A9
 0004:000033A4 00000004 C=BSS      S=.bss     G=DGROUP   M=IniFiles ACBP=A9
 0004:000033A8 00000004 C=BSS      S=.bss     G=DGROUP   M=Common   ACBP=A9
 0004:000033AC 0000000C C=BSS      S=.bss     G=DGROUP   M=RSCodeHook ACBP=A9
 0004:000033B8 00000104 C=BSS      S=.bss     G=DGROUP   M=RSStrUtils ACBP=A9
 0004:000034BC 00000004 C=BSS      S=.bss     G=DGROUP   M=Registry ACBP=A9
 0004:000034C0 00000060 C=BSS      S=.bss     G=DGROUP   M=Graphics ACBP=A9
 0004:00003520 00000004 C=BSS      S=.bss     G=DGROUP   M=GraphUtil ACBP=A9
 0004:00003524 00000424 C=BSS      S=.bss     G=DGROUP   M=MMCommon ACBP=A9
 0004:00003948 0000000C C=BSS      S=.bss     G=DGROUP   M=MP3      ACBP=A9
 0004:00003954 00000010 C=BSS      S=.bss     G=DGROUP   M=RSDebug  ACBP=A9
 0004:00003964 00000031 C=BSS      S=.bss     G=DGROUP   M=MultiMon ACBP=A9
 0004:00003998 00102000 C=BSS      S=.bss     G=DGROUP   M=RSResample ACBP=A9
 0004:00105998 000001AC C=BSS      S=.bss     G=DGROUP   M=DXProxy  ACBP=A9
 0004:00105B44 000001A1 C=BSS      S=.bss     G=DGROUP   M=MMHooks  ACBP=A9
 0004:00105CE8 0000BE34 C=BSS      S=.bss     G=DGROUP   M=Hooks    ACBP=A9
 0005:00000000 00000008 C=TLS      S=.tls     G=(none)   M=System   ACBP=A9
 0005:00000008 00000004 C=TLS      S=.tls     G=(none)   M=Classes  ACBP=A9
 0005:0000000C 00000024 C=TLS      S=.tls     G=(none)   M=GraphUtil ACBP=A9
 0005:00000030 00000001 C=TLS      S=.tls     G=(none)   M=RSDebug  ACBP=A9


  Address             Publics by Name

 0004:000032CC       Classes..95
 0001:0000FFC4       Classes..EFCreateError
 0001:00010078       Classes..EFilerError
 0001:0000FF64       Classes..EFileStreamError
 0001:00010020       Classes..EFOpenError
 0001:00010294       Classes..EInvalidOperation
 0001:00010180       Classes..EListError
 0001:00010238       Classes..EOutOfResources
 0001:000100D0       Classes..EReadError
 0001:0000FF08       Classes..EStreamError
 0001:000101D8       Classes..EStringListError
 0001:00010128       Classes..EWriteError
 0001:0001094C       Classes..TCustomMemoryStream
 0001:000108C4       Classes..TFileStream
 0001:0001084C       Classes..THandleStream
 0001:00010E30       Classes..TIntConst
 0001:000104A0       Classes..TInterfacedPersistent
 0001:000102F4       Classes..TList
 0001:000109C8       Classes..TMemoryStream
 0001:000103B0       Classes..TPersistent
 0001:00010A90       Classes..TRegGroup
 0001:00010AE8       Classes..TRegGroups
 0001:000107DC       Classes..TStream
 0001:000106C4       Classes..TStringList
 0001:0001058C       Classes..TStrings
 0001:00010358       Classes..TThreadList
 0001:00013D58       Classes.BinToHex
 0002:000001F8       Classes.Classes
 0003:00000A98       Classes.Convert
 0003:00000AA8       Classes.Convert
 0001:00013E20       Classes.DoneThreadSynchronization
 0001:00011870       Classes.DoWrite
 0001:00013EAC       Classes.Finalization
 0004:000032D8       Classes.FindGlobalComponentProcs
 0001:00013E38       Classes.FreeIntConstList
 0004:000032DC       Classes.GlobalFixupList
 0005:00000008       Classes.GlobalLists
 0004:000032C4       Classes.GlobalNameSpace
 0001:00013D94       Classes.HexToBin
 0001:00010EEC       Classes.IdentToInt
 0001:00013DEC       Classes.InitThreadSynchronization
 0004:000032D0       Classes.IntConstList
 0001:00010F2C       Classes.IntToIdent
 0001:00013EA4       Classes.ModuleUnload
 0001:00010BDC       Classes.PointerInModule
 0001:000135B8       Classes.PropValueError
 0001:00012D50       Classes.RaiseException
 0001:000135A0       Classes.ReadError
 0001:00010A68       Classes.Rect
 0004:000032D4       Classes.RegGroups
 0001:00010EC0       Classes.RegisterIntegerConsts
 0001:00013470       Classes.RemoveFixupReferences
 0001:0001351C       Classes.RemoveFixups
 0001:00011040       Classes.ReturnAddr
 0001:000119D0       Classes.ReturnAddr
 0001:00013904       Classes.SkipBinary
 0001:00013934       Classes.SkipCollection
 0001:000138DC       Classes.SkipList
 0001:00012B74       Classes.StringListCompareStrings
 0004:000032C8       Classes.SyncEvent
 0003:00000B18       Classes.SyncList
 0001:000132AC       Classes.TCustomMemoryStream.Read
 0001:000132E4       Classes.TCustomMemoryStream.Seek
 0001:000132A4       Classes.TCustomMemoryStream.SetPointer
 0001:000130FC       Classes.TFileStream.Create
 0001:000130B8       Classes.TFileStream.Create
 0001:00013270       Classes.TFileStream.Destroy
 0001:00012FF4       Classes.THandleStream.Create
 0001:00013030       Classes.THandleStream.Read
 0001:00013050       Classes.THandleStream.Seek
 0001:00013090       Classes.THandleStream.SetSize
 0001:0001307C       Classes.THandleStream.SetSize
 0001:00013040       Classes.THandleStream.Write
 0004:000032E0       Classes.ThreadLock
 0001:00010E88       Classes.TIntConst.Create
 0001:000115B8       Classes.TInterfacedPersistent.AfterConstruction
 0001:00011648       Classes.TInterfacedPersistent.QueryInterface
 0001:00011608       Classes.TInterfacedPersistent._AddRef
 0001:00011628       Classes.TInterfacedPersistent._Release
 0001:00010F90       Classes.TList.Add
 0001:00010FC4       Classes.TList.Clear
 0001:00010FDC       Classes.TList.Delete
 0001:00010F70       Classes.TList.Destroy
 0001:00011044       Classes.TList.Error
 0001:0001107C       Classes.TList.Error
 0001:000110D0       Classes.TList.Get
 0001:000110F8       Classes.TList.Grow
 0001:0001112C       Classes.TList.IndexOf
 0001:0001121C       Classes.TList.Notify
 0001:0001114C       Classes.TList.Remove
 0001:0001116C       Classes.TList.SetCapacity
 0001:000111A8       Classes.TList.SetCount
 0001:00013334       Classes.TMemoryStream.Clear
 0001:00013308       Classes.TMemoryStream.Destroy
 0001:000133A0       Classes.TMemoryStream.Realloc
 0001:0001334C       Classes.TMemoryStream.SetCapacity
 0001:00013374       Classes.TMemoryStream.SetSize
 0001:00013420       Classes.TMemoryStream.Write
 0001:00011414       Classes.TPersistent.Assign
 0001:00011428       Classes.TPersistent.AssignError
 0001:000114F8       Classes.TPersistent.AssignTo
 0001:00011500       Classes.TPersistent.DefineProperties
 0001:000113E8       Classes.TPersistent.Destroy
 0001:00011504       Classes.TPersistent.GetNamePath
 0001:000115B4       Classes.TPersistent.GetOwner
 0001:000135C4       Classes.TReader.CheckValue
 0001:000135E8       Classes.TReader.EndOfList
 0001:000135FC       Classes.TReader.NextValue
 0001:0001360C       Classes.TReader.Read
 0001:00013658       Classes.TReader.ReadBuffer
 0001:00013694       Classes.TReader.ReadListBegin
 0001:0001369C       Classes.TReader.ReadListEnd
 0001:000136A4       Classes.TReader.ReadStr
 0001:000136E0       Classes.TReader.ReadString
 0001:00013880       Classes.TReader.ReadValue
 0001:0001379C       Classes.TReader.ReadWideString
 0001:00013B88       Classes.TReader.SkipBytes
 0001:00013B40       Classes.TReader.SkipProperty
 0001:00013894       Classes.TReader.SkipSetBody
 0001:00013990       Classes.TReader.SkipValue
 0001:00010B40       Classes.TRegGroup.Create
 0001:00010B9C       Classes.TRegGroup.Destroy
 0001:00010BFC       Classes.TRegGroup.UnregisterModuleClasses
 0001:00010CA8       Classes.TRegGroups.Create
 0001:00010D1C       Classes.TRegGroups.Destroy
 0001:00010D7C       Classes.TRegGroups.Lock
 0001:00010D88       Classes.TRegGroups.Unlock
 0001:00010D94       Classes.TRegGroups.UnregisterModuleClasses
 0001:00012F00       Classes.TStream.CopyFrom
 0001:00012C78       Classes.TStream.GetPosition
 0001:00012CAC       Classes.TStream.GetSize
 0001:00012E90       Classes.TStream.ReadBuffer
 0001:00012D9C       Classes.TStream.Seek
 0001:00012E20       Classes.TStream.Seek
 0001:00012C98       Classes.TStream.SetPosition
 0001:00012CFC       Classes.TStream.SetSize
 0001:00012CF8       Classes.TStream.SetSize
 0001:00012EC8       Classes.TStream.WriteBuffer
 0001:000125E0       Classes.TStringList.Add
 0001:000125F0       Classes.TStringList.AddObject
 0001:00012654       Classes.TStringList.Changed
 0001:00012670       Classes.TStringList.Changing
 0001:0001268C       Classes.TStringList.Clear
 0001:00012BDC       Classes.TStringList.CompareStrings
 0001:00012BA4       Classes.TStringList.CustomSort
 0001:000126CC       Classes.TStringList.Delete
 0001:00012584       Classes.TStringList.Destroy
 0001:00012738       Classes.TStringList.Exchange
 0001:00012794       Classes.TStringList.ExchangeItems
 0001:000127B8       Classes.TStringList.Find
 0001:0001283C       Classes.TStringList.Get
 0001:00012870       Classes.TStringList.GetCapacity
 0001:00012874       Classes.TStringList.GetCount
 0001:00012878       Classes.TStringList.GetObject
 0001:000128A0       Classes.TStringList.Grow
 0001:000128D4       Classes.TStringList.IndexOf
 0001:00012910       Classes.TStringList.Insert
 0001:00012974       Classes.TStringList.InsertItem
 0001:00012920       Classes.TStringList.InsertObject
 0001:000129F0       Classes.TStringList.Put
 0001:00012A4C       Classes.TStringList.PutObject
 0001:00012A8C       Classes.TStringList.QuickSort
 0001:00012B20       Classes.TStringList.SetCapacity
 0001:00012C60       Classes.TStringList.SetCaseSensitive
 0001:00012B3C       Classes.TStringList.SetSorted
 0001:00012B5C       Classes.TStringList.SetUpdateState
 0001:00012B94       Classes.TStringList.Sort
 0001:000116A0       Classes.TStrings.Add
 0001:000116C4       Classes.TStrings.AddObject
 0001:000116E8       Classes.TStrings.AddStrings
 0001:000117A0       Classes.TStrings.Assign
 0001:00011858       Classes.TStrings.BeginUpdate
 0001:0001250C       Classes.TStrings.CompareStrings
 0001:000118C8       Classes.TStrings.DefineProperties
 0001:00011670       Classes.TStrings.Destroy
 0001:00011914       Classes.TStrings.EndUpdate
 0001:00011928       Classes.TStrings.Equals
 0001:000119D4       Classes.TStrings.Error
 0001:00011A0C       Classes.TStrings.Error
 0001:00011A64       Classes.TStrings.Exchange
 0001:00011B50       Classes.TStrings.GetCapacity
 0001:000124AC       Classes.TStrings.GetLineBreak
 0001:00012550       Classes.TStrings.GetNameValueSeparator
 0001:00011B58       Classes.TStrings.GetObject
 0001:00011B5C       Classes.TStrings.GetText
 0001:00011BB0       Classes.TStrings.GetTextStr
 0001:00011CE8       Classes.TStrings.IndexOf
 0001:00011D74       Classes.TStrings.IndexOfName
 0001:00011E48       Classes.TStrings.IndexOfObject
 0001:00011E7C       Classes.TStrings.InsertObject
 0001:00011EAC       Classes.TStrings.LoadFromFile
 0001:00011F00       Classes.TStrings.LoadFromStream
 0001:00011FAC       Classes.TStrings.Move
 0001:0001205C       Classes.TStrings.Put
 0001:0001208C       Classes.TStrings.PutObject
 0001:00012090       Classes.TStrings.ReadData
 0001:00012140       Classes.TStrings.SaveToFile
 0001:00012198       Classes.TStrings.SaveToStream
 0001:000121F8       Classes.TStrings.SetCapacity
 0001:000124E0       Classes.TStrings.SetLineBreak
 0001:00012568       Classes.TStrings.SetNameValueSeparator
 0001:000121FC       Classes.TStrings.SetStringsAdapter
 0001:00012230       Classes.TStrings.SetText
 0001:00012280       Classes.TStrings.SetTextStr
 0001:00012424       Classes.TStrings.SetUpdateState
 0001:00012428       Classes.TStrings.WriteData
 0001:000112F0       Classes.TThreadList.Add
 0001:00011220       Classes.TThreadList.Create
 0001:00011274       Classes.TThreadList.Destroy
 0001:00011378       Classes.TThreadList.LockList
 0001:0001138C       Classes.TThreadList.Remove
 0001:000113DC       Classes.TThreadList.UnlockList
 0001:00013BD0       Classes.TWriter.Write
 0001:00013C1C       Classes.TWriter.WriteBuffer
 0001:00013C34       Classes.TWriter.WriteListBegin
 0001:00013C3C       Classes.TWriter.WriteListEnd
 0001:00013C44       Classes.TWriter.WriteMinStr
 0001:00013CF0       Classes.TWriter.WriteString
 0001:00013D44       Classes.TWriter.WriteValue
 0001:00010DE4       Classes.UnRegisterModuleClasses
 0004:000033A8       Common..1
 0002:0000031C       Common.Common
 0003:00000BA4       Common.DummyFalse
 0001:0001639C       Common.Finalization
 0003:00000BA0       Common.SCaption
 0003:00000B9C       Common.SWrong
 0003:00000B50       Common._access
 0003:00000B6C       Common._AddButton
 0003:00000B74       Common._AddCommand
 0003:00000B8C       Common._Character_CalcSpecialBonusByItems
 0003:00000B84       Common._Character_GetWeaponDelay
 0003:00000B88       Common._Character_IsAlive
 0003:00000B90       Common._Character_Recover
 0003:00000B94       Common._Character_SetDelay
 0003:00000B7C       Common._Chest_CanPlaceItem
 0003:00000B80       Common._Chest_PlaceItem
 0003:00000B70       Common._DeleteButton
 0003:00000B3C       Common._DoLoadGame
 0003:00000B38       Common._DoSaveGame
 0003:00000B64       Common._ExitMovie
 0003:00000B40       Common._FindActiveMember
 0003:00000B5C       Common._HasNPCProf
 0003:00000BA8       Common._IsD3D
 0003:00000B78       Common._LoadLodBitmap
 0003:00000B58       Common._LoadMapTrack
 0003:00000B4C       Common._LoadPaperDollGraphics
 0003:00000B48       Common._OpenInventory_part
 0003:00000B30       Common._PauseTime
 0003:00000B54       Common._PermAlloc
 0003:00000B34       Common._ReleaseMouse
 0003:00000B60       Common._ShowMovie
 0003:00000B44       Common._ShowStatusText
 0003:00000B68       Common._StopSounds
 0003:00000B98       Common._TurnBased_CharacterActed
 0001:00017130       DirectDraw.DirectDrawCreate
 0004:001059DC       DXProxy..1
 0001:000283BC       DXProxy..THookedObject
 0001:00029C6C       DXProxy..TMyBackBufferD3D
 0001:0002AE0C       DXProxy..TMyBackBufferSW
 0001:00028EA4       DXProxy..TMyDevice
 0001:000289AC       DXProxy..TMyDirectDraw
 0001:0002A0FC       DXProxy..TMyFrontBufferD3D
 0001:0002A9B0       DXProxy..TMyFrontBufferSW
 0001:000296CC       DXProxy..TMySurface
 0001:0002A55C       DXProxy..TMySurfaceSW
 0001:000291BC       DXProxy..TMyViewport
 0004:001059EC       DXProxy.BackBuffer
 0001:0002AEC0       DXProxy.BaseScaleRect
 0001:0002CA50       DXProxy.Blacken16
 0001:0002B2E8       DXProxy.CalcRenderLim
 0001:0002B06C       DXProxy.CalcRenderSize
 0001:0002AFF8       DXProxy.CalcSize1
 0004:00105B3C       DXProxy.DDrawCreate
 0004:00105B38       DXProxy.Direct3DFixed
 0001:0002BBD4       DXProxy.DoInitVMT
 0004:00105B18       DXProxy.DrawBufSW
 0001:0002B5A4       DXProxy.DrawCursor
 0002:00000548       DXProxy.DXProxy
 0004:001059A8       DXProxy.DXProxyActive
 0004:001059B4       DXProxy.DXProxyCursorBmp
 0004:001059AC       DXProxy.DXProxyCursorX
 0004:001059B0       DXProxy.DXProxyCursorY
 0001:0002B654       DXProxy.DXProxyDraw
 0001:0002BB78       DXProxy.DXProxyDrawCursor
 0003:00001774       DXProxy.DXProxyMinH
 0003:00001770       DXProxy.DXProxyMinW
 0004:001059A0       DXProxy.DXProxyMipmapCount
 0004:001059A4       DXProxy.DXProxyMipmapCountRes
 0004:001059B8       DXProxy.DXProxyMul
 0001:0002B570       DXProxy.DXProxyOnResize
 0004:0010599C       DXProxy.DXProxyRenderH
 0004:00105998       DXProxy.DXProxyRenderW
 0001:0002AF28       DXProxy.DXProxyScaleRect
 0004:001059C4       DXProxy.DXProxyShiftX
 0004:001059D0       DXProxy.DXProxyShiftY
 0004:001059DA       DXProxy.DXProxyTrueColorTexture
 0001:0002B290       DXProxy.EnumMonProc
 0001:0002D144       DXProxy.Finalization
 0001:0002B1B0       DXProxy.FixDirect3D
 0004:001059E8       DXProxy.FrontBuffer
 0001:0002AE70       DXProxy.GetRaw
 0003:00001778       DXProxy.hk0
 0003:000017AC       DXProxy.HookBase
 0004:00105B1C       DXProxy.IsDDraw1
 0001:0002BBA8       DXProxy.IsDyna
 0004:001059F0       DXProxy.MyBackBuffer
 0001:0002B3C4       DXProxy.MyDirectDrawCreate
 0001:0002AE80       DXProxy.MyPixelFormat
 0001:0002BB94       DXProxy.PassThrough
 0004:001059E0       DXProxy.RenderLimX
 0004:001059E4       DXProxy.RenderLimY
 0004:00105A28       DXProxy.scale
 0004:00105AF0       DXProxy.scale3D
 0004:00105AC8       DXProxy.scaleB
 0004:001059F4       DXProxy.ScaleBuffer
 0004:00105A50       DXProxy.scaleL
 0004:00105AA0       DXProxy.scaleR
 0001:0002AFC8       DXProxy.ScaleRect
 0004:00105B28       DXProxy.ScaleRect_Rect
 0004:00105A78       DXProxy.scaleT
 0004:00105B24       DXProxy.THookedObject.FCurVMT
 0001:0002BCC4       DXProxy.THookedObject.Hook
 0001:0002BD20       DXProxy.THookedObject.Init
 0001:0002BD2C       DXProxy.THookedObject.InitVMT
 0004:00105B20       DXProxy.THookedObject.VMTBlocks
 0001:0002CA9C       DXProxy.TMyBackBufferD3D.Blt
 0001:0002D03C       DXProxy.TMyBackBufferSW.Blt
 0001:0002D0A8       DXProxy.TMyBackBufferSW.Lock
 0001:0002D138       DXProxy.TMyBackBufferSW.Unlock
 0001:0002C668       DXProxy.TMyDevice.AddViewport
 0001:0002C6C0       DXProxy.TMyDevice.DeleteViewport
 0001:0002C73C       DXProxy.TMyDevice.DrawPrimitive
 0001:0002C870       DXProxy.TMyDevice.GetCurrentViewport
 0001:0002C8D4       DXProxy.TMyDevice.Init
 0001:0002C95C       DXProxy.TMyDevice.NextViewport
 0001:0002C9F8       DXProxy.TMyDevice.SetCurrentViewport
 0001:0002BDEC       DXProxy.TMyDirectDraw.CreateDevice
 0001:0002BEA8       DXProxy.TMyDirectDraw.CreateSurface
 0001:0002BF48       DXProxy.TMyDirectDraw.CreateSurface
 0001:0002C270       DXProxy.TMyDirectDraw.CreateViewport
 0001:0002C2E4       DXProxy.TMyDirectDraw.Destroy
 0001:0002C33C       DXProxy.TMyDirectDraw.GetCaps
 0001:0002C3A0       DXProxy.TMyDirectDraw.GetDisplayMode
 0001:0002C364       DXProxy.TMyDirectDraw.GetDisplayMode
 0001:0002C3CC       DXProxy.TMyDirectDraw.Init
 0001:0002C4FC       DXProxy.TMyDirectDraw.MakeSurfaceTrueColor
 0001:0002C528       DXProxy.TMyDirectDraw.SetDisplayMode
 0001:0002CB68       DXProxy.TMyFrontBufferD3D.Blt
 0001:0002CBFC       DXProxy.TMyFrontBufferD3D.GetPixelFormat
 0001:0002CF14       DXProxy.TMyFrontBufferSW.Blt
 0001:0002D014       DXProxy.TMyFrontBufferSW.GetPixelFormat
 0001:0002CE8C       DXProxy.TMySurface.Init
 0001:0002CC24       DXProxy.TMySurfaceSW.AddAttachedSurface
 0001:0002CC7C       DXProxy.TMySurfaceSW.Blt
 0001:0002CCF8       DXProxy.TMySurfaceSW.BltFast
 0001:0002CD60       DXProxy.TMySurfaceSW.DeleteAttachedSurface
 0001:0002CDBC       DXProxy.TMySurfaceSW.Flip
 0001:0002CE18       DXProxy.TMySurfaceSW.Lock
 0001:0002C54C       DXProxy.TMyViewport.Clear2
 0001:0002C598       DXProxy.TMyViewport.Init
 0001:0002C620       DXProxy.TMyViewport.SetViewport2
 0004:00105B40       DXProxy.VertexBuf
 0004:001059F8       DXProxy.Viewport
 0004:001059FC       DXProxy.Viewport_Def
 0004:000034C4       Graphics..12
 0001:000177D8       Graphics..EInvalidGraphic
 0001:00017834       Graphics..EInvalidGraphicOperation
 0001:00018294       Graphics..TBitmap
 0001:0001AC58       Graphics..TBitmapCanvas
 0001:00018234       Graphics..TBitmapImage
 0001:00017EA0       Graphics..TBrush
 0001:000183FC       Graphics..TBrushResourceManager
 0001:00017F64       Graphics..TCanvas
 0001:00017C00       Graphics..TFont
 0001:000180E8       Graphics..TGraphic
 0001:00017B2C       Graphics..TGraphicsObject
 0001:0001D5A4       Graphics..TPatternManager
 0001:00017DA0       Graphics..TPen
 0001:00018394       Graphics..TResourceManager
 0001:000181D4       Graphics..TSharedImage
 0003:00000EB0       Graphics.BitCounts
 0003:00000EA8       Graphics.BitmapCanvasList
 0004:000034DC       Graphics.BitmapImageLock
 0004:00003514       Graphics.BrushManager
 0001:0001A140       Graphics.BytesPerScanline
 0001:0001A4A4       Graphics.ByteSwapColors
 0004:00003518       Graphics.CanvasList
 0001:00018DEC       Graphics.CharsetToIdent
 0003:00000EA0       Graphics.ClipboardFormats
 0003:00000C1C       Graphics.Colors
 0001:00018BE4       Graphics.ColorToIdent
 0001:00018BD4       Graphics.ColorToRGB
 0001:0001B1E4       Graphics.CopyBitmap
 0001:0001B8AC       Graphics.CopyBitmapAsMask
 0001:0001B848       Graphics.CopyPalette
 0004:000034F4       Graphics.CounterLock
 0001:0001A4F8       Graphics.CreateSystemPalette
 0003:00000C18       Graphics.DDBsOnly
 0003:00000E70       Graphics.DefBrushData
 0003:00000BE8       Graphics.DefFontData
 0003:00000E4C       Graphics.DefPenData
 0001:0001ADA0       Graphics.DeselectBitmap
 0003:00000EAC       Graphics.DIBPalSizes
 0001:0001A93C       Graphics.DoWrite
 0003:00000EA4       Graphics.FileFormats
 0001:0001D6FC       Graphics.Finalization
 0001:0001B198       Graphics.FixupBitFields
 0003:00000DBC       Graphics.FontCharsets
 0004:0000350C       Graphics.FontManager
 0001:0001ACF4       Graphics.FreeMemoryContexts
 0001:0001A110       Graphics.GDICheck
 0001:0001A068       Graphics.GDIError
 0001:0001D3E0       Graphics.GetDefFontCharSet
 0001:0001A120       Graphics.GetDInColors
 0001:00018468       Graphics.GetHashCode
 0002:00000364       Graphics.Graphics
 0001:00018DFC       Graphics.IdentToCharset
 0001:00018BF4       Graphics.IdentToColor
 0001:0001D424       Graphics.InitDefFontData
 0001:0001A7A0       Graphics.InitializeBitmapInfoHeader
 0001:0001D3A8       Graphics.InitScreenLogPixels
 0001:00018380       Graphics.InternalDeletePalette
 0001:0001A884       Graphics.InternalGetDIBSizes
 0001:0001A008       Graphics.InvalidBitmap
 0001:00019FF0       Graphics.InvalidGraphic
 0001:00019FD8       Graphics.InvalidOperation
 0001:00018FF4       Graphics.IsDefaultFont
 0001:0001A014       Graphics.OutOfResources
 0003:00000EBC       Graphics.Pal16
 0001:0001A6A8       Graphics.PaletteFromDIBColorTable
 0001:0001A74C       Graphics.PaletteToDIBColorTable
 0003:00000EB8       Graphics.PalSize
 0004:0000351C       Graphics.PatternManager
 0004:00003510       Graphics.PenManager
 0003:00000E80       Graphics.PenModes
 0003:00000E5C       Graphics.PenStyles
 0001:0001A428       Graphics.RGBQuadToTriple
 0001:0001A3EC       Graphics.RGBTripleToQuad
 0004:000034C8       Graphics.ScreenLogPixels
 0004:000034D0       Graphics.StockBrush
 0004:000034D4       Graphics.StockFont
 0004:000034D8       Graphics.StockIcon
 0004:000034CC       Graphics.StockPen
 0004:000034C0       Graphics.SystemPalette16
 0001:0001A610       Graphics.SystemPaletteOverride
 0001:0001BB5C       Graphics.TBitmap.Assign
 0001:0001BD3C       Graphics.TBitmap.Changed
 0001:0001BD18       Graphics.TBitmap.Changing
 0001:0001BC58       Graphics.TBitmap.CopyImage
 0001:0001BAB8       Graphics.TBitmap.Create
 0001:0001BB20       Graphics.TBitmap.Destroy
 0001:0001C240       Graphics.TBitmap.DIBNeeded
 0001:0001BD48       Graphics.TBitmap.Draw
 0001:0001C2B4       Graphics.TBitmap.FreeContext
 0001:0001BF98       Graphics.TBitmap.FreeImage
 0001:0001C018       Graphics.TBitmap.GetCanvas
 0001:0001BFFC       Graphics.TBitmap.GetEmpty
 0001:0001C060       Graphics.TBitmap.GetHandle
 0001:0001C084       Graphics.TBitmap.GetHandleType
 0001:0001C0B0       Graphics.TBitmap.GetHeight
 0001:0001C0C0       Graphics.TBitmap.GetMaskHandle
 0001:0001C0D4       Graphics.TBitmap.GetMonochrome
 0001:0001C0F0       Graphics.TBitmap.GetPalette
 0001:0001C104       Graphics.TBitmap.GetPixelFormat
 0001:0001C188       Graphics.TBitmap.GetScanline
 0001:0001C1F0       Graphics.TBitmap.GetTransparentColor
 0001:0001C238       Graphics.TBitmap.GetWidth
 0001:0001C2C4       Graphics.TBitmap.HandleNeeded
 0001:0001C47C       Graphics.TBitmap.LoadFromClipboardFormat
 0001:0001C500       Graphics.TBitmap.LoadFromStream
 0001:0001C364       Graphics.TBitmap.MaskHandleNeeded
 0001:0001C524       Graphics.TBitmap.NewImage
 0001:0001C3C4       Graphics.TBitmap.PaletteNeeded
 0001:0001C624       Graphics.TBitmap.ReadData
 0001:0001C64C       Graphics.TBitmap.ReadDIB
 0001:0001CBBC       Graphics.TBitmap.ReadStream
 0001:0001D2A4       Graphics.TBitmap.SaveToClipboardFormat
 0001:0001D29C       Graphics.TBitmap.SaveToStream
 0001:0001CC2C       Graphics.TBitmap.SetHandleType
 0001:0001CD68       Graphics.TBitmap.SetHeight
 0001:0001CD84       Graphics.TBitmap.SetPalette
 0001:0001CE58       Graphics.TBitmap.SetPixelFormat
 0001:0001D344       Graphics.TBitmap.SetSize
 0001:0001CFC0       Graphics.TBitmap.SetWidth
 0001:0001CFDC       Graphics.TBitmap.WriteData
 0001:0001CFE4       Graphics.TBitmap.WriteStream
 0001:0001AE1C       Graphics.TBitmapCanvas.Create
 0001:0001AF24       Graphics.TBitmapCanvas.CreateHandle
 0001:0001AE58       Graphics.TBitmapCanvas.Destroy
 0001:0001AE84       Graphics.TBitmapCanvas.FreeContext
 0001:0001B034       Graphics.TBitmapImage.Destroy
 0001:0001B090       Graphics.TBitmapImage.FreeHandle
 0001:00019738       Graphics.TBrush.Assign
 0001:000196D0       Graphics.TBrush.Create
 0001:00019710       Graphics.TBrush.Destroy
 0001:0001984C       Graphics.TBrush.GetColor
 0001:000197E0       Graphics.TBrush.GetData
 0001:00019888       Graphics.TBrush.GetHandle
 0001:00019968       Graphics.TBrush.GetStyle
 0001:00019854       Graphics.TBrush.SetColor
 0001:000197FC       Graphics.TBrush.SetData
 0001:00019970       Graphics.TBrush.SetStyle
 0001:00018784       Graphics.TBrushResourceManager.FreeObjects
 0001:00019FB8       Graphics.TCanvas.BrushChanged
 0001:00019E8C       Graphics.TCanvas.Changed
 0001:00019E78       Graphics.TCanvas.Changing
 0001:00019AC4       Graphics.TCanvas.CopyRect
 0001:000199A4       Graphics.TCanvas.Create
 0001:00019EFC       Graphics.TCanvas.CreateBrush
 0001:00019EA0       Graphics.TCanvas.CreateFont
 0001:00019DA8       Graphics.TCanvas.CreateHandle
 0001:00019ECC       Graphics.TCanvas.CreatePen
 0001:00019D48       Graphics.TCanvas.DeselectHandles
 0001:00019A68       Graphics.TCanvas.Destroy
 0001:00019B4C       Graphics.TCanvas.FillRect
 0001:00019F78       Graphics.TCanvas.FontChanged
 0001:00019CFC       Graphics.TCanvas.GetClipRect
 0001:00019D24       Graphics.TCanvas.GetHandle
 0001:00019C88       Graphics.TCanvas.GetPenPos
 0001:00019CD0       Graphics.TCanvas.GetPixel
 0001:00019B88       Graphics.TCanvas.Lock
 0001:00019BB0       Graphics.TCanvas.MoveTo
 0001:00019F98       Graphics.TCanvas.PenChanged
 0001:00019E00       Graphics.TCanvas.RequiredState
 0001:00019C7C       Graphics.TCanvas.SetBrush
 0001:00019C60       Graphics.TCanvas.SetFont
 0001:00019DAC       Graphics.TCanvas.SetHandle
 0001:00019C70       Graphics.TCanvas.SetPen
 0001:00019CB0       Graphics.TCanvas.SetPenPos
 0001:00019BDC       Graphics.TCanvas.TryLock
 0001:00019C38       Graphics.TCanvas.Unlock
 0001:00018EA4       Graphics.TFont.Assign
 0001:00018E88       Graphics.TFont.Changed
 0001:00018E0C       Graphics.TFont.Create
 0001:00018E60       Graphics.TFont.Destroy
 0001:000193A4       Graphics.TFont.GetCharset
 0001:00018F78       Graphics.TFont.GetData
 0001:00019020       Graphics.TFont.GetHandle
 0001:0001925C       Graphics.TFont.GetHeight
 0001:0001928C       Graphics.TFont.GetName
 0001:000193D4       Graphics.TFont.GetOrientation
 0001:00019374       Graphics.TFont.GetPitch
 0001:00019300       Graphics.TFont.GetSize
 0001:0001933C       Graphics.TFont.GetStyle
 0001:000193AC       Graphics.TFont.SetCharset
 0001:00018FE0       Graphics.TFont.SetColor
 0001:00018F90       Graphics.TFont.SetData
 0001:00019264       Graphics.TFont.SetHeight
 0001:000192A4       Graphics.TFont.SetName
 0001:000193DC       Graphics.TFont.SetOrientation
 0001:0001937C       Graphics.TFont.SetPitch
 0001:0001931C       Graphics.TFont.SetSize
 0001:00019348       Graphics.TFont.SetStyle
 0001:0001A924       Graphics.TGraphic.Changed
 0001:0001A8EC       Graphics.TGraphic.Create
 0001:0001A994       Graphics.TGraphic.DefineProperties
 0001:0001A9E0       Graphics.TGraphic.Equals
 0001:0001AB2C       Graphics.TGraphic.GetPalette
 0001:0001AB30       Graphics.TGraphic.GetTransparent
 0001:0001AB38       Graphics.TGraphic.LoadFromFile
 0001:0001AB8C       Graphics.TGraphic.Progress
 0001:0001ABB8       Graphics.TGraphic.ReadData
 0001:0001ABC4       Graphics.TGraphic.SaveToFile
 0001:0001AC1C       Graphics.TGraphic.SetPalette
 0001:0001AC20       Graphics.TGraphic.SetSize
 0001:0001AC3C       Graphics.TGraphic.SetTransparent
 0001:0001AC4C       Graphics.TGraphic.WriteData
 0001:00018C04       Graphics.TGraphicsObject.Changed
 0001:00018C18       Graphics.TGraphicsObject.Lock
 0001:00018C28       Graphics.TGraphicsObject.Unlock
 0001:0001D600       Graphics.TPatternManager.Create
 0001:0001D638       Graphics.TPatternManager.Destroy
 0001:0001D67C       Graphics.TPatternManager.FreePatterns
 0001:0001D664       Graphics.TPatternManager.Lock
 0001:0001D670       Graphics.TPatternManager.Unlock
 0001:00019470       Graphics.TPen.Assign
 0001:00019404       Graphics.TPen.Create
 0001:00019448       Graphics.TPen.Destroy
 0001:00019590       Graphics.TPen.GetColor
 0001:00019528       Graphics.TPen.GetData
 0001:000195C0       Graphics.TPen.GetHandle
 0001:0001966C       Graphics.TPen.GetStyle
 0001:0001969C       Graphics.TPen.GetWidth
 0001:00019598       Graphics.TPen.SetColor
 0001:00019540       Graphics.TPen.SetData
 0001:00019658       Graphics.TPen.SetMode
 0001:00019674       Graphics.TPen.SetStyle
 0001:000196A4       Graphics.TPen.SetWidth
 0001:0001A160       Graphics.TransparentStretchBlt
 0001:000184F4       Graphics.TResourceManager.AllocResource
 0001:00018718       Graphics.TResourceManager.AssignResource
 0001:0001869C       Graphics.TResourceManager.ChangeResource
 0001:0001847C       Graphics.TResourceManager.Create
 0001:000184B8       Graphics.TResourceManager.Destroy
 0001:00018714       Graphics.TResourceManager.FreeObjects
 0001:000185D8       Graphics.TResourceManager.FreeResource
 0001:000184DC       Graphics.TResourceManager.Lock
 0001:000184E8       Graphics.TResourceManager.Unlock
 0001:0001B010       Graphics.TSharedImage.Reference
 0001:0001B014       Graphics.TSharedImage.Release
 0001:0001B0DC       Graphics.UpdateDIBColorTable
 0004:00003520       GraphUtil..2
 0005:0000002C       GraphUtil.CachedColorAdjustLuma
 0005:00000024       GraphUtil.CachedColorValue
 0005:00000014       GraphUtil.CachedHighlight
 0005:00000010       GraphUtil.CachedHighlightColor
 0005:0000000C       GraphUtil.CachedHighlightLum
 0005:00000028       GraphUtil.CachedLumValue
 0005:00000020       GraphUtil.CachedShadow
 0005:0000001C       GraphUtil.CachedShadowColor
 0005:00000018       GraphUtil.CachedShadowLum
 0001:0001E4E4       GraphUtil.Finalization
 0002:00000460       GraphUtil.GraphUtil
 0003:00000EFC       GraphUtil.WebNamedColors
 0004:00105CE8       Hooks..1
 0001:00032040       Hooks.ActivateHook
 0003:00003AA0       Hooks.Add
 0001:000332CC       Hooks.AddLodRecord
 0001:00032410       Hooks.AppendDebugLog
 0001:00034C1C       Hooks.ApplyDeferredHooks
 0001:00032010       Hooks.AttackDescriptionHook
 0001:00031EDC       Hooks.AttackDescriptionProc
 0001:00033164       Hooks.AutoColor16Hook
 0001:0003308C       Hooks.AutoColor16Proc
 0001:00033170       Hooks.AutorunHook
 0003:00003A9C       Hooks.bpp
 0003:000039FC       Hooks.CalcExp
 0001:0003440C       Hooks.CanSellItemHook
 0001:00034430       Hooks.CanSellItemHook2
 0001:0003272C       Hooks.ChangeTrackHook
 0003:00003ADC       Hooks.Character_DoBadThing
 0001:00031EC8       Hooks.CheckNextMemberHook
 0001:00034384       Hooks.CheckWeaponNPCs
 0004:00105D04       Hooks.ChooseSaveSlotBackup
 0001:00031930       Hooks.ChooseSaveSlotHook
 0001:00031924       Hooks.ChooseSaveSlotProc
 0004:0010A568       Hooks.CurRemainder
 0004:00111B18       Hooks.CursorTarget
 0004:00105D44       Hooks.CustomLods
 0001:000323AC       Hooks.DaggerTrippleHook
 0001:00032084       Hooks.DeactivateHook
 0001:000346BC       Hooks.DeathMovieHook
 0001:0003464C       Hooks.DeathMovieProc
 0001:00032FE0       Hooks.DefaultSmoothTurnHook
 0001:000333E0       Hooks.DoLoadCustomLod
 0001:00033F94       Hooks.DontWasteBlackPotion
 0001:00032A24       Hooks.DoorStateSwitchHook
 0001:000322C8       Hooks.DoubleSpeedHook
 0001:000344E4       Hooks.DrawMovieHook
 0001:00032904       Hooks.DrawPartyScreenHook
 0004:00105D2C       Hooks.DrawPartyScreenStd
 0001:000326E8       Hooks.ErrorHook1
 0001:00032708       Hooks.ErrorHook2
 0004:00105D24       Hooks.ErrorHook2Std
 0001:000325AC       Hooks.ErrorProc
 0001:0003444C       Hooks.ExitCrashHook
 0001:000329DC       Hooks.FacetCheckHook
 0001:000329EC       Hooks.FacetCheckHook2
 0001:000329FC       Hooks.FacetCheckHook3
 0001:000317FC       Hooks.FillSaveSlotsAfter
 0001:00031798       Hooks.FillSaveSlotsBefore
 0001:0003190C       Hooks.FillSaveSlotsHook
 0004:00105D00       Hooks.FillSaveSlotsStd
 0001:00034D74       Hooks.Finalization
 0001:00032264       Hooks.FindActiveMember
 0001:00033304       Hooks.FindInLod
 0001:000332FC       Hooks.FindInLodAndSeek
 0001:000333C4       Hooks.FindInLodAndSeekHook
 0001:000333CC       Hooks.FindInLodHook
 0001:00033318       Hooks.FindInLodProc
 0001:00032864       Hooks.FixBlasterSpeed
 0001:00032F74       Hooks.FixBonusDamageHook12
 0001:00032F54       Hooks.FixBonusDamageHook20
 0001:00032F5C       Hooks.FixBonusDamageHook30
 0001:00032F64       Hooks.FixBonusDamageHook5
 0001:00032F6C       Hooks.FixBonusDamageHook8
 0001:00032F94       Hooks.FixBonusDamageHookA
 0001:00032FA0       Hooks.FixBonusDamageHookBow20
 0001:00032FBC       Hooks.FixBonusDamageHookBowEDI
 0001:00032F7C       Hooks.FixBonusDamageHookC
 0001:00032F88       Hooks.FixBonusDamageHookD
 0001:00032FB0       Hooks.FixBonusDamageHookEDI
 0001:00032EF8       Hooks.FixBonusDamageProc
 0001:0003431C       Hooks.FixBuyNoMember
 0001:000348F0       Hooks.FixCharm
 0001:00032748       Hooks.FixChest
 0001:00032848       Hooks.FixChestHook
 0001:00032CA8       Hooks.FixConditionSpells
 0001:00034330       Hooks.FixDragonTargeting
 0001:00033270       Hooks.FixFingerDeathBug
 0004:00105D40       Hooks.FixFingerDeathBugStd
 0001:000342D8       Hooks.FixMovementNerf
 0001:000348A8       Hooks.FixParalyzeHook
 0001:00032A4C       Hooks.FixPrismaticBug
 0004:00105D34       Hooks.FixPrismaticBugStd
 0001:00033F6C       Hooks.FixScholarExp
 0001:00033FC0       Hooks.FixSmallScaleSprites
 0001:0003486C       Hooks.FixSpellsCost
 0001:00032DE0       Hooks.FixStatColor
 0001:00033E78       Hooks.FixStrafe1
 0001:00033E98       Hooks.FixStrafe2
 0001:00033ECC       Hooks.FixStrafeMonster1
 0001:00033EF4       Hooks.FixStrafeMonster2
 0001:00033F1C       Hooks.FixStrafeObject1
 0001:00033F44       Hooks.FixStrafeObject2
 0001:00033EAC       Hooks.FixStrafePlayer
 0001:00034174       Hooks.FixTimerRetriggerHook
 0001:000341D0       Hooks.FixTimerSetupHook1
 0001:000341F0       Hooks.FixTimerSetupHook2
 0001:00034114       Hooks.FixTimerValidate
 0001:00032FFC       Hooks.FixWaitHook
 0001:000343DC       Hooks.FixWeaponDelayBonusByNPC
 0001:00033554       Hooks.FreeCustomLod
 0001:00032A40       Hooks.FreeSoundsHook
 0001:000314D8       Hooks.GetAsyncKeyStateHook
 0001:000335C8       Hooks.GetCustomLodsList
 0001:000335D0       Hooks.GetLodRecords
 0001:0003462C       Hooks.GetRestoredRect
 0001:00033FD4       Hooks.GetTimerKind
 0001:000329C4       Hooks.GlobalTxtHook
 0001:00032FEC       Hooks.HiveSaveHook
 0001:00034A44       Hooks.HookAll
 0002:0000058C       Hooks.Hooks
 0003:00003AE0       Hooks.HooksList
 0001:00031E98       Hooks.InactiveMemberEventsHook
 0001:00031E4C       Hooks.InactiveMemberEventsProc
 0001:00032378       Hooks.IncreaseRecoveryRateHook
 0001:00032344       Hooks.IncreaseRecoveryRateProc
 0001:0003238C       Hooks.IncreaseRecoveryRateTBHook
 0001:00034490       Hooks.InstantMouseItemHook
 0001:000329D4       Hooks.IntroStrHook
 0001:000328F8       Hooks.IsMonsterTargetHook
 0001:000328A8       Hooks.IsMonsterTargetHookProc
 0004:00105D28       Hooks.IsMonsterTargetHookStd
 0001:00031694       Hooks.KeysHook
 0001:00031538       Hooks.KeysProc
 0004:00105CF4       Hooks.LastMusicStatus
 0004:00105D30       Hooks.LastPartyScreenDraw
 0004:00105D20       Hooks.LastUnhandledExceptionFilter
 0001:00033208       Hooks.LloydAutosaveFix
 0001:0003353C       Hooks.LoadCustomLod
 0001:000335D8       Hooks.LoadCustomLods
 0001:000336D8       Hooks.LoadLodsHook
 0004:0010A54C       Hooks.LoadLodsOld
 0003:00003AB0       Hooks.LodClean
 0001:00032204       Hooks.LodFileEvtOrStr
 0001:000321CC       Hooks.LodFilesHook
 0001:000320B0       Hooks.LodFilesProc
 0001:000321F8       Hooks.LodFileStoreSize
 0003:00003AA8       Hooks.LodLoad
 0003:00003AAC       Hooks.LodLoadChapter
 0004:00105D48       Hooks.LodRecords
 0001:0003299C       Hooks.MemoryFreeHook
 0001:00032984       Hooks.MemoryFreeProc
 0001:0003298C       Hooks.MemoryInitHook
 0001:000329AC       Hooks.MemoryNewHook
 0001:0003295C       Hooks.MemoryNewProc
 0001:000346D0       Hooks.MinimapZoomHook
 0003:00003AA4       Hooks.MonsterExperience
 0004:0010A580       Hooks.MonsterStrafe
 0003:00003AD8       Hooks.Monster_ChooseTargetMember
 0001:00032C60       Hooks.MouseLookFlyHook1
 0001:00032C84       Hooks.MouseLookFlyHook2
 0001:00032A78       Hooks.MouseLookFlyProc
 0003:00003ACC       Hooks.movs
 0004:00105CF8       Hooks.MusicLoopsLeft
 0001:00034738       Hooks.MyLoadCursor
 0004:00105D1C       Hooks.MyRaiseExceptionProc
 0001:000342E4       Hooks.NoMonsterJumpDown1
 0001:00034308       Hooks.NoMonsterJumpDown2
 0004:00111AB8       Hooks.NoMonsterJumpDownLim
 0001:00032A10       Hooks.NoVertexFacetHook
 0004:0010CC90       Hooks.ObjectStrafe
 0004:00111B14       Hooks.oldDeathMovie
 0004:00111AB0       Hooks.OldStart
 0001:00033B28       Hooks.OpenBikSmkHook
 0001:000312FC       Hooks.OpenCharScreen
 0001:00033870       Hooks.OpenCustomVids
 0001:00033B78       Hooks.OpenSnd
 0001:00033E18       Hooks.OpenSndHook
 0001:00033E24       Hooks.OpenSndHook2
 0001:00033C08       Hooks.OpenSndsHook
 0001:000337E8       Hooks.OpenVid
 0001:00033A60       Hooks.OpenVidsHook
 0001:00033954       Hooks.OpenVidsProc
 0001:00032E70       Hooks.PicToDmg
 0001:0003420C       Hooks.PlaceItemsVerticallyHook
 0004:0010A56C       Hooks.PlayerStrafe
 0001:000348E8       Hooks.PopActionAfter
 0001:00034814       Hooks.PostponeIntroHook
 0003:000039F0       Hooks.ProcessChar
 0001:0003135C       Hooks.QuickLoad
 0001:00031D4C       Hooks.QuickSaveDrawHook
 0001:00031D64       Hooks.QuickSaveDrawHook2
 0001:00031CE8       Hooks.QuickSaveDrawProc
 0001:00031AB4       Hooks.QuicksaveHook
 0001:00031CD4       Hooks.QuickSaveNamesHook
 0001:00031C1C       Hooks.QuickSaveNamesProc
 0004:00105D0C       Hooks.QuickSaveNamesTmp
 0001:00031948       Hooks.QuicksaveProc
 0001:00031BFC       Hooks.QuickSaveSlotHook
 0001:00031C08       Hooks.QuickSaveSlotHook2
 0001:00031AD4       Hooks.QuickSaveSlotProc
 0004:00105CEC       Hooks.QuickSaveUndone
 0003:000039F8       Hooks.QuiksaveStr
 0001:00034930       Hooks.ReadDisables
 0001:000322B8       Hooks.ReputationHook
 0004:00105D14       Hooks.ReputationHookStd
 0001:000343EC       Hooks.RightThenLeftMouseHook
 0001:00031528       Hooks.RunWalkHook
 0001:000314F8       Hooks.RunWalkProc
 0004:00105D08       Hooks.SaveBackup
 0001:0003193C       Hooks.SaveHook
 0004:00105CFC       Hooks.SaveName
 0001:00031D78       Hooks.SaveSetPauseHook
 0004:00105D10       Hooks.SaveSetPauseStd
 0003:000039F4       Hooks.SaveSpecial
 0004:00111AE4       Hooks.Scale320
 0004:00111ABC       Hooks.Scale640
 0001:00034460       Hooks.ScreenToClientHook
 0001:0003224C       Hooks.ScrollReappearHook
 0001:00032210       Hooks.ScrollReappearProc
 0001:0003227C       Hooks.ScrollTestMember
 0001:00033D70       Hooks.SelectSndFile
 0001:00033A74       Hooks.SelectVidFile
 0001:00032028       Hooks.ShootDescriptionHook
 0004:00105CED       Hooks.SkipMouseLook
 0001:000323EC       Hooks.SmackColorRemapHook
 0001:000323E4       Hooks.SmackColorRemapWithTrans
 0001:00034580       Hooks.SmackDrawHook1
 0001:000345DC       Hooks.SmackDrawHook2
 0001:00034564       Hooks.SmackDrawProc1
 0001:00034598       Hooks.SmackDrawProc2
 0001:00034604       Hooks.SmackLoadHook
 0001:000323C0       Hooks.SmackVolumeHook
 0001:000323B8       Hooks.SmackVolumePan
 0004:00111B0C       Hooks.SmkBmp
 0004:00111B10       Hooks.SmkScanline
 0004:0010A560       Hooks.SndFiles
 0004:0010A564       Hooks.SndHandles
 0004:0010A55C       Hooks.SndList
 0003:00003A00       Hooks.Sprintf1
 0003:00003A04       Hooks.Sprintf2
 0001:00033F84       Hooks.StartHook
 0001:00032DD4       Hooks.StatColorFixHook
 0003:00003AC8       Hooks.std
 0001:0003287C       Hooks.StereoHook
 0001:00033E68       Hooks.StrafeOrWalkHook
 0001:00033E30       Hooks.StrafeOrWalkProc
 0003:00003A0C       Hooks.Targets
 0003:00003A4C       Hooks.Targets
 0003:00003AB4       Hooks.TimerPeriods
 0001:00033FF0       Hooks.TimerSetTriggerTime
 0001:00033244       Hooks.TPAutosaveFix
 0004:00111AB4       Hooks.TPDelay
 0001:0003421C       Hooks.TPDelayHook1
 0001:00034280       Hooks.TPDelayHook2
 0001:00034234       Hooks.TPDelayProc2
 0001:00032FC4       Hooks.TPFixHook
 0004:00105D38       Hooks.TPFixStd
 0001:00031E40       Hooks.TrainLevelHook
 0001:00031DB4       Hooks.TrainLevelProc
 0004:00105D3C       Hooks.TravelGold
 0001:00033050       Hooks.TravelGoldFixHook1
 0001:00033060       Hooks.TravelGoldFixHook2
 0001:00033074       Hooks.TravelWalkTriggerFixHook
 0001:00032320       Hooks.TurnSpeedHook
 0004:00105D18       Hooks.TurnSpeedStd
 0001:000324F8       Hooks.UnhandledException
 0001:000340F0       Hooks.UpdatePeriodicTimer
 0004:0010A554       Hooks.VidFiles
 0004:0010A558       Hooks.VidHandles
 0004:0010A550       Hooks.VidList
 0001:00031770       Hooks.WindowProcCharHook
 0001:00031730       Hooks.WindowProcKeyHook
 0001:000316A0       Hooks.WindowProcKeyProc
 0003:00003A08       Hooks._ClearLevel
 0004:00105CF0       Hooks._sprintfex
 0003:00003AC4       Hooks.__ftol
 0004:000033A4       IniFiles..8
 0001:000151CC       IniFiles..EIniFileException
 0001:0001522C       IniFiles..TCustomIniFile
 0001:000152FC       IniFiles..TIniFile
 0001:000162F0       IniFiles.Finalization
 0002:00000314       IniFiles.IniFiles
 0001:000153B4       IniFiles.TCustomIniFile.Create
 0001:00015A60       IniFiles.TCustomIniFile.ReadBinaryStream
 0001:0001551C       IniFiles.TCustomIniFile.ReadBool
 0001:00015548       IniFiles.TCustomIniFile.ReadDate
 0001:00015600       IniFiles.TCustomIniFile.ReadDateTime
 0001:000156B8       IniFiles.TCustomIniFile.ReadFloat
 0001:000153F0       IniFiles.TCustomIniFile.ReadInteger
 0001:00015D50       IniFiles.TCustomIniFile.ReadSections
 0001:00015770       IniFiles.TCustomIniFile.ReadTime
 0001:000159F0       IniFiles.TCustomIniFile.ValueExists
 0001:00015BDC       IniFiles.TCustomIniFile.WriteBinaryStream
 0001:000159D4       IniFiles.TCustomIniFile.WriteBool
 0001:00015828       IniFiles.TCustomIniFile.WriteDate
 0001:00015890       IniFiles.TCustomIniFile.WriteDateTime
 0001:000158F0       IniFiles.TCustomIniFile.WriteFloat
 0001:000154C0       IniFiles.TCustomIniFile.WriteInteger
 0001:00015954       IniFiles.TCustomIniFile.WriteTime
 0001:000162A4       IniFiles.TIniFile.DeleteKey
 0001:00015E04       IniFiles.TIniFile.Destroy
 0001:00016250       IniFiles.TIniFile.EraseSection
 0001:00015FFC       IniFiles.TIniFile.ReadSection
 0001:00015EFC       IniFiles.TIniFile.ReadSections
 0001:00016104       IniFiles.TIniFile.ReadSectionValues
 0001:00015E30       IniFiles.TIniFile.ReadString
 0001:000162D4       IniFiles.TIniFile.UpdateFile
 0001:00015E90       IniFiles.TIniFile.WriteString
 0003:00000B28       IniFiles.Values
 0001:00013F7C       Math.EnsureRange
 0001:00013F70       Math.IfThen
 0001:00013F5C       Math.SinCos
 0001:00034E58       MM6patch.Finalization
 0002:0000064C       MM6patch.MM6patch
 0004:00003928       MMCommon..1
 0001:000245E0       MMCommon.AddAction
 0004:00003550       MMCommon.AddDescriptions
 0001:0001FBC4       MMCommon.AddInfo
 0001:000249FC       MMCommon.AddIniInfo
 0001:0001F994       MMCommon.AddIniInfos
 0001:0001FB38       MMCommon.AddIniSectSpace
 0004:0000370D       MMCommon.AlwaysRun
 0004:000036DC       MMCommon.AlwaysStrafe
 0001:00023BFC       MMCommon.ApplyBytePatches
 0004:000036ED       MMCommon.Autorun
 0004:0000392C       MMCommon.BaseClientRect
 0004:000036E2       MMCommon.BorderlessFullscreen
 0004:000036E3       MMCommon.BorderlessProportional
 0004:000036FB       MMCommon.BorderlessTopmost
 0004:000036D8       MMCommon.CapsLockToggleRun
 0001:00024474       MMCommon.CheckHook
 0001:0002450C       MMCommon.CheckHooks
 0004:000036EC       MMCommon.ClickThroughEffects
 0001:0002452C       MMCommon.ClipCursorRel
 0004:000036F3       MMCommon.DeadPlayerShowItemInfo
 0001:0001FF84       MMCommon.DeleteKey
 0001:0001F7EC       MMCommon.DelIniInfo
 0004:00003704       MMCommon.DisabledHooks
 0001:0001F79C       MMCommon.DisableHook
 0004:0000354C       MMCommon.dist_mist
 0001:0001F89C       MMCommon.DoAddIniInfo
 0001:000247C4       MMCommon.DoLoadSound
 0001:000247B8       MMCommon.DoPlaySound
 0001:0001FBF4       MMCommon.DoReadString
 0004:000036FC       MMCommon.DoubleSpeed
 0001:000246BC       MMCommon.Draw8t
 0004:000036F8       MMCommon.ExitTalkingWithRightButton
 0001:00024BC0       MMCommon.Finalization
 0004:000036E9       MMCommon.FixChestsByCompacting
 0004:000036EA       MMCommon.FixConditionPriorities
 0004:000036F2       MMCommon.FixDeadPlayerIdentifyItem
 0004:000036F0       MMCommon.FixHitDistantMonstersIndoor
 0004:000036F7       MMCommon.FixHouseAnimationRestart
 0004:000036E1       MMCommon.FixInactivePlayersActing
 0004:000036E0       MMCommon.FixInfiniteScrolls
 0004:0000370F       MMCommon.FixStarburst
 0004:0000370E       MMCommon.FixWalk
 0001:0001F93C       MMCommon.FmtInfo
 0004:00003574       MMCommon.FormatSettingsEN
 0004:000036DA       MMCommon.FreeTabInInventory
 0004:00003708       MMCommon.GameSavedText
 0001:00024748       MMCommon.GetCurrentPlayer
 0001:0002485C       MMCommon.GetMapExtra
 0001:000245BC       MMCommon.GetMouseTarget
 0001:00023914       MMCommon.GetOptions
 0004:000036F1       MMCommon.GreenItemsWhileRightClick
 0001:0001FF10       MMCommon.HasKey
 0004:00003548       MMCommon.HintStayTime
 0004:00003944       MMCommon.InfoDel
 0004:00003940       MMCommon.InfoList
 0004:0000393C       MMCommon.InfoSect
 0001:00024760       MMCommon.IsMonAlive
 0001:0002391C       MMCommon.LoadExeMods
 0001:00024724       MMCommon.LoadIcon
 0001:0001FFB0       MMCommon.LoadIni
 0004:00003924       MMCommon.LoadSound
 0004:00003714       MMCommon.MappedKeys
 0004:00003814       MMCommon.MappedKeysBack
 0004:000036DF       MMCommon.MLookRaw
 0004:0000367C       MMCommon.MLookRawMul
 0003:000014B4       MMCommon.MLookRightPressed
 0004:00003554       MMCommon.MLookSpeed
 0004:0000355C       MMCommon.MLookSpeed2
 0002:000004E0       MMCommon.MMCommon
 0004:000036DE       MMCommon.MouseLookChanged
 0004:000036FA       MMCommon.MouseLookChanged2
 0004:000036E4       MMCommon.MouseLookCursorHD
 0004:00003564       MMCommon.MouseLookRememberTime
 0004:000036F6       MMCommon.NeedFreeSpaceCheck
 0001:0002467C       MMCommon.NeedScreenWH
 0004:000036D9       MMCommon.NoDeathMovie
 0004:000036F9       MMCommon.NoIntoLogos
 0004:00003711       MMCommon.NoPlayerSwap
 0003:0000134C       MMCommon.Options
 0004:000036E8       MMCommon.PlaceChestItemsVertically
 0004:00003710       MMCommon.PlaceItemsVertically
 0004:0000368C       MMCommon.PlayerNotActive
 0004:00003920       MMCommon.PlaySound
 0001:0002459C       MMCommon.PtInView
 0004:0000369C       MMCommon.QuickSaveDigitSpace
 0004:00003528       MMCommon.QuickSaveKey
 0004:00003698       MMCommon.QuickSaveName
 0004:00003524       MMCommon.QuickSavesCount
 0001:0001FDA8       MMCommon.ReadBool
 0001:00023AF4       MMCommon.ReadBStr
 0001:0001F674       MMCommon.ReadDisabledHooks
 0001:0001FDD4       MMCommon.ReadFloat
 0001:0001FCF0       MMCommon.ReadInteger
 0001:0001FCC8       MMCommon.ReadLocString
 0001:0001FC90       MMCommon.ReadString
 0004:00003688       MMCommon.RecoveryTimeInfo
 0004:00003540       MMCommon.RenderMaxHeight
 0004:0000353C       MMCommon.RenderMaxWidth
 0004:000036DB       MMCommon.ReputationNumber
 0004:000036A0       MMCommon.SArmorHalved
 0004:000036A4       MMCommon.SArmorHalvedMessage
 0001:00024874       MMCommon.SaveBufferToBitmap
 0004:00003664       MMCommon.ScalingParam1
 0004:00003670       MMCommon.ScalingParam2
 0004:000036C4       MMCommon.SChooseASpell
 0004:00003690       MMCommon.SDoubleSpeed
 0004:000036A8       MMCommon.SDuration
 0004:000036B4       MMCommon.SDurationDy
 0004:000036B8       MMCommon.SDurationHr
 0004:000036BC       MMCommon.SDurationMn
 0004:000036B0       MMCommon.SDurationMo
 0004:000036AC       MMCommon.SDurationYr
 0004:0000391C       MMCommon.SetSpellBuff
 0004:00003918       MMCommon.SH
 0004:00003700       MMCommon.ShooterButtons
 0004:00003568       MMCommon.ShooterDelay
 0004:000036EE       MMCommon.ShowHintWithRMB
 0001:00024614       MMCommon.ShowStatusText
 0004:000036E5       MMCommon.SmoothScaleViewSW
 0004:00003694       MMCommon.SNormalSpeed
 0004:000036D4       MMCommon.SNotAvailable
 0004:000036E7       MMCommon.SpriteAngleCompensation
 0004:000036EB       MMCommon.SpriteInteractIgnoreId
 0004:000036C0       MMCommon.SRemoveASpell
 0004:000036C8       MMCommon.SSetASpell
 0004:000036CC       MMCommon.SSetASpell2
 0004:000036D0       MMCommon.SStoleItem
 0004:000036DD       MMCommon.StandardStrafe
 0001:00023DB0       MMCommon.Stretch
 0004:0000364C       MMCommon.StretchHeight
 0004:00003658       MMCommon.StretchHeightFull
 0004:00003634       MMCommon.StretchWidth
 0004:00003640       MMCommon.StretchWidthFull
 0004:00003914       MMCommon.SW
 0004:000036F4       MMCommon.SystemDDraw
 0001:000247DC       MMCommon.TMapExtra.GetPeriodicTimer
 0004:00003530       MMCommon.TurnBasedPartySpeed
 0004:0000352C       MMCommon.TurnBasedSpeed
 0004:00003570       MMCommon.TurnSpeedDouble
 0004:0000356C       MMCommon.TurnSpeedNormal
 0004:0000370C       MMCommon.UseMM6text
 0004:000036F5       MMCommon.UseVoodoo
 0004:000036EF       MMCommon.WasInDialog
 0004:000036E6       MMCommon.WasIndoor
 0004:00003538       MMCommon.WindowHeight
 0004:00003534       MMCommon.WindowWidth
 0004:00003544       MMCommon.WinScreenDelay
 0001:00023E00       MMCommon.Wnd_CalcClientRect
 0001:00023F38       MMCommon.Wnd_PaintBorders
 0001:000240E8       MMCommon.Wnd_Sizing
 0001:00024098       MMCommon.Wnd_Sizing_GetWH
 0001:00024438       MMCommon.Wnd_Sizing_SetWH
 0003:000014B8       MMCommon._ActionQueue
 0003:000014D4       MMCommon._DrawItemInfoBox
 0003:000014D0       MMCommon._FaceAnim
 0003:000014C8       MMCommon._malloc
 0003:000014CC       MMCommon._ProcessActions
 0003:000014BC       MMCommon._SetHint
 0003:000014C0       MMCommon._SpritesToDraw
 0003:000014C4       MMCommon._SpritesToDrawCount
 0001:000247D0       MMCommon.__SetSpellBuff
 0004:00105B50       MMHooks..1
 0004:00105B44       MMHooks.AllowMovieQuickLoad
 0001:00030C20       MMHooks.ApplyHooks
 0001:00030DBC       MMHooks.ApplyMMDeferredHooks
 0001:00030C58       MMHooks.ApplyMMHooks
 0001:00030F34       MMHooks.ApplyMMHooksLodsLoaded
 0001:00030F1C       MMHooks.ApplyMMHooksSW
 0004:00105B48       MMHooks.ArrowCur
 0003:00001834       MMHooks.ArrRef
 0001:0002FB40       MMHooks.ASpellBookAction
 0001:0002FEF4       MMHooks.ASpellClickMon
 0003:000018CC       MMHooks.ASpellIcon
 0003:000018D0       MMHooks.ASpellIconDn
 0001:0002FDA4       MMHooks.ASpellPopAction
 0004:00105C98       MMHooks.ASpellPressed
 0001:0002FDDC       MMHooks.AttackKeyHook
 0001:00030418       MMHooks.AttackMonHook
 0001:00030434       MMHooks.AttackMonHook2
 0004:00105B60       MMHooks.BackupStatusStr
 0004:00105B5C       MMHooks.BackupStatusTime
 0003:000017E0       MMHooks.Btn
 0001:0002FAB8       MMHooks.BuildSpellBook
 0001:0002FAFC       MMHooks.BuildSpellBookHook
 0001:000303E8       MMHooks.CanAttackMon
 0001:0002D25C       MMHooks.CheckKey
 0001:00030C40       MMHooks.CheckMMHooks
 0001:0002D26C       MMHooks.CheckMouseKey
 0001:0002DAFC       MMHooks.CheckMouseLook
 0001:00030BAC       MMHooks.CheckNoWaterWalkDrain
 0001:0002D298       MMHooks.CheckRightPressed
 0001:0002EBE4       MMHooks.ChestPlaceItem
 0001:0002EB68       MMHooks.ChestVerticalHook6
 0001:0002E4D0       MMHooks.ClearKeyStatesHook
 0001:0002F4A0       MMHooks.CloseNPCDialog
 0001:0002F4E4       MMHooks.CloseNPCDialog2
 0001:0002F504       MMHooks.CloseNPCDialog6
 0003:00001854       MMHooks.CodeRef
 0001:0002D2B0       MMHooks.CommonKeysProc
 0003:000017F0       MMHooks.CondOrder
 0001:00030690       MMHooks.CreateFileHook
 0001:000305D8       MMHooks.CreateTempFileProc
 0001:000304D4       MMHooks.DeadShowItemInfoProc
 0001:000306D4       MMHooks.DeleteFileHook
 0001:00030558       MMHooks.DelFromCache
 0001:00030A00       MMHooks.DoFixBuffTime
 0001:0002F728       MMHooks.DoFixConditionPriorities
 0001:00030B20       MMHooks.DoFixMonsterAttackCorpse
 0001:000304AC       MMHooks.DoShowItemInfo
 0001:0002F47C       MMHooks.DrawDoneHook
 0001:0002F304       MMHooks.DrawEffectsHook
 0001:000310AC       MMHooks.DrawMyInterface
 0001:0002E604       MMHooks.DrawScaled
 0001:000301AC       MMHooks.DrawShooter
 0001:0002FA58       MMHooks.DrawSpellBook
 0004:00105C5C       MMHooks.EmptyCur
 0001:00030BFC       MMHooks.EmptyWandProc
 0001:0002EB58       MMHooks.EnchantItemRightClick
 0003:000018D4       MMHooks.f
 0001:0002FB04       MMHooks.FetchSpellSound
 0001:00031224       MMHooks.Finalization
 0001:00030448       MMHooks.FixAttackMonster
 0001:00030AC4       MMHooks.FixBerserkHitParty
 0001:00030AD4       MMHooks.FixBerserkHitParty2
 0001:00030AF4       MMHooks.FixBerserkHitParty3
 0001:00030950       MMHooks.FixBright5AM
 0001:00030AAC       MMHooks.FixBuffTime
 0001:0002ED94       MMHooks.FixChestsCompact
 0001:0002ECC8       MMHooks.FixChestsCompactProc
 0001:0002F6F8       MMHooks.FixChestSmartHook
 0001:0002F50C       MMHooks.FixChestSmartProc
 0001:000309F4       MMHooks.FixClubs
 0001:0002F70C       MMHooks.FixCompareBuff
 0001:0003048C       MMHooks.FixDeadIdentifyItemProc
 0001:000309F0       MMHooks.FixItemGeneration
 0001:0002F908       MMHooks.FixItemSpells
 0001:00030B64       MMHooks.FixLightBolt
 0001:0002FA20       MMHooks.FixMonSteal
 0001:0002F9FC       MMHooks.FixMonStealCheck
 0001:00030B44       MMHooks.FixMonsterAttackCorpse
 0001:00030B98       MMHooks.FixMonstersBodyAttack
 0001:00030830       MMHooks.FixMonsterSpellsMM6
 0001:00030B84       MMHooks.FixMonstersSummon
 0001:00030AB8       MMHooks.FixPotionBreakItem
 0001:00030474       MMHooks.FixQSpellPointsCheck
 0001:0002F998       MMHooks.FixRemoveInvItemChest
 0001:0002F94C       MMHooks.FixRemoveInvItemPlayer
 0001:00030960       MMHooks.FixStartupCopyright
 0001:00030C04       MMHooks.FixUnimplementedSpells
 0001:00030BEC       MMHooks.FixWaterWalkManaDrain
 0001:0003045C       MMHooks.FixZeroRecovery
 0001:0003084C       MMHooks.FreeSpaceCheck
 0004:00105CC4       MMHooks.FTempFilesCache
 0001:0002EB88       MMHooks.GetChestItemMask
 0001:0002D944       MMHooks.GetMLookCenter
 0001:0002D8F8       MMHooks.GetMLookPoint
 0004:00105B58       MMHooks.GetRawInputData
 0001:0002FB24       MMHooks.GetSpName
 0004:00105C90       MMHooks.HintDelay
 0003:00001898       MMHooks.HookArr
 0003:00001864       MMHooks.HookCode
 0001:00030454       MMHooks.HookHitDistantMonster
 0003:00002810       MMHooks.Hooks
 0003:00001908       MMHooks.HooksCommon
 0004:00105CC8       MMHooks.HouseAnimBuf
 0004:00105CCC       MMHooks.HouseAnimParams
 0001:0002F9B0       MMHooks.InactivePlayerActFix
 0001:0002F290       MMHooks.IsEffectSprite
 0001:0002E7CC       MMHooks.IsLayoutActive
 0003:00001904       MMHooks.IsMonOfKind
 0004:00105CC2       MMHooks.IsReadTempFile
 0004:00105CC1       MMHooks.IsTempFile
 0001:0002EAD4       MMHooks.KeyControl
 0001:0002EAAC       MMHooks.KeyControlCancel
 0001:0002EB48       MMHooks.KeyControlCheckInvis
 0001:0002EB1C       MMHooks.KeyControlCheckUnblock
 0001:0002EAC4       MMHooks.KeyControlEnter
 0001:0002EA88       MMHooks.KeyControlMouse
 0004:00105C80       MMHooks.KeyControlMouseBlocked
 0004:00105C84       MMHooks.KeyControlMouseBlockScreen
 0004:00105C7C       MMHooks.LastMouseItem
 0004:00105C94       MMHooks.LastRemovedItem
 0001:00031000       MMHooks.LoadInterface
 0001:0002DFFC       MMHooks.LoadMLookBmp
 0001:0002EA80       MMHooks.LoadSaveEnter
 0004:00105C40       MMHooks.MCenter
 0004:00105C48       MMHooks.MLastPos
 0004:00105C64       MMHooks.MLookBmp
 0004:00105C68       MMHooks.MLookBmpShooter
 0001:0002E214       MMHooks.MLookDraw
 0001:0002E2F8       MMHooks.MLookDrawHD
 0004:00105C30       MMHooks.MLookDX
 0004:00105C34       MMHooks.MLookDY
 0004:00105C6C       MMHooks.MLookHDBmp
 0004:00105C70       MMHooks.MLookHDBmpShooter
 0004:00105B4E       MMHooks.MLookIsTemp
 0001:0002E168       MMHooks.MLookLoadBmp
 0004:00105C28       MMHooks.MLookPartX
 0004:00105C2C       MMHooks.MLookPartY
 0004:00105C58       MMHooks.MLookStartTime
 0004:00105C50       MMHooks.MLookTempPos
 0002:00000550       MMHooks.MMHooks
 0001:000304F0       MMHooks.MonSpritesSizeSW
 0001:00030504       MMHooks.MonSpritesSizeSW2
 0001:000304DC       MMHooks.MonsterIsAliveHook
 0001:0002DFA8       MMHooks.MouseLookHook
 0001:0002DFE8       MMHooks.MouseLookHook2
 0001:0002E450       MMHooks.MouseLookHook3
 0004:00105C60       MMHooks.MouseLookHook3Std
 0004:00105B4C       MMHooks.MouseLookOn
 0004:00105C38       MMHooks.MWndPos
 0003:000017E8       MMHooks.myAnd
 0001:0002D400       MMHooks.MyClipCursor
 0003:000017EC       MMHooks.myXor
 0001:0002E4F4       MMHooks.NeedScreenDraw
 0001:00030F4C       MMHooks.NeedWindowSize
 0001:00030480       MMHooks.NegativeResHook
 0001:00030940       MMHooks.NoVertexHook
 0004:00105C88       MMHooks.ObjectByPixelBackup
 0001:00030F48       MMHooks.OnLoaded
 0001:0002E890       MMHooks.PaperDollInChestCreateButtons
 0001:0002EA30       MMHooks.PaperDollInChestsDraw
 0001:0002E9E8       MMHooks.PaperDollInChestsInit
 0001:0002EA6C       MMHooks.PaperDollInChestsRightClick6
 0001:0002E910       MMHooks.PaperDollInChestsUpdate
 0001:0002DD98       MMHooks.Partial
 0001:0002DDC4       MMHooks.ProcessMouseLook
 0001:0002DF24       MMHooks.ProcessRawMouseLook
 0001:0002FE10       MMHooks.QSpellKeyHook
 0001:0002FE28       MMHooks.QSpellUseHook
 0004:00105B54       MMHooks.RegisterRawInputDevices
 0001:0002F91C       MMHooks.RemoveInvItem
 0001:0002F964       MMHooks.RemoveInvItemChest
 0001:00030468       MMHooks.RMBColorItems
 0001:0002EFC0       MMHooks.SaveGameBugHook
 0004:00105CE4       MMHooks.ScreenDirty
 0004:00105C74       MMHooks.ScreenDraw
 0004:00105C78       MMHooks.ScreenDrawScanline
 0001:000306C8       MMHooks.SetReadTempFile
 0001:000306BC       MMHooks.SetTempFile
 0001:0002FF60       MMHooks.ShooterCheckKey
 0001:000300A8       MMHooks.ShooterCheckKeyHook
 0001:00030104       MMHooks.ShooterCheckMon
 0001:00030150       MMHooks.ShooterCheckMonDirection
 0001:000303B0       MMHooks.ShooterCreateProjectile
 0001:000300C0       MMHooks.ShooterEachTickHook
 0001:00030134       MMHooks.ShooterFindMon
 0001:00030370       MMHooks.ShooterFixProjectilePos
 0001:0002D41C       MMHooks.ShooterPress
 0004:00105CC0       MMHooks.ShooterQSpell
 0001:0003016C       MMHooks.ShooterRightClick
 0001:0003018C       MMHooks.ShooterSetSwordMon
 0001:000301A4       MMHooks.ShooterSetSwordMonHook
 0003:000018EC       MMHooks.ShooterSwordCheckMul
 0003:000018D8       MMHooks.ShooterSwordIconNames
 0004:00105CAC       MMHooks.ShooterSwordIcons
 0004:00105CA4       MMHooks.ShooterSwordMon
 0004:00105CA8       MMHooks.ShooterSwordTime
 0004:00105B4F       MMHooks.SkipMouseLook
 0001:000307D8       MMHooks.SmackDoFrameHook
 0001:000307CC       MMHooks.SmackToBufferHook
 0001:00030710       MMHooks.SmackToBufferProc
 0001:0002EFB0       MMHooks.SpritesAngleHook6
 0001:0002EDA4       MMHooks.SpritesAngleProc6
 0001:0002D9A8       MMHooks.StartRawMouseLook
 0001:0002D898       MMHooks.SwitchToFullscreenHook
 0001:0002D814       MMHooks.SwitchToWindowedHook
 0001:0003051C       MMHooks.TempFilesCache
 0004:00105C9C       MMHooks.TestedASpell
 0001:0002E7D0       MMHooks.TransformMouseCoord
 0001:0002E82C       MMHooks.TransformMousePos
 0001:00030988       MMHooks.TravelDelayHook1
 0001:00030994       MMHooks.TravelDelayHook2
 0001:000309A0       MMHooks.TravelDelayHook3
 0001:0002FE64       MMHooks.TryASpell
 0001:000309CC       MMHooks.UpdateAfterTab
 0001:0002F830       MMHooks.UpdateHintHook
 0004:00105CA0       MMHooks.WasASpell
 0004:00105B4D       MMHooks.WasMouseLookOn
 0004:00105C8C       MMHooks.WasSpriteIndex
 0001:0002D470       MMHooks.WindowProcHook
 0003:00001900       MMHooks._UpdateAwards
 0001:000267E4       MMSystem.timeGetTime
 0004:00003948       MP3..1
 0001:00024CE8       MP3.AIL_close_stream
 0001:00024CE0       MP3.AIL_open_stream
 0001:00024CF0       MP3.AIL_pause_stream
 0001:00024F5C       MP3.AIL_redbook_open_Hook
 0001:00024F10       MP3.AIL_redbook_pause_Hook
 0001:00024D6C       MP3.AIL_redbook_play_Hook
 0001:00024F30       MP3.AIL_redbook_resume_Hook
 0001:00024ED0       MP3.AIL_redbook_set_volume_Hook
 0001:00024D20       MP3.AIL_redbook_status
 0001:00024D48       MP3.AIL_redbook_stop_Hook
 0001:00024F50       MP3.AIL_redbook_tracks_Hook
 0001:00024D30       MP3.AIL_redbook_track_info_Hook
 0001:00024D00       MP3.AIL_service_stream
 0001:00024D18       MP3.AIL_set_preference
 0001:00024D10       MP3.AIL_set_stream_ms_position
 0001:00024CF8       MP3.AIL_set_stream_volume
 0001:00024D08       MP3.AIL_start_stream
 0001:00024D28       MP3.AIL_stream_status
 0001:00024FE0       MP3.Finalization
 0001:00024F70       MP3.HookMP3
 0003:000014D8       MP3.HooksList
 0002:00000530       MP3.MP3
 0004:0000394C       MP3.mp3stream
 0004:00003950       MP3.mp3volume
 0001:00024F80       MP3.RedbookStatus
 0004:00003984       MultiMon..1
 0004:00003980       MultiMon.EnumDisplayMonitors
 0001:00026F30       MultiMon.Finalization
 0004:00003974       MultiMon.GetMonitorInfo
 0004:00003978       MultiMon.GetMonitorInfoA
 0004:0000397C       MultiMon.GetMonitorInfoW
 0004:00003964       MultiMon.GetSystemMetrics
 0001:000267EC       MultiMon.InitAnApi
 0004:0000398C       MultiMon.InitApis
 0001:00026EC4       MultiMon.InitMultiMonStubs
 0004:00003994       MultiMon.MMAvailable
 0004:00003970       MultiMon.MonitorFromPoint
 0004:0000396C       MultiMon.MonitorFromRect
 0004:00003968       MultiMon.MonitorFromWindow
 0002:00000538       MultiMon.MultiMon
 0004:00003988       MultiMon.User32Dll
 0001:00026D94       MultiMon.xEnumDisplayMonitors
 0001:00026B18       MultiMon.xGetMonitorInfo
 0001:00026BEC       MultiMon.xGetMonitorInfoA
 0001:00026CC0       MultiMon.xGetMonitorInfoW
 0001:00026A80       MultiMon.xMonitorFromPoint
 0001:00026958       MultiMon.xMonitorFromRect
 0001:000269E8       MultiMon.xMonitorFromWindow
 0001:000268D0       MultiMon._GetSystemMetrics
 0004:000034BC       Registry..5
 0001:00017210       Registry..ERegistryException
 0001:00017270       Registry..TRegistry
 0001:00017318       Registry.DataTypeToRegData
 0001:00017778       Registry.Finalization
 0001:00017304       Registry.IsRelative
 0001:000172D8       Registry.ReadError
 0002:0000035C       Registry.Registry
 0001:0001740C       Registry.TRegistry.ChangeKey
 0001:000173B0       Registry.TRegistry.CloseKey
 0001:00017340       Registry.TRegistry.Create
 0001:00017384       Registry.TRegistry.Destroy
 0001:00017430       Registry.TRegistry.GetBaseKey
 0001:000176EC       Registry.TRegistry.GetData
 0001:000175FC       Registry.TRegistry.GetDataInfo
 0001:0001764C       Registry.TRegistry.GetDataSize
 0001:00017444       Registry.TRegistry.OpenKeyReadOnly
 0001:00017674       Registry.TRegistry.ReadString
 0001:000173E0       Registry.TRegistry.SetRootKey
 0003:00000BE0       Registry.Values
 0004:000033AC       RSCodeHook..1
 0004:000033B0       RSCodeHook.AllocPtr
 0004:000033B4       RSCodeHook.AllocSize
 0001:00016454       RSCodeHook.CopyCode
 0001:00016A80       RSCodeHook.Finalization
 0001:00016500       RSCodeHook.Jmp
 0001:0001640C       RSCodeHook.RSAllocCode
 0001:00016518       RSCodeHook.RSApplyHook
 0001:0001698C       RSCodeHook.RSApplyHooks
 0001:000169C0       RSCodeHook.RSCheckHook
 0002:00000324       RSCodeHook.RSCodeHook
 0003:00000BAC       RSCodeHook.RSEmptyHook
 0001:00016488       RSCodeHook.RSGetHookValue
 0001:00025028       RSDebug.CallOnException
 0004:00003954       RSDebug.DebugActive
 0001:00025440       RSDebug.DoTrace
 0001:000254C8       RSDebug.DoTraceCall
 0001:00025ECC       RSDebug.FormatSystemTime
 0001:00026598       RSDebug.FreeException
 0001:00025270       RSDebug.GetExcFrame
 0001:00025268       RSDebug.GetStackTop
 0004:00003958       RSDebug.LastDebugHook
 0004:00003960       RSDebug.LastExcProps
 0004:0000395C       RSDebug.LastRaiseExceptionProc
 0001:00026678       RSDebug.ProcessException
 0001:00025038       RSDebug.RaiseExceptionHook
 0005:00000030       RSDebug.Recursion
 0003:00001730       RSDebug.RSCallTraceOptions
 0003:00001720       RSDebug.RSCheckRetAddrOptions
 0001:000252F0       RSDebug.RSCreateStackInfo
 0001:000251D8       RSDebug.RSDebugHook
 0003:000016E0       RSDebug.RSDebugOptions
 0001:00026770       RSDebug.RSDebugUseDefaults
 0001:00025B78       RSDebug.RSDefaultEndTrace
 0001:00025A18       RSDebug.RSDefaultStackTrace
 0001:00025AE8       RSDebug.RSDefaultStackTraceCall
 0001:00025958       RSDebug.RSDefaultTraceCall
 0001:00025838       RSDebug.RSDefultAddressDetails
 0001:00026738       RSDebug.RSLogExceptions
 0001:000261BC       RSDebug.RSLogSingleException
 0001:00026630       RSDebug.RSOnDoneExceptions
 0001:00026400       RSDebug.RSOnException
 0001:00025344       RSDebug.RSStackInfoNextFrame
 0003:00001740       RSDebug.RSStackTraceOptions
 0001:000257D8       RSDebug.RSTraceFunctionCalls
 0001:00025DA4       RSDebug.RSTraceHeader
 0001:00025BA0       RSDebug.RSTraceRegisters
 0001:00025820       RSDebug.RSTraceStack
 0001:00025F64       RSDebug.RSTraceSystemInfo
 0001:000260C8       RSDebug.RSValidCallSite
 0001:0002606C       RSDebug.RSValidRetAddr
 0001:00025588       RSDebug.StackTrace
 0001:0002538C       RSDebug.TryTrace
 0001:00025278       RSDebug.ValidateFrames
 0001:0001E5C8       RSGraphics.DoBufBitmap
 0001:0001E7B0       RSGraphics.RSBufferToBitmap
 0001:0001E52C       RSGraphics.RSGetPixelFormat
 0001:0001E910       RSIni..TRSMemIni
 0001:0001E7F0       RSIni..TRSMemIniStrings
 0001:0001F35C       RSIni.TRSMemIni.Create
 0001:0001F3A8       RSIni.TRSMemIni.DeleteKey
 0001:0001F3D4       RSIni.TRSMemIni.Destroy
 0001:0001F408       RSIni.TRSMemIni.EraseSection
 0001:0001F440       RSIni.TRSMemIni.Flush
 0001:0001F450       RSIni.TRSMemIni.HasKey
 0001:0001F45C       RSIni.TRSMemIni.ReadSection
 0001:0001F468       RSIni.TRSMemIni.ReadSections
 0001:0001F474       RSIni.TRSMemIni.ReadSectionValues
 0001:0001F480       RSIni.TRSMemIni.ReadString
 0001:0001F4CC       RSIni.TRSMemIni.Reload
 0001:0001F4FC       RSIni.TRSMemIni.UpdateFile
 0001:0001F514       RSIni.TRSMemIni.WriteString
 0001:0001EA04       RSIni.TRSMemIniStrings.Changed
 0001:0001EA10       RSIni.TRSMemIniStrings.Create
 0001:0001EA70       RSIni.TRSMemIniStrings.Destroy
 0001:0001EAA0       RSIni.TRSMemIniStrings.DoFind
 0001:0001EAEC       RSIni.TRSMemIniStrings.DoGetKey
 0001:0001E9C8       RSIni.TRSMemIniStrings.FindKey
 0001:0001EBF4       RSIni.TRSMemIniStrings.FindKey
 0001:0001EC80       RSIni.TRSMemIniStrings.FindNextSection
 0001:0001ECD4       RSIni.TRSMemIniStrings.FindSection
 0001:0001ECA8       RSIni.TRSMemIniStrings.FindSectionEnd
 0001:0001ED70       RSIni.TRSMemIniStrings.GetKey
 0001:0001EDB0       RSIni.TRSMemIniStrings.GetNameIndex
 0001:0001EDC4       RSIni.TRSMemIniStrings.GetObject
 0001:0001EDC8       RSIni.TRSMemIniStrings.GetValue
 0001:0001EEB8       RSIni.TRSMemIniStrings.InsertItem
 0001:0001EF1C       RSIni.TRSMemIniStrings.IsComment
 0001:0001EF34       RSIni.TRSMemIniStrings.IsSectionHeader
 0001:0001EF8C       RSIni.TRSMemIniStrings.LineChanged
 0001:0001EF4C       RSIni.TRSMemIniStrings.NeedName
 0001:0001EFF4       RSIni.TRSMemIniStrings.Put
 0001:0001F038       RSIni.TRSMemIniStrings.PutObject
 0001:0001F06C       RSIni.TRSMemIniStrings.ReadSection
 0001:0001F214       RSIni.TRSMemIniStrings.ReadSections
 0001:0001F328       RSIni.TRSMemIniStrings.WalkBackComments
 0004:00003300       RSQ..2
 0004:000032F8       RSQ.AppPath
 0004:000032FC       RSQ.AppTitle
 0001:00014070       RSQ.ArrayDelete
 0003:00000B20       RSQ.BoolStr
 0003:00000B1C       RSQ.BoolToInt
 0001:000141B8       RSQ.ChangeFileExt
 0001:0001435C       RSQ.ExcludeTrailingPathDelimiter
 0001:000140E8       RSQ.ExistsLockedOrShared
 0001:00014284       RSQ.ExtractFileName
 0001:00014250       RSQ.ExtractFilePath
 0001:00014128       RSQ.FileExists
 0001:000143AC       RSQ.Finalization
 0001:00014044       RSQ.IfThen
 0001:00014310       RSQ.IncludeTrailingPathDelimiter
 0001:000142BC       RSQ.IsPathDelimiter
 0001:00013FE0       RSQ.msgH
 0002:0000028C       RSQ.RSQ
 0001:00027470       RSResample.CutResampleArray
 0001:00026FC8       RSResample.errf
 0001:00027530       RSResample.GetPixel16
 0003:00001758       RSResample.isigma
 0003:00001764       RSResample.mshift
 0001:00027568       RSResample.Prepare16to32
 0001:00027180       RSResample.PrepareResampleArray
 0001:000275B4       RSResample.PrepareTransMix
 0001:000270C0       RSResample.ResampleCoreInt
 0001:00027668       RSResample.ResampleH16
 0001:00027924       RSResample.ResampleTransH16
 0001:00027C38       RSResample.ResampleTransV_NoAlpha
 0001:00027BC8       RSResample.ResampleV
 0001:00027DF0       RSResample.RSResample16
 0001:00027FDC       RSResample.RSResampleTrans16_NoAlpha
 0001:00026F90       RSResample.RSSetResampleParams
 0004:00003998       RSResample.ToBits
 0004:00083998       RSResample.ToColor
 0004:00103998       RSResample.TransMix
 0001:000282A4       RSResample.TRSResampleInfo.Init
 0001:000281C4       RSResample.TRSResampleInfo.ScaleRect
 0004:000033B8       RSStrUtils..1
 0004:000033BC       RSStrUtils.CharValues
 0001:00016C58       RSStrUtils.DoParse
 0001:00017088       RSStrUtils.Finalization
 0001:0001704C       RSStrUtils.InitCharToInt
 0001:00016AF0       RSStrUtils.IsThere1
 0001:00016E64       RSStrUtils.PosMod
 0001:00017038       RSStrUtils.RSCharToInt
 0001:00016DF0       RSStrUtils.RSGetToken
 0001:00016E24       RSStrUtils.RSGetTokensCount
 0001:00016DA0       RSStrUtils.RSParseString
 0001:00016FA8       RSStrUtils.RSPos
 0002:0000032C       RSStrUtils.RSStrUtils
 0001:00017018       RSStrUtils.RSVal
 0001:00016FF8       RSStrUtils.RSVal
 0001:00016B74       RSStrUtils.SimpleParse
 0004:00003398       RSSysUtils..71
 0001:00014538       RSSysUtils..TRSFindFile
 0001:00014408       RSSysUtils..TRSKeyValueStringList
 0001:00015040       RSSysUtils.CreateAssertException
 0004:000033A0       RSSysUtils.DelaysOnClose
 0001:00014F24       RSSysUtils.DoLoadProc
 0001:0001518C       RSSysUtils.Finalization
 0004:0000339C       RSSysUtils.PageSize
 0001:00015030       RSSysUtils.RaiseAssertException
 0001:00014BC4       RSSysUtils.RaiseLastOSErrorAt
 0001:00014D34       RSSysUtils.RSAppendFile
 0001:00014E08       RSSysUtils.RSAppendTextFile
 0001:00015104       RSSysUtils.RSAssertErrorHandler
 0001:00014E7C       RSSysUtils.RSCreateDir
 0001:00014C98       RSSysUtils.RSCreateFile
[...]
  1346 0001:00032C74  1348 0001:00032C78  1349 0001:00032C7C  1350 0001:00032C80
  1354 0001:00032C84  1355 0001:00032C8B  1356 0001:00032C8F  1357 0001:00032C90
  1358 0001:00032C91  1359 0001:00032C93  1360 0001:00032C98  1361 0001:00032C99
  1362 0001:00032C9A  1363 0001:00032C9F  1364 0001:00032CA4  1387 0001:00032CA8
  1388 0001:00032CCC  1389 0001:00032CDB  1390 0001:00032CE2  1391 0001:00032CE9
  1392 0001:00032CED  1394 0001:00032CF7  1395 0001:00032CFF  1396 0001:00032D21
  1397 0001:00032D29  1392 0001:00032D2C  1398 0001:00032D2F  1399 0001:00032D36
  1400 0001:00032D3D  1401 0001:00032D41  1403 0001:00032D4B  1404 0001:00032D53
  1405 0001:00032D75  1406 0001:00032D7D  1401 0001:00032D80  1407 0001:00032D83
  1413 0001:00032DD4  1414 0001:00032DD7  1415 0001:00032DD8  1416 0001:00032DDA
  1417 0001:00032DDC  1419 0001:00032DDD  1420 0001:00032DDF  1428 0001:00032DE0
  1429 0001:00032E04  1430 0001:00032E13  1431 0001:00032E1A  1432 0001:00032E1E
  1433 0001:00032E25  1435 0001:00032E2F  1436 0001:00032E37  1437 0001:00032E3F
  1433 0001:00032E42  1438 0001:00032E45  1445 0001:00032E70  1446 0001:00032E80
  1447 0001:00032E86  1448 0001:00032E8C  1449 0001:00032E92  1451 0001:00032E98
  1452 0001:00032EAC  1467 0001:00032EAE  1472 0001:00032EF8  1473 0001:00032EFF
  1474 0001:00032F01  1475 0001:00032F03  1476 0001:00032F0A  1479 0001:00032F0C
  1480 0001:00032F0D  1481 0001:00032F0E  1484 0001:00032F0F  1485 0001:00032F12
  1486 0001:00032F14  1487 0001:00032F18  1489 0001:00032F1A  1491 0001:00032F1D
  1494 0001:00032F22  1495 0001:00032F26  1496 0001:00032F28  1497 0001:00032F29
  1498 0001:00032F2A  1499 0001:00032F2B  1500 0001:00032F30  1501 0001:00032F35
  1504 0001:00032F37  1505 0001:00032F3B  1507 0001:00032F3E  1508 0001:00032F3F
  1509 0001:00032F40  1510 0001:00032F41  1513 0001:00032F43  1514 0001:00032F46
  1515 0001:00032F48  1516 0001:00032F49  1518 0001:00032F4B  1519 0001:00032F4E
  1521 0001:00032F4F  1522 0001:00032F52  1526 0001:00032F54  1527 0001:00032F56
  1528 0001:00032F5B  1532 0001:00032F5C  1533 0001:00032F5E  1534 0001:00032F63
  1538 0001:00032F64  1539 0001:00032F66  1540 0001:00032F6B  1544 0001:00032F6C
  1545 0001:00032F6E  1546 0001:00032F73  1550 0001:00032F74  1551 0001:00032F76
  1552 0001:00032F7B  1556 0001:00032F7C  1557 0001:00032F7E  1558 0001:00032F7F
  1559 0001:00032F84  1563 0001:00032F88  1564 0001:00032F8A  1565 0001:00032F8B
  1566 0001:00032F90  1570 0001:00032F94  1571 0001:00032F96  1572 0001:00032F97
  1573 0001:00032F9C  1577 0001:00032FA0  1578 0001:00032FA5  1579 0001:00032FA7
  1580 0001:00032FAC  1584 0001:00032FB0  1585 0001:00032FB1  1586 0001:00032FB4
  1587 0001:00032FB5  1588 0001:00032FBA  1592 0001:00032FBC  1593 0001:00032FBD
  1594 0001:00032FBE  1595 0001:00032FC3  1603 0001:00032FC4  1604 0001:00032FC5
  1605 0001:00032FD8  1606 0001:00032FDE  1612 0001:00032FE0  1613 0001:00032FE5
  1614 0001:00032FEB  1620 0001:00032FEC  1621 0001:00032FEE  1622 0001:00032FF1
  1623 0001:00032FF3  1625 0001:00032FFA  1631 0001:00032FFC  1632 0001:00032FFD
  1633 0001:00033000  1634 0001:0003300B  1635 0001:0003300D  1638 0001:0003300F
  1639 0001:00033016  1640 0001:00033017  1641 0001:0003301D  1642 0001:00033024
  1643 0001:00033025  1644 0001:0003302B  1645 0001:00033032  1646 0001:00033033
  1647 0001:00033039  1648 0001:00033040  1649 0001:00033041  1651 0001:00033047
  1652 0001:00033048  1653 0001:0003304D  1662 0001:00033050  1663 0001:00033056
  1664 0001:00033058  1665 0001:0003305D  1669 0001:00033060  1670 0001:00033065
  1671 0001:0003306C  1672 0001:00033073  1678 0001:00033074  1679 0001:00033077
  1680 0001:00033079  1681 0001:00033080  1682 0001:00033082  1684 0001:00033084
  1686 0001:0003308B  1695 0001:0003308C  1696 0001:00033095  1700 0001:00033101
  1701 0001:00033108  1702 0001:00033125  1703 0001:0003312D  1705 0001:00033139
  1709 0001:00033164  1710 0001:00033169  1711 0001:0003316E  1727 0001:00033170
  1728 0001:00033171  1729 0001:0003317A  1730 0001:000331A6  1731 0001:000331BA
  1732 0001:000331C9  1734 0001:000331E2  1735 0001:000331EA  1736 0001:000331EC
  1731 0001:000331ED  1737 0001:000331F0  1738 0001:00033201  1745 0001:00033208
  1746 0001:0003320F  1747 0001:00033210  1748 0001:00033219  1749 0001:0003321F
  1750 0001:00033220  1751 0001:00033226  1753 0001:0003322C  1756 0001:00033232
  1757 0001:00033233  1758 0001:00033239  1759 0001:0003323A  1760 0001:00033241
  1767 0001:00033244  1768 0001:00033245  1769 0001:00033247  1770 0001:0003324D
  1771 0001:00033252  1772 0001:00033254  1773 0001:00033255  1774 0001:0003325B
  1775 0001:0003325E  1776 0001:0003325F  1778 0001:00033264  1781 0001:0003326A
  1782 0001:0003326B  1783 0001:0003326E  1793 0001:00033270  1794 0001:00033273
  1795 0001:0003329B  1796 0001:000332A7  1824 0001:000332CC  1825 0001:000332DF
  1827 0001:000332E9  1828 0001:000332EB  1829 0001:000332EE  1831 0001:000332FB
  1835 0001:000332FC  1836 0001:000332FD  1837 0001:000332FE  1838 0001:000332FF
  1839 0001:00033301  1840 0001:00033303  1845 0001:00033304  1846 0001:00033305
  1847 0001:00033306  1848 0001:00033309  1850 0001:0003330A  1851 0001:0003330B
  1852 0001:0003330C  1853 0001:0003330D  1854 0001:0003330F  1855 0001:00033314
  1861 0001:00033318  1862 0001:00033326  1863 0001:0003332F  1865 0001:00033338
  1867 0001:0003333F  1868 0001:00033350  1870 0001:0003335D  1871 0001:00033378
  1873 0001:0003337C  1874 0001:0003338D  1876 0001:0003338F  1867 0001:00033390
  1877 0001:00033395  1878 0001:000333AA  1879 0001:000333AE  1880 0001:000333B9
  1884 0001:000333C4  1885 0001:000333C5  1886 0001:000333CA  1890 0001:000333CC
  1891 0001:000333CD  1892 0001:000333D0  1893 0001:000333D1  1894 0001:000333D5
  1895 0001:000333D9  1896 0001:000333DE  1912 0001:000333E0  1913 0001:00033401
  1914 0001:0003340D  1915 0001:0003341B  1916 0001:00033436  1917 0001:0003343B
  1919 0001:0003345F  1920 0001:0003346B  1921 0001:00033472  1924 0001:00033476
  1925 0001:00033491  1927 0001:000334A3  1928 0001:000334AF  1929 0001:000334CB
  1930 0001:000334D6  1932 0001:000334DF  1935 0001:0003353C  1936 0001:00033542
  1937 0001:00033550  1942 0001:00033554  1943 0001:00033561  1944 0001:0003356D
  1946 0001:00033575  1947 0001:00033582  1948 0001:000335A0  1949 0001:000335AC
  1950 0001:000335B3  1951 0001:000335B5  1952 0001:000335B7  1943 0001:000335B8
  1953 0001:000335BD  1954 0001:000335BF  1958 0001:000335C8  1959 0001:000335CD
  1963 0001:000335D0  1964 0001:000335D5  1967 0001:000335D8  1968 0001:000335FA
  1969 0001:0003361D  1971 0001:0003362D  1970 0001:00033663  1973 0001:0003367C
  1975 0001:0003368C  1983 0001:000336D8  1984 0001:000336EC  1985 0001:00033700
  1986 0001:00033714  1987 0001:00033728  1988 0001:0003372E  1989 0001:00033733
  2014 0001:000337E8  2015 0001:000337ED  2016 0001:000337FB  2017 0001:00033807
  2018 0001:00033825  2019 0001:00033843  2020 0001:0003385A  2021 0001:0003386C
  2024 0001:00033870  2025 0001:0003388A  2026 0001:000338AD  2028 0001:000338BD
  2027 0001:000338E8  2030 0001:00033908  2032 0001:00033918  2037 0001:00033954
  2038 0001:0003396B  2039 0001:00033974  2040 0001:0003397B  2041 0001:0003398A
  2042 0001:00033991  2043 0001:0003399B  2045 0001:000339A5  2046 0001:000339B6
  2047 0001:000339C2  2048 0001:000339CB  2049 0001:000339D7  2050 0001:000339E8
  2049 0001:00033A11  2051 0001:00033A16  2055 0001:00033A60  2056 0001:00033A62
  2058 0001:00033A67  2059 0001:00033A6A  2060 0001:00033A6D  2061 0001:00033A72
  2067 0001:00033A74  2068 0001:00033A93  2069 0001:00033AB0  2070 0001:00033AC2
  2072 0001:00033AC6  2073 0001:00033AD6  2074 0001:00033AF2  2076 0001:00033B02
  2080 0001:00033B28  2081 0001:00033B2C  2083 0001:00033B31  2084 0001:00033B33
  2085 0001:00033B36  2108 0001:00033B78  2109 0001:00033B7D  2110 0001:00033B90
  2111 0001:00033B9C  2112 0001:00033BBA  2113 0001:00033BD8  2114 0001:00033BEF
  2115 0001:00033C01  2120 0001:00033C08  2121 0001:00033C21  2122 0001:00033C2C
  2123 0001:00033C38  2124 0001:00033C4E  2126 0001:00033C5E  2125 0001:00033C89
  2128 0001:00033CA9  2131 0001:00033CB9  2132 0001:00033CCA  2133 0001:00033CD6
  2134 0001:00033CDF  2135 0001:00033CEB  2136 0001:00033CFC  2135 0001:00033D25
  2137 0001:00033D2A  2142 0001:00033D70  2143 0001:00033D8C  2145 0001:00033DAD
  2146 0001:00033DBD  2147 0001:00033DDB  2148 0001:00033DED  2150 0001:00033DF1
  2151 0001:00033DF4  2155 0001:00033E18  2156 0001:00033E1A  2157 0001:00033E1F
  2158 0001:00033E20  2162 0001:00033E24  2163 0001:00033E28  2164 0001:00033E2D
  2169 0001:00033E30  2170 0001:00033E33  2171 0001:00033E43  2172 0001:00033E59
  2173 0001:00033E64  2177 0001:00033E68  2178 0001:00033E6C  2179 0001:00033E71
  2180 0001:00033E74  2181 0001:00033E77  2196 0001:00033E78  2197 0001:00033E7A
  2198 0001:00033E80  2199 0001:00033E82  2200 0001:00033E84  2201 0001:00033E87
  2202 0001:00033E8A  2203 0001:00033E8D  2204 0001:00033E93  2205 0001:00033E97
  2209 0001:00033E98  2210 0001:00033E9A  2211 0001:00033E9C  2212 0001:00033EA1
  2213 0001:00033EA4  2214 0001:00033EA8  2218 0001:00033EAC  2219 0001:00033EAE
  2220 0001:00033EB4  2221 0001:00033EB6  2222 0001:00033EB8  2223 0001:00033EBB
  2224 0001:00033EBE  2225 0001:00033EC1  2226 0001:00033EC7  2227 0001:00033ECB
  2231 0001:00033ECC  2233 0001:00033ECE  2234 0001:00033ED2  2235 0001:00033ED5
  2237 0001:00033EDC  2238 0001:00033EDE  2239 0001:00033EE0  2240 0001:00033EE3
  2241 0001:00033EE6  2242 0001:00033EE9  2243 0001:00033EEF  2244 0001:00033EF3
  2248 0001:00033EF4  2250 0001:00033EF6  2251 0001:00033EFA  2252 0001:00033EFD
  2254 0001:00033F04  2255 0001:00033F06  2256 0001:00033F08  2257 0001:00033F0B
  2258 0001:00033F0E  2259 0001:00033F11  2260 0001:00033F17  2261 0001:00033F1B
  2265 0001:00033F1C  2267 0001:00033F1E  2268 0001:00033F22  2269 0001:00033F25
  2271 0001:00033F2C  2272 0001:00033F2E  2273 0001:00033F30  2274 0001:00033F33
  2275 0001:00033F36  2276 0001:00033F39  2277 0001:00033F3F  2278 0001:00033F43
  2282 0001:00033F44  2284 0001:00033F46  2285 0001:00033F4A  2286 0001:00033F4D
  2288 0001:00033F54  2289 0001:00033F56  2290 0001:00033F58  2291 0001:00033F5B
  2292 0001:00033F5E  2293 0001:00033F61  2294 0001:00033F67  2295 0001:00033F6B
  2301 0001:00033F6C  2302 0001:00033F71  2303 0001:00033F77  2304 0001:00033F79
  2305 0001:00033F7B  2307 0001:00033F7E  2308 0001:00033F83  2317 0001:00033F84
  2318 0001:00033F85  2319 0001:00033F8A  2320 0001:00033F8B  2321 0001:00033F91
  2327 0001:00033F94  2328 0001:00033F9A  2329 0001:00033FA0  2330 0001:00033FA2
  2331 0001:00033FA8  2332 0001:00033FAA  2333 0001:00033FB1  2334 0001:00033FB3
  2335 0001:00033FB5  2337 0001:00033FBC  2343 0001:00033FC0  2344 0001:00033FC3
  2345 0001:00033FC5  2346 0001:00033FCA  2348 0001:00033FCB  2349 0001:00033FD2
  2376 0001:00033FD4  2377 0001:00033FD5  2379 0001:00033FD7  2380 0001:00033FD9
  2382 0001:00033FE3  2377 0001:00033FE4  2383 0001:00033FE9  2390 0001:00033FF0
  2391 0001:00033FFB  2392 0001:00034018  2393 0001:00034021  2394 0001:00034032
  2395 0001:00034039  2396 0001:0003405A  2398 0001:0003405F  2400 0001:000340AE
  2401 0001:000340C3  2403 0001:000340D3  2404 0001:000340E8  2407 0001:000340F0
  2408 0001:000340F4  2409 0001:000340F6  2410 0001:0003410F  2416 0001:00034114
  2417 0001:00034117  2418 0001:0003411E  2419 0001:00034125  2420 0001:0003415E
  2418 0001:00034168  2421 0001:0003416D  2425 0001:00034174  2426 0001:00034177
  2427 0001:0003417C  2428 0001:0003417E  2429 0001:00034181  2430 0001:00034183
  2431 0001:00034187  2433 0001:00034189  2434 0001:0003418F  2435 0001:00034195
  2436 0001:0003419A  2438 0001:0003419B  2439 0001:0003419C  2440 0001:000341A1
  2442 0001:000341A2  2443 0001:000341A8  2444 0001:000341AA  2445 0001:000341AC
  2446 0001:000341B2  2448 0001:000341B4  2449 0001:000341BA  2450 0001:000341C0
  2452 0001:000341C7  2453 0001:000341CA  2454 0001:000341CD  2458 0001:000341D0
  2459 0001:000341D2  2460 0001:000341D4  2461 0001:000341D6  2462 0001:000341D8
  2463 0001:000341DD  2465 0001:000341DE  2466 0001:000341E0  2467 0001:000341E2
  2468 0001:000341E4  2469 0001:000341E9  2470 0001:000341EE  2474 0001:000341F0
  2475 0001:000341F6  2476 0001:000341FC  2477 0001:000341FE  2478 0001:00034203
  2479 0001:00034208  2485 0001:0003420C  2486 0001:0003420F  2487 0001:00034212
  2488 0001:00034214  2489 0001:00034217  2491 0001:0003421A  2500 0001:0003421C
  2501 0001:00034223  2502 0001:00034228  2503 0001:0003422C  2504 0001:00034231
  2507 0001:00034234  2508 0001:00034236  2509 0001:0003424A  2510 0001:0003425B
  2511 0001:00034265  2512 0001:00034278  2519 0001:00034280  2520 0001:00034285
  2521 0001:00034287  2524 0001:00034289  2525 0001:0003428F  2526 0001:00034291
  2527 0001:00034293  2528 0001:00034299  2529 0001:0003429F  2530 0001:000342A6
  2531 0001:000342AC  2532 0001:000342B1  2535 0001:000342B3  2536 0001:000342BA
  2537 0001:000342C1  2540 0001:000342C6  2541 0001:000342D0  2542 0001:000342D6
  2548 0001:000342D8  2549 0001:000342DB  2550 0001:000342DD  2551 0001:000342E0
  2552 0001:000342E2  2561 0001:000342E4  2562 0001:000342E6  2563 0001:000342EC
  2564 0001:000342F0  2565 0001:000342F2  2567 0001:000342F7  2568 0001:000342FC
  2569 0001:00034304  2573 0001:00034308  2574 0001:0003430D  2575 0001:0003430F
  2576 0001:00034315  2577 0001:00034317  2579 0001:00034319  2585 0001:0003431C
  2586 0001:0003431E  2587 0001:00034320  2589 0001:00034322  2590 0001:00034324
  2591 0001:00034326  2592 0001:00034327  2593 0001:0003432C  2603 0001:00034330
  2604 0001:00034333  2605 0001:00034336  2606 0001:00034338  2607 0001:0003433B
  2608 0001:0003433D  2609 0001:00034340  2610 0001:00034342  2611 0001:00034345
  2612 0001:00034347  2613 0001:0003434A  2614 0001:0003434C  2615 0001:0003434F
  2616 0001:00034351  2617 0001:00034357  2619 0001:00034358  2621 0001:0003435E
  2623 0001:0003435F  2624 0001:00034361  2625 0001:00034364  2627 0001:0003436A
  2628 0001:0003436E  2629 0001:00034372  2631 0001:00034378  2632 0001:00034379
  2634 0001:0003437F  2635 0001:00034382  2640 0001:00034384  2641 0001:00034386
  2642 0001:00034388  2643 0001:000343A2  2644 0001:000343BC  2645 0001:000343D6
  2649 0001:000343DC  2650 0001:000343DF  2651 0001:000343E1  2652 0001:000343E6
  2653 0001:000343E8  2658 0001:000343EC  2659 0001:000343ED  2661 0001:000343F7
  2662 0001:00034401  2664 0001:00034408  2665 0001:0003440A  2671 0001:0003440C
  2672 0001:00034411  2673 0001:00034413  2674 0001:00034419  2675 0001:0003441E
  2676 0001:00034420  2678 0001:00034427  2679 0001:0003442B  2680 0001:0003442E
  2684 0001:00034430  2685 0001:00034432  2686 0001:00034435  2687 0001:00034438
  2688 0001:0003443E  2689 0001:00034442  2690 0001:00034444  2692 0001:00034449
  2693 0001:0003444B  2699 0001:0003444C  2700 0001:00034452  2701 0001:00034458
  2702 0001:0003445A  2703 0001:0003445B  2705 0001:0003445D  2710 0001:00034460
  2711 0001:00034468  2712 0001:00034474  2713 0001:00034478  2714 0001:00034487
  2721 0001:00034490  2722 0001:00034499  2723 0001:000344A7  2724 0001:000344AC
  2726 0001:000344D0  2727 0001:000344D2  2729 0001:000344DC  2739 0001:000344E4
  2740 0001:000344EE  2742 0001:000344F7  2745 0001:00034508  2746 0001:00034514
  2747 0001:00034520  2748 0001:0003452F  2749 0001:0003453E  2752 0001:00034552
  2753 0001:00034563  2756 0001:00034564  2757 0001:0003456A  2758 0001:00034573
  2759 0001:0003457A  2763 0001:00034580  2764 0001:00034587  2765 0001:00034589
  2766 0001:00034590  2768 0001:00034595  2772 0001:00034598  2773 0001:0003459C
  2775 0001:000345BC  2776 0001:000345DB  2780 0001:000345DC  2781 0001:000345E3
  2782 0001:000345E5  2783 0001:000345EC  2784 0001:000345F3  2785 0001:000345F5
  2787 0001:000345F7  2788 0001:000345FE  2790 0001:00034603  2794 0001:00034604
  2795 0001:0003460B  2796 0001:0003460D  2797 0001:00034612  2798 0001:00034619
  2799 0001:0003461B  2800 0001:0003461F  2801 0001:00034621  2803 0001:00034623
  2805 0001:0003462A  2810 0001:0003462C  2811 0001:00034633  2812 0001:0003463B
  2813 0001:00034645  2821 0001:0003464C  2822 0001:0003464E  2823 0001:00034656
  2824 0001:00034660  2825 0001:00034666  2826 0001:00034672  2827 0001:0003467A
  2828 0001:00034691  2830 0001:00034695  2831 0001:0003469F  2832 0001:000346B2
  2834 0001:000346B7  2838 0001:000346BC  2839 0001:000346C1  2840 0001:000346C3
  2841 0001:000346C5  2842 0001:000346C7  2844 0001:000346CE  2852 0001:000346D0
  2853 0001:000346D4  2854 0001:000346DF  2855 0001:000346F8  2856 0001:00034702
  2857 0001:00034712  2858 0001:0003471C  2859 0001:00034733  2867 0001:00034738
  2868 0001:00034752  2869 0001:00034754  2870 0001:0003475C  2871 0001:00034775
  2872 0001:0003477F  2873 0001:00034798  2874 0001:0003479E  2875 0001:000347A2
  2876 0001:000347AE  2885 0001:00034814  2886 0001:00034817  2887 0001:00034820
  2888 0001:0003482A  2889 0001:00034842  2887 0001:00034860  2890 0001:00034865
  2897 0001:0003486C  2898 0001:0003486D  2899 0001:00034872  2900 0001:00034877
  2899 0001:0003489B  2900 0001:000348A0  2898 0001:000348A1  2901 0001:000348A6
  2911 0001:000348A8  2912 0001:000348AD  2913 0001:000348AF  2914 0001:000348B2
  2915 0001:000348B4  2916 0001:000348B7  2917 0001:000348BA  2918 0001:000348C0
  2919 0001:000348C5  2920 0001:000348C6  2921 0001:000348CB  2922 0001:000348D1
  2923 0001:000348D8  2924 0001:000348DA  2925 0001:000348E0  2927 0001:000348E5
  2933 0001:000348E8  2934 0001:000348EE  2940 0001:000348F0  2941 0001:000348F2
  2942 0001:000348F5  2943 0001:000348F7  2945 0001:000348FE  3212 0001:00034930
  3213 0001:0003494A  3214 0001:00034971  3215 0001:0003497F  3216 0001:00034989
  3217 0001:000349B9  3215 0001:000349C3  3219 0001:000349D8  3221 0001:000349E8
  3226 0001:00034A44  3227 0001:00034A5D  3228 0001:00034A64  3229 0001:00034A69
  3230 0001:00034A6E  3231 0001:00034A77  3232 0001:00034A81  3233 0001:00034A8D
  3234 0001:00034AC4  3235 0001:00034AD0  3236 0001:00034ADA  3237 0001:00034AE6
  3238 0001:00034AF0  3239 0001:00034AFC  3240 0001:00034B06  3241 0001:00034B12
  3242 0001:00034B1C  3243 0001:00034B28  3244 0001:00034B32  3245 0001:00034B3E
  3246 0001:00034B48  3247 0001:00034B54  3248 0001:00034B5E  3249 0001:00034B6A
  3250 0001:00034B6F  3251 0001:00034B74  3252 0001:00034B79  3254 0001:00034B7E
  3255 0001:00034B92  3256 0001:00034B9B  3257 0001:00034BA3  3258 0001:00034BAA
  3259 0001:00034BB6  3260 0001:00034BBD  3261 0001:00034BC4  3262 0001:00034BD3
  3265 0001:00034C1C  3266 0001:00034C29  3267 0001:00034C33  3268 0001:00034C39
  3269 0001:00034C3E  3270 0001:00034C52  3271 0001:00034C5E  3272 0001:00034C68
  3273 0001:00034C74  3274 0001:00034C7A  3275 0001:00034C86  3276 0001:00034C8C
  3277 0001:00034C98  3278 0001:00034C9E  3279 0001:00034CAA  3280 0001:00034CB0
  3281 0001:00034CBC  3282 0001:00034CC5  3283 0001:00034CD1  3284 0001:00034CDA
  3285 0001:00034CE6  3286 0001:00034CEF  3287 0001:00034CFB  3288 0001:00034D04
  3289 0001:00034D10  3290 0001:00034D19  3291 0001:00034D25  3292 0001:00034D2A
  3306 0001:00034D74  3307 0001:00034D9C

Line numbers for Hooks(Hooks.pas) segment .itext

  3299 0002:0000058C  3300 0002:000005B0  3301 0002:000005C2  3302 0002:000005CC
  3303 0002:000005E6  3304 0002:000005F5

Line numbers for MM6patch(C:\_Delphi\mm6patch\MM6patch.dpr) segment .itext

   410 0002:0000064C   411 0002:0000065F   412 0002:0000066D   414 0002:0000067A
   415 0002:0000067F   416 0002:00000684   417 0002:00000689   420 0002:0000069D
   422 0002:000006B3

Bound resource files

MM6patch.res
MM6patch.drf


Program entry point at 0002:0000064C
