
 Start         Length     Name                   Class
 0001:032C1000 00070754H .text                   CODE
 0002:03332000 00000934H .itext                  ICODE
 0003:03333000 00007A0CH .data                   DATA
 0004:0333B000 00173790H .bss                    BSS
 0005:00000000 00000000H .tls                    TLS


Detailed map of segments

 0001:00000000 00005805 C=CODE     S=.text    G=(none)   M=System   ACBP=A9
 0001:00005808 000001A2 C=CODE     S=.text    G=(none)   M=SysInit  ACBP=A9
 0001:000059AC 00000308 C=CODE     S=.text    G=(none)   M=SysConst ACBP=A9
 0001:00005CB4 00000140 C=CODE     S=.text    G=(none)   M=Types    ACBP=A9
 0001:00005DF4 00000C78 C=CODE     S=.text    G=(none)   M=Windows  ACBP=A9
 0001:00006A6C 00007288 C=CODE     S=.text    G=(none)   M=SysUtils ACBP=A9
 0001:0000DCF4 000007EE C=CODE     S=.text    G=(none)   M=VarUtils ACBP=A9
 0001:0000E4E4 00002990 C=CODE     S=.text    G=(none)   M=Variants ACBP=A9
 0001:00010E74 00000100 C=CODE     S=.text    G=(none)   M=RTLConsts ACBP=A9
 0001:00010F74 00000887 C=CODE     S=.text    G=(none)   M=TypInfo  ACBP=A9
 0001:000117FC 00009CDD C=CODE     S=.text    G=(none)   M=Classes  ACBP=A9
 0001:0001B4DC 00000156 C=CODE     S=.text    G=(none)   M=Math     ACBP=A9
 0001:0001B634 000004DD C=CODE     S=.text    G=(none)   M=RSQ      ACBP=A9
 0001:0001BB14 00000A5B C=CODE     S=.text    G=(none)   M=RSSysUtils ACBP=A9
 0001:0001C570 00001169 C=CODE     S=.text    G=(none)   M=IniFiles ACBP=A9
 0001:0001D6DC 00000092 C=CODE     S=.text    G=(none)   M=Common   ACBP=A9
 0001:0001D770 000005AC C=CODE     S=.text    G=(none)   M=RSCodeHook ACBP=A9
 0001:0001DD1C 000006C2 C=CODE     S=.text    G=(none)   M=RSStrUtils ACBP=A9
 0001:0001E3E0 0000007E C=CODE     S=.text    G=(none)   M=DirectDraw ACBP=A9
 0001:0001E460 000000A6 C=CODE     S=.text    G=(none)   M=Direct3D ACBP=A9
 0001:0001E508 00000220 C=CODE     S=.text    G=(none)   M=Consts   ACBP=A9
 0001:0001E728 000005AD C=CODE     S=.text    G=(none)   M=Registry ACBP=A9
 0001:0001ECD8 00007782 C=CODE     S=.text    G=(none)   M=Graphics ACBP=A9
 0001:0002645C 00000D59 C=CODE     S=.text    G=(none)   M=GraphUtil ACBP=A9
 0001:000271B8 000002C3 C=CODE     S=.text    G=(none)   M=RSGraphics ACBP=A9
 0001:0002747C 00002EC8 C=CODE     S=.text    G=(none)   M=MMCommon ACBP=A9
 0001:0002A344 00000309 C=CODE     S=.text    G=(none)   M=MP3      ACBP=A9
 0001:0002A650 000017E0 C=CODE     S=.text    G=(none)   M=RSDebug  ACBP=A9
 0001:0002BE30 00000006 C=CODE     S=.text    G=(none)   M=MMSystem ACBP=A9
 0001:0002BE38 00000275 C=CODE     S=.text    G=(none)   M=Contnrs  ACBP=A9
 0001:0002C0B0 00001100 C=CODE     S=.text    G=(none)   M=HelpIntfs ACBP=A9
 0001:0002D1B0 00000772 C=CODE     S=.text    G=(none)   M=MultiMon ACBP=A9
 0001:0002D924 0000009E C=CODE     S=.text    G=(none)   M=CommCtrl ACBP=A9
 0001:0002D9C4 0000016A C=CODE     S=.text    G=(none)   M=SyncObjs ACBP=A9
 0001:0002DB30 0000099D C=CODE     S=.text    G=(none)   M=UxTheme  ACBP=A9
 0001:0002E4D0 0000003A C=CODE     S=.text    G=(none)   M=Printers ACBP=A9
 0001:0002E50C 00000316 C=CODE     S=.text    G=(none)   M=ExtCtrls ACBP=A9
 0001:0002E824 00000674 C=CODE     S=.text    G=(none)   M=Dialogs  ACBP=A9
 0001:0002EE98 0000003A C=CODE     S=.text    G=(none)   M=Clipbrd  ACBP=A9
 0001:0002EED4 0000012D C=CODE     S=.text    G=(none)   M=StdActns ACBP=A9
 0001:0002F004 0000030E C=CODE     S=.text    G=(none)   M=FlatSB   ACBP=A9
 0001:0002F314 00000AD2 C=CODE     S=.text    G=(none)   M=Themes   ACBP=A9
 0001:0002FDE8 00006A81 C=CODE     S=.text    G=(none)   M=Menus    ACBP=A9
 0001:0003686C 00013030 C=CODE     S=.text    G=(none)   M=Controls ACBP=A9
 0001:0004989C 000016B5 C=CODE     S=.text    G=(none)   M=ImgList  ACBP=A9
 0001:0004AF54 00001332 C=CODE     S=.text    G=(none)   M=ActnList ACBP=A9
 0001:0004C288 0000DD4C C=CODE     S=.text    G=(none)   M=Forms    ACBP=A9
 0001:00059FD4 0000141C C=CODE     S=.text    G=(none)   M=RSResample ACBP=A9
 0001:0005B3F0 00004C26 C=CODE     S=.text    G=(none)   M=DXProxy  ACBP=A9
 0001:00060018 00000D7B C=CODE     S=.text    G=(none)   M=RSSimpleExpr ACBP=A9
 0001:00060D94 000059B7 C=CODE     S=.text    G=(none)   M=MMLayout ACBP=A9
 0001:0006674C 00002B24 C=CODE     S=.text    G=(none)   M=LayoutSupport ACBP=A9
 0001:00069270 0000105C C=CODE     S=.text    G=(none)   M=MMHooks  ACBP=A9
 0001:0006A2CC 00001014 C=CODE     S=.text    G=(none)   M=D3DHooks ACBP=A9
 0001:0006B2E0 0000520C C=CODE     S=.text    G=(none)   M=Hooks    ACBP=A9
 0001:000704EC 00000268 C=CODE     S=.text    G=(none)   M=MM8patch ACBP=A9
 0002:00000000 00000095 C=ICODE    S=.itext   G=(none)   M=System   ACBP=A9
 0002:00000098 00000011 C=ICODE    S=.itext   G=(none)   M=Windows  ACBP=A9
 0002:000000AC 00000088 C=ICODE    S=.itext   G=(none)   M=SysUtils ACBP=A9
 0002:00000134 0000000F C=ICODE    S=.itext   G=(none)   M=VarUtils ACBP=A9
 0002:00000144 000000AA C=ICODE    S=.itext   G=(none)   M=Variants ACBP=A9
 0002:000001F0 00000008 C=ICODE    S=.itext   G=(none)   M=TypInfo  ACBP=A9
 0002:000001F8 00000092 C=ICODE    S=.itext   G=(none)   M=Classes  ACBP=A9
 0002:0000028C 00000066 C=ICODE    S=.itext   G=(none)   M=RSQ      ACBP=A9
 0002:000002F4 0000001E C=ICODE    S=.itext   G=(none)   M=RSSysUtils ACBP=A9
 0002:00000314 00000008 C=ICODE    S=.itext   G=(none)   M=IniFiles ACBP=A9
 0002:0000031C 00000008 C=ICODE    S=.itext   G=(none)   M=Common   ACBP=A9
 0002:00000324 0000002D C=ICODE    S=.itext   G=(none)   M=RSStrUtils ACBP=A9
 0002:00000354 00000008 C=ICODE    S=.itext   G=(none)   M=Registry ACBP=A9
 0002:0000035C 000000FB C=ICODE    S=.itext   G=(none)   M=Graphics ACBP=A9
 0002:00000458 0000007F C=ICODE    S=.itext   G=(none)   M=GraphUtil ACBP=A9
 0002:000004D8 00000008 C=ICODE    S=.itext   G=(none)   M=MMCommon ACBP=A9
 0002:000004E0 00000008 C=ICODE    S=.itext   G=(none)   M=MP3      ACBP=A9
 0002:000004E8 00000008 C=ICODE    S=.itext   G=(none)   M=HelpIntfs ACBP=A9
 0002:000004F0 0000000F C=ICODE    S=.itext   G=(none)   M=MultiMon ACBP=A9
 0002:00000500 0000001B C=ICODE    S=.itext   G=(none)   M=UxTheme  ACBP=A9
 0002:0000051C 00000008 C=ICODE    S=.itext   G=(none)   M=Printers ACBP=A9
 0002:00000524 00000044 C=ICODE    S=.itext   G=(none)   M=ExtCtrls ACBP=A9
 0002:00000568 0000003D C=ICODE    S=.itext   G=(none)   M=Dialogs  ACBP=A9
 0002:000005A8 00000058 C=ICODE    S=.itext   G=(none)   M=Clipbrd  ACBP=A9
 0002:00000600 0000000F C=ICODE    S=.itext   G=(none)   M=FlatSB   ACBP=A9
 0002:00000610 00000008 C=ICODE    S=.itext   G=(none)   M=Themes   ACBP=A9
 0002:00000618 00000085 C=ICODE    S=.itext   G=(none)   M=Menus    ACBP=A9
 0002:000006A0 0000008F C=ICODE    S=.itext   G=(none)   M=Controls ACBP=A9
 0002:00000730 0000002A C=ICODE    S=.itext   G=(none)   M=ActnList ACBP=A9
 0002:0000075C 0000004C C=ICODE    S=.itext   G=(none)   M=Forms    ACBP=A9
 0002:000007A8 00000008 C=ICODE    S=.itext   G=(none)   M=DXProxy  ACBP=A9
 0002:000007B0 00000008 C=ICODE    S=.itext   G=(none)   M=RSSimpleExpr ACBP=A9
 0002:000007B8 00000008 C=ICODE    S=.itext   G=(none)   M=MMLayout ACBP=A9
 0002:000007C0 0000001B C=ICODE    S=.itext   G=(none)   M=LayoutSupport ACBP=A9
 0002:000007DC 00000014 C=ICODE    S=.itext   G=(none)   M=MMHooks  ACBP=A9
 0002:000007F0 00000014 C=ICODE    S=.itext   G=(none)   M=D3DHooks ACBP=A9
 0002:00000804 000000C0 C=ICODE    S=.itext   G=(none)   M=Hooks    ACBP=A9
 0002:000008C4 0000006F C=ICODE    S=.itext   G=(none)   M=MM8patch ACBP=A9
 0003:00000000 00000794 C=DATA     S=.data    G=DGROUP   M=System   ACBP=A9
 0003:00000794 00000030 C=DATA     S=.data    G=DGROUP   M=SysInit  ACBP=A9
 0003:000007C4 0000024C C=DATA     S=.data    G=DGROUP   M=SysUtils ACBP=A9
 0003:00000A10 00000008 C=DATA     S=.data    G=DGROUP   M=VarUtils ACBP=A9
 0003:00000A18 0000008E C=DATA     S=.data    G=DGROUP   M=Variants ACBP=A9
 0003:00000AA8 0000000C C=DATA     S=.data    G=DGROUP   M=TypInfo  ACBP=A9
 0003:00000AB4 000000E4 C=DATA     S=.data    G=DGROUP   M=Classes  ACBP=A9
 0003:00000B98 00000008 C=DATA     S=.data    G=DGROUP   M=Math     ACBP=A9
 0003:00000BA0 0000000C C=DATA     S=.data    G=DGROUP   M=RSQ      ACBP=A9
 0003:00000BAC 00000008 C=DATA     S=.data    G=DGROUP   M=IniFiles ACBP=A9
 0003:00000BB4 00000094 C=DATA     S=.data    G=DGROUP   M=Common   ACBP=A9
 0003:00000C48 00000008 C=DATA     S=.data    G=DGROUP   M=Registry ACBP=A9
 0003:00000C50 00000314 C=DATA     S=.data    G=DGROUP   M=Graphics ACBP=A9
 0003:00000F64 00000450 C=DATA     S=.data    G=DGROUP   M=GraphUtil ACBP=A9
 0003:000013B4 0000013C C=DATA     S=.data    G=DGROUP   M=MMCommon ACBP=A9
 0003:000014F0 0000023C C=DATA     S=.data    G=DGROUP   M=MP3      ACBP=A9
 0003:0000172C 00000078 C=DATA     S=.data    G=DGROUP   M=RSDebug  ACBP=A9
 0003:000017A4 00000004 C=DATA     S=.data    G=DGROUP   M=Printers ACBP=A9
 0003:000017A8 00000074 C=DATA     S=.data    G=DGROUP   M=Dialogs  ACBP=A9
 0003:0000181C 00000068 C=DATA     S=.data    G=DGROUP   M=Themes   ACBP=A9
 0003:00001884 000000F4 C=DATA     S=.data    G=DGROUP   M=Menus    ACBP=A9
 0003:00001978 0000013C C=DATA     S=.data    G=DGROUP   M=Controls ACBP=A9
 0003:00001AB4 00000020 C=DATA     S=.data    G=DGROUP   M=ImgList  ACBP=A9
 0003:00001AD4 00000128 C=DATA     S=.data    G=DGROUP   M=Forms    ACBP=A9
 0003:00001BFC 00000016 C=DATA     S=.data    G=DGROUP   M=RSResample ACBP=A9
 0003:00001C14 0000003C C=DATA     S=.data    G=DGROUP   M=DXProxy  ACBP=A9
 0003:00001C50 000001C8 C=DATA     S=.data    G=DGROUP   M=RSSimpleExpr ACBP=A9
 0003:00001E18 00000138 C=DATA     S=.data    G=DGROUP   M=MMLayout ACBP=A9
 0003:00001F50 00000004 C=DATA     S=.data    G=DGROUP   M=LayoutSupport ACBP=A9
 0003:00001F54 00000538 C=DATA     S=.data    G=DGROUP   M=MMHooks  ACBP=A9
 0003:0000248C 00000BD0 C=DATA     S=.data    G=DGROUP   M=D3DHooks ACBP=A9
 0003:0000305C 00004420 C=DATA     S=.data    G=DGROUP   M=Hooks    ACBP=A9
 0004:00000000 000027EC C=BSS      S=.bss     G=DGROUP   M=System   ACBP=A9
 0004:000027EC 00000010 C=BSS      S=.bss     G=DGROUP   M=SysInit  ACBP=A9
 0004:000027FC 00000008 C=BSS      S=.bss     G=DGROUP   M=Windows  ACBP=A9
 0004:00002804 00000A20 C=BSS      S=.bss     G=DGROUP   M=SysUtils ACBP=A9
 0004:00003224 0000005C C=BSS      S=.bss     G=DGROUP   M=VarUtils ACBP=A9
 0004:00003280 00000040 C=BSS      S=.bss     G=DGROUP   M=Variants ACBP=A9
 0004:000032C0 00000004 C=BSS      S=.bss     G=DGROUP   M=TypInfo  ACBP=A9
 0004:000032C4 00000040 C=BSS      S=.bss     G=DGROUP   M=Classes  ACBP=A9
 0004:00003304 0000000C C=BSS      S=.bss     G=DGROUP   M=RSQ      ACBP=A9
 0004:00003310 000000A0 C=BSS      S=.bss     G=DGROUP   M=RSSysUtils ACBP=A9
 0004:000033B0 00000004 C=BSS      S=.bss     G=DGROUP   M=IniFiles ACBP=A9
 0004:000033B4 00000004 C=BSS      S=.bss     G=DGROUP   M=Common   ACBP=A9
 0004:000033B8 00000008 C=BSS      S=.bss     G=DGROUP   M=RSCodeHook ACBP=A9
 0004:000033C0 00000104 C=BSS      S=.bss     G=DGROUP   M=RSStrUtils ACBP=A9
 0004:000034C4 00000004 C=BSS      S=.bss     G=DGROUP   M=Registry ACBP=A9
 0004:000034C8 00000060 C=BSS      S=.bss     G=DGROUP   M=Graphics ACBP=A9
 0004:00003528 00000004 C=BSS      S=.bss     G=DGROUP   M=GraphUtil ACBP=A9
 0004:0000352C 00061C38 C=BSS      S=.bss     G=DGROUP   M=MMCommon ACBP=A9
 0004:00065164 0000000C C=BSS      S=.bss     G=DGROUP   M=MP3      ACBP=A9
 0004:00065170 00000010 C=BSS      S=.bss     G=DGROUP   M=RSDebug  ACBP=A9
 0004:00065180 00000008 C=BSS      S=.bss     G=DGROUP   M=HelpIntfs ACBP=A9
 0004:00065188 00000031 C=BSS      S=.bss     G=DGROUP   M=MultiMon ACBP=A9
 0004:000651BC 000000CC C=BSS      S=.bss     G=DGROUP   M=UxTheme  ACBP=A9
 0004:00065288 00000004 C=BSS      S=.bss     G=DGROUP   M=Printers ACBP=A9
 0004:0006528C 00000008 C=BSS      S=.bss     G=DGROUP   M=ExtCtrls ACBP=A9
 0004:00065294 0000000C C=BSS      S=.bss     G=DGROUP   M=Dialogs  ACBP=A9
 0004:000652A0 0000000C C=BSS      S=.bss     G=DGROUP   M=Clipbrd  ACBP=A9
 0004:000652AC 00000034 C=BSS      S=.bss     G=DGROUP   M=FlatSB   ACBP=A9
 0004:000652E0 00000008 C=BSS      S=.bss     G=DGROUP   M=Themes   ACBP=A9
 0004:000652E8 00000010 C=BSS      S=.bss     G=DGROUP   M=Menus    ACBP=A9
 0004:000652F8 00000088 C=BSS      S=.bss     G=DGROUP   M=Controls ACBP=A9
 0004:00065380 00000008 C=BSS      S=.bss     G=DGROUP   M=ImgList  ACBP=A9
 0004:00065388 00000004 C=BSS      S=.bss     G=DGROUP   M=ActnList ACBP=A9
 0004:0006538C 00000024 C=BSS      S=.bss     G=DGROUP   M=Forms    ACBP=A9
 0004:000653B0 00102000 C=BSS      S=.bss     G=DGROUP   M=RSResample ACBP=A9
 0004:001673B0 000001A4 C=BSS      S=.bss     G=DGROUP   M=DXProxy  ACBP=A9
 0004:00167554 00000004 C=BSS      S=.bss     G=DGROUP   M=RSSimpleExpr ACBP=A9
 0004:00167558 00000004 C=BSS      S=.bss     G=DGROUP   M=MMLayout ACBP=A9
 0004:0016755C 0000000C C=BSS      S=.bss     G=DGROUP   M=LayoutSupport ACBP=A9
 0004:00167568 0000012C C=BSS      S=.bss     G=DGROUP   M=MMHooks  ACBP=A9
 0004:00167694 00000064 C=BSS      S=.bss     G=DGROUP   M=D3DHooks ACBP=A9
 0004:001676F8 0000C098 C=BSS      S=.bss     G=DGROUP   M=Hooks    ACBP=A9
 0005:00000000 00000008 C=TLS      S=.tls     G=(none)   M=System   ACBP=A9
 0005:00000008 00000008 C=TLS      S=.tls     G=(none)   M=Classes  ACBP=A9
 0005:00000010 00000024 C=TLS      S=.tls     G=(none)   M=GraphUtil ACBP=A9
 0005:00000034 00000001 C=TLS      S=.tls     G=(none)   M=RSDebug  ACBP=A9


  Address             Publics by Name

 0004:00065388       ActnList..9
 0001:0004B37C       ActnList..TActionLink
 0001:0004AF54       ActnList..TContainedAction
 0001:0004B274       ActnList..TCustomAction
 0001:0004B078       ActnList..TCustomActionList
 0001:0004B158       ActnList..TShortCutList
 0002:00000730       ActnList.ActnList
 0001:0004C258       ActnList.Finalization
 0001:0004BA6C       ActnList.TActionLink.IsCaptionLinked
 0001:0004BA80       ActnList.TActionLink.IsCheckedLinked
 0001:0004BA94       ActnList.TActionLink.IsEnabledLinked
 0001:0004BAA8       ActnList.TActionLink.IsGroupIndexLinked
 0001:0004BABC       ActnList.TActionLink.IsHelpContextLinked
 0001:0004BAD0       ActnList.TActionLink.IsHelpLinked
 0001:0004BAE4       ActnList.TActionLink.IsHintLinked
 0001:0004BAF8       ActnList.TActionLink.IsImageIndexLinked
 0001:0004BB0C       ActnList.TActionLink.IsShortCutLinked
 0001:0004BB20       ActnList.TActionLink.IsVisibleLinked
 0001:0004BB34       ActnList.TActionLink.SetAutoCheck
 0001:0004BB38       ActnList.TActionLink.SetCaption
 0001:0004BB3C       ActnList.TActionLink.SetChecked
 0001:0004BB40       ActnList.TActionLink.SetEnabled
 0001:0004BB44       ActnList.TActionLink.SetGroupIndex
 0001:0004BB48       ActnList.TActionLink.SetHelpContext
 0001:0004BB4C       ActnList.TActionLink.SetHelpKeyword
 0001:0004BB50       ActnList.TActionLink.SetHelpType
 0001:0004BB54       ActnList.TActionLink.SetHint
 0001:0004BB58       ActnList.TActionLink.SetImageIndex
 0001:0004BB5C       ActnList.TActionLink.SetShortCut
 0001:0004BB60       ActnList.TActionLink.SetVisible
 0001:0004B44C       ActnList.TContainedAction.Destroy
 0001:0004B5B8       ActnList.TContainedAction.Execute
 0001:0004B480       ActnList.TContainedAction.GetIndex
 0001:0004B49C       ActnList.TContainedAction.GetParentComponent
 0001:0004B4AC       ActnList.TContainedAction.HasParent
 0001:0004B498       ActnList.TContainedAction.IsCategoryStored
 0001:0004B4BC       ActnList.TContainedAction.ReadState
 0001:0004B564       ActnList.TContainedAction.SetActionList
 0001:0004B538       ActnList.TContainedAction.SetCategory
 0001:0004B4F0       ActnList.TContainedAction.SetIndex
 0001:0004B58C       ActnList.TContainedAction.SetParentComponent
 0001:0004B610       ActnList.TContainedAction.Update
 0001:0004BC08       ActnList.TCustomAction.AssignTo
 0001:0004BB64       ActnList.TCustomAction.Create
 0001:0004BBB8       ActnList.TCustomAction.Destroy
 0001:0004C128       ActnList.TCustomAction.DoHint
 0001:0004C150       ActnList.TCustomAction.Execute
 0001:0004C1B4       ActnList.TCustomAction.GetSecondaryShortCuts
 0001:0004C1DC       ActnList.TCustomAction.HandleShortCut
 0001:0004BCB8       ActnList.TCustomAction.SetCaption
 0001:0004BD18       ActnList.TCustomAction.SetChecked
 0001:0004BE20       ActnList.TCustomAction.SetEnabled
 0001:0004BF04       ActnList.TCustomAction.SetHelpContext
 0001:0004BE9C       ActnList.TCustomAction.SetHelpKeyword
 0001:0004BF5C       ActnList.TCustomAction.SetHint
 0001:0004BFBC       ActnList.TCustomAction.SetImageIndex
 0001:0004C0DC       ActnList.TCustomAction.SetName
 0001:0004C018       ActnList.TCustomAction.SetShortCut
 0001:0004C07C       ActnList.TCustomAction.SetVisible
 0001:0004B840       ActnList.TCustomActionList.AddAction
 0001:0004B87C       ActnList.TCustomActionList.Change
 0001:0004B668       ActnList.TCustomActionList.Create
 0001:0004B6D4       ActnList.TCustomActionList.Destroy
 0001:0004B988       ActnList.TCustomActionList.ExecuteAction
 0001:0004B79C       ActnList.TCustomActionList.GetAction
 0001:0004B7B0       ActnList.TCustomActionList.GetActionCount
 0001:0004B724       ActnList.TCustomActionList.GetChildren
 0001:0004B7EC       ActnList.TCustomActionList.ImageListChange
 0001:0004B8E4       ActnList.TCustomActionList.IsShortCut
 0001:0004B7F8       ActnList.TCustomActionList.Notification
 0001:0004B860       ActnList.TCustomActionList.RemoveAction
 0001:0004B76C       ActnList.TCustomActionList.SetChildOrder
 0001:0004B7B8       ActnList.TCustomActionList.SetImages
 0001:0004B9C8       ActnList.TCustomActionList.SetState
 0001:0004B9A8       ActnList.TCustomActionList.UpdateAction
 0001:0004C1E8       ActnList.TShortCutList.Add
 0001:0004C214       ActnList.TShortCutList.IndexOfShortCut
 0004:000032D0       Classes..95
 0001:00011CF8       Classes..EBitsError
 0001:00011BE8       Classes..EClassNotFound
 0001:00011DB0       Classes..EComponentError
 0001:00011A2C       Classes..EFCreateError
 0001:00011AE0       Classes..EFilerError
 0001:000119CC       Classes..EFileStreamError
 0001:00011A88       Classes..EFOpenError
 0001:00011EC4       Classes..EInvalidOperation
 0001:00011CA0       Classes..EListError
 0001:00011E68       Classes..EOutOfResources
 0001:00011E0C       Classes..EParserError
 0001:00011B38       Classes..EReadError
 0001:00011C44       Classes..EResNotFound
 0001:00011970       Classes..EStreamError
 0001:00011D50       Classes..EStringListError
 0001:00012A30       Classes..EThread
 0001:00011B90       Classes..EWriteError
 0001:00012D58       Classes..TBasicAction
 0001:00012CD8       Classes..TBasicActionLink
 0001:00011FE0       Classes..TBits
 0001:000128DC       Classes..TClassFinder
 0001:00012B78       Classes..TComponent
 0001:000125D0       Classes..TCustomMemoryStream
 0001:00012938       Classes..TFiler
 0001:00012548       Classes..TFileStream
 0001:000124D0       Classes..THandleStream
 0001:00013C00       Classes..TIntConst
 0001:00012124       Classes..TInterfacedPersistent
 0001:00011F24       Classes..TList
 0001:0001264C       Classes..TMemoryStream
 0001:00012034       Classes..TPersistent
 0001:00016C28       Classes..TPropFixup
 0001:00016CA0       Classes..TPropIntfFixup
 0001:0001299C       Classes..TReader
 0001:00012EDC       Classes..TRegGroup
 0001:00012F34       Classes..TRegGroups
 0001:000126C8       Classes..TResourceStream
 0001:00012460       Classes..TStream
 0001:00012854       Classes..TStreamAdapter
 0001:00012348       Classes..TStringList
 0001:00012210       Classes..TStrings
 0001:00011F88       Classes..TThreadList
 0001:00013BA4       Classes.ActivateClassGroup
 0003:00000AB4       Classes.AddDataModule
 0001:00016F00       Classes.AddFinished
 0001:00016F38       Classes.AddNotFinished
 0001:00017AAC       Classes.AddSubComponentsToLoaded
 0001:0001B350       Classes.AllocateHWnd
 0003:00000AC4       Classes.ApplicationHandleException
 0003:00000ACC       Classes.ApplicationShowException
 0001:00013EFC       Classes.BeginGlobalLoading
 0001:00019EF4       Classes.BinToHex
 0003:00000B6C       Classes.BlockCode
 0001:00012EA0       Classes.Bounds
 0001:0001B28C       Classes.CalcJmpOffset
 0001:00017AE8       Classes.CheckSubComponents
 0001:00019FFC       Classes.CheckSynchronize
 0002:000001F8       Classes.Classes
 0001:00013968       Classes.ClassNotFound
 0001:00017BC8       Classes.ComponentCreated
 0003:00000AF8       Classes.Convert
 0003:00000AE8       Classes.Convert
 0001:00017C48       Classes.CreateComponent
 0001:0001B404       Classes.DeallocateHWnd
 0001:00019FBC       Classes.DoneThreadSynchronization
 0001:00014D5C       Classes.DoWrite
 0001:00013F84       Classes.EndGlobalLoading
 0001:00013508       Classes.Error
 0001:00016A60       Classes.Error
 0003:00000ADC       Classes.FilerSignature
 0001:0001B42C       Classes.Finalization
 0001:00013A28       Classes.FindClass
 0001:00017DF8       Classes.FindExistingComponent
 0001:00013E14       Classes.FindGlobalComponent
 0004:000032DC       Classes.FindGlobalComponentProcs
 0001:00013CBC       Classes.FindIdentToInt
 0001:00016E34       Classes.FindNestedComponent
 0001:00018D48       Classes.FindUniqueName
 0001:0001B1F8       Classes.FreeIntConstList
 0001:0001B32C       Classes.FreeObjectInstance
 0001:000139D4       Classes.GetClass
 0001:0001395C       Classes.GetFieldClassTable
 0004:000032E0       Classes.GlobalFixupList
 0001:00016F80       Classes.GlobalFixupReferences
 0005:0000000C       Classes.GlobalLists
 0005:00000008       Classes.GlobalLoaded
 0004:000032C4       Classes.GlobalNameSpace
 0001:00013B50       Classes.GroupDescendentsWith
 0001:0001856C       Classes.HandleException
 0001:00019F30       Classes.HexToBin
 0001:00013D38       Classes.IdentToInt
 0001:00013FE0       Classes.InitComponent
 0001:00014088       Classes.InitInheritedComponent
 0001:00019F88       Classes.InitThreadSynchronization
 0004:000032FC       Classes.InstBlockList
 0004:00003300       Classes.InstFreeList
 0004:000032D4       Classes.IntConstList
 0001:00013E78       Classes.InternalReadComponentRes
 0001:00013D78       Classes.IntToIdent
 0001:00012EC8       Classes.InvalidPoint
 0001:00013E54       Classes.IsUniqueGlobalComponentName
 0004:000032C8       Classes.IsUniqueGlobalComponentNameProc
 0001:0001B294       Classes.MakeObjectInstance
 0001:000146F8       Classes.Min
 0001:0001B264       Classes.ModuleUnload
 0003:00000AE0       Classes.NilMethod
 0001:00013F54       Classes.NotifyGlobalLoading
 0001:00012E50       Classes.Point
 0001:00013294       Classes.PointerInModule
 0001:000172A0       Classes.PropertyNotFound
 0001:0001866C       Classes.PropPathError
 0001:00017294       Classes.PropValueError
 0001:00016250       Classes.RaiseException
 0001:000198FC       Classes.ReadCustomVariant
 0001:0001727C       Classes.ReadError
 0001:00017BE8       Classes.Recover
 0001:00012E78       Classes.Rect
 0004:000032D8       Classes.RegGroups
 0001:00013A48       Classes.RegisterClass
 0001:00013DBC       Classes.RegisterFindGlobalComponentProc
 0001:00013C90       Classes.RegisterIntegerConsts
 0003:00000ABC       Classes.RemoveDataModule
 0001:0001714C       Classes.RemoveFixupReferences
 0001:000171F8       Classes.RemoveFixups
 0001:00017590       Classes.RemoveGlobalFixup
 0001:00019FD4       Classes.ResetSyncEvent
 0001:00014EBC       Classes.ReturnAddr
 0001:00014220       Classes.ReturnAddr
 0001:00017D58       Classes.SetCompName
 0001:000172CC       Classes.SetElementValue
 0001:00018970       Classes.SetInterfaceReference
 0001:0001888C       Classes.SetIntIdent
 0001:000188D4       Classes.SetObjectIdent
 0001:00017B60       Classes.SetSubComponentState
 0001:00018914       Classes.SetVariantReference
 0001:0001941C       Classes.SkipBinary
 0001:0001944C       Classes.SkipCollection
 0001:000193F4       Classes.SkipList
 0001:00012E68       Classes.SmallPoint
 0001:00013B04       Classes.StartClassGroup
 0001:0001B26C       Classes.StdWndProc
 0001:00016060       Classes.StringListCompareStrings
 0004:000032CC       Classes.SyncEvent
 0003:00000B68       Classes.SyncList
 0001:0001AC64       Classes.TBasicAction.Change
 0001:0001AAF8       Classes.TBasicAction.Create
 0001:0001AB3C       Classes.TBasicAction.Destroy
 0001:0001ABD0       Classes.TBasicAction.Execute
 0001:0001ABA0       Classes.TBasicAction.ExecuteTarget
 0001:0001AB9C       Classes.TBasicAction.HandlesTarget
 0001:0001ABA4       Classes.TBasicAction.Notification
 0001:0001AC78       Classes.TBasicAction.RegisterChanges
 0001:0001ACC4       Classes.TBasicAction.SetActionComponent
 0001:0001AC08       Classes.TBasicAction.SetOnExecute
 0001:0001AC84       Classes.TBasicAction.UnRegisterChanges
 0001:0001ABEC       Classes.TBasicAction.Update
 0001:0001ABCC       Classes.TBasicAction.UpdateTarget
 0001:0001AA48       Classes.TBasicActionLink.AssignClient
 0001:0001AA80       Classes.TBasicActionLink.Change
 0001:0001AA04       Classes.TBasicActionLink.Create
 0001:0001AA4C       Classes.TBasicActionLink.Destroy
 0001:0001AA98       Classes.TBasicActionLink.Execute
 0001:0001AAE0       Classes.TBasicActionLink.IsOnExecuteLinked
 0001:0001AAB4       Classes.TBasicActionLink.SetAction
 0001:0001AAE4       Classes.TBasicActionLink.SetOnExecute
 0001:0001AAEC       Classes.TBasicActionLink.Update
 0001:000146B0       Classes.TBits.Destroy
 0001:000146E0       Classes.TBits.Error
 0001:000147D4       Classes.TBits.OpenBit
 0001:000147A8       Classes.TBits.SetBit
 0001:00014704       Classes.TBits.SetSize
 0001:00013778       Classes.TClassFinder.Create
 0001:000138A4       Classes.TClassFinder.Destroy
 0001:000138D4       Classes.TClassFinder.GetClass
 0001:00014AD4       Classes.TCollection.Add
 0001:00014AF4       Classes.TCollection.Clear
 0001:0001A29C       Classes.TComponent.BeforeDestruction
 0001:0001A7D4       Classes.TComponent.ChangeName
 0001:0001A1D4       Classes.TComponent.Create
 0001:0001A564       Classes.TComponent.DefineProperties
 0001:0001A220       Classes.TComponent.Destroy
 0001:0001A42C       Classes.TComponent.DestroyComponents
 0001:0001A488       Classes.TComponent.Destroying
 0001:0001A910       Classes.TComponent.ExecuteAction
 0001:0001A6F4       Classes.TComponent.FindComponent
 0001:0001A2A8       Classes.TComponent.FreeNotification
 0001:0001A5F8       Classes.TComponent.GetChildOwner
 0001:0001A5FC       Classes.TComponent.GetChildParent
 0001:0001A5F0       Classes.TComponent.GetChildren
 0001:0001A7E8       Classes.TComponent.GetComponent
 0001:0001A814       Classes.TComponent.GetComponentCount
 0001:0001A600       Classes.TComponent.GetNamePath
 0001:0001A614       Classes.TComponent.GetOwner
 0001:0001A61C       Classes.TComponent.GetParentComponent
 0001:0001A5EC       Classes.TComponent.HasParent
 0001:0001A33C       Classes.TComponent.Insert
 0001:0001A390       Classes.TComponent.InsertComponent
 0001:0001AA00       Classes.TComponent.IntfGetComponent
 0001:0001A63C       Classes.TComponent.Loaded
 0001:0001A504       Classes.TComponent.Notification
 0001:0001A648       Classes.TComponent.PaletteCreated
 0001:0001A980       Classes.TComponent.QueryInterface
 0001:0001A2FC       Classes.TComponent.ReadLeft
 0001:0001A64C       Classes.TComponent.ReadState
 0001:0001A310       Classes.TComponent.ReadTop
 0001:0001A368       Classes.TComponent.Remove
 0001:0001A3F4       Classes.TComponent.RemoveComponent
 0001:0001A4E8       Classes.TComponent.RemoveFreeNotification
 0001:0001A4C4       Classes.TComponent.RemoveNotification
 0001:0001A960       Classes.TComponent.SafeCallException
 0001:0001A618       Classes.TComponent.SetChildOrder
 0001:0001A824       Classes.TComponent.SetComponentIndex
 0001:0001A878       Classes.TComponent.SetDesigning
 0001:0001A744       Classes.TComponent.SetName
 0001:0001A620       Classes.TComponent.SetParentComponent
 0001:0001A8C8       Classes.TComponent.SetReference
 0001:0001A938       Classes.TComponent.UpdateAction
 0001:0001A630       Classes.TComponent.Updated
 0001:0001A978       Classes.TComponent.UpdateRegistry
 0001:0001A624       Classes.TComponent.Updating
 0001:0001A6DC       Classes.TComponent.ValidateContainer
 0001:0001A6F0       Classes.TComponent.ValidateInsert
 0001:0001A65C       Classes.TComponent.ValidateRename
 0001:0001A324       Classes.TComponent.WriteLeft
 0001:0001A654       Classes.TComponent.WriteState
 0001:0001A330       Classes.TComponent.WriteTop
 0001:0001A9C0       Classes.TComponent._AddRef
 0001:0001A9E0       Classes.TComponent._Release
 0001:0001680C       Classes.TCustomMemoryStream.Read
 0001:00016844       Classes.TCustomMemoryStream.Seek
 0001:00016804       Classes.TCustomMemoryStream.SetPointer
 0001:00016BB4       Classes.TFiler.Create
 0001:00016BFC       Classes.TFiler.Destroy
 0001:00016C24       Classes.TFiler.SetRoot
 0001:0001665C       Classes.TFileStream.Create
 0001:00016618       Classes.TFileStream.Create
 0001:000167D0       Classes.TFileStream.Destroy
 0001:00016554       Classes.THandleStream.Create
 0001:00016590       Classes.THandleStream.Read
 0001:000165B0       Classes.THandleStream.Seek
 0001:000165DC       Classes.THandleStream.SetSize
 0001:000165F0       Classes.THandleStream.SetSize
 0001:000165A0       Classes.THandleStream.Write
 0004:000032E4       Classes.ThreadLock
 0001:00013C58       Classes.TIntConst.Create
 0001:00014A1C       Classes.TInterfacedPersistent.AfterConstruction
 0001:00014AAC       Classes.TInterfacedPersistent.QueryInterface
 0001:00014A6C       Classes.TInterfacedPersistent._AddRef
 0001:00014A8C       Classes.TInterfacedPersistent._Release
 0001:00014170       Classes.TList.Add
 0001:000141A4       Classes.TList.Clear
 0001:000141BC       Classes.TList.Delete
 0001:00014150       Classes.TList.Destroy
 0001:00014224       Classes.TList.Error
 0001:0001425C       Classes.TList.Error
 0001:000142B0       Classes.TList.Expand
 0001:000142C8       Classes.TList.First
 0001:000142D0       Classes.TList.Get
 0001:000142F8       Classes.TList.Grow
 0001:0001432C       Classes.TList.IndexOf
 0001:0001434C       Classes.TList.Insert
 0001:000143B8       Classes.TList.Last
 0001:000144E4       Classes.TList.Notify
 0001:000143C4       Classes.TList.Put
 0001:00014414       Classes.TList.Remove
 0001:00014434       Classes.TList.SetCapacity
 0001:00014470       Classes.TList.SetCount
 0001:00016894       Classes.TMemoryStream.Clear
 0001:00016868       Classes.TMemoryStream.Destroy
 0001:000168AC       Classes.TMemoryStream.LoadFromStream
 0001:00016938       Classes.TMemoryStream.Realloc
 0001:000168E4       Classes.TMemoryStream.SetCapacity
 0001:0001690C       Classes.TMemoryStream.SetSize
 0001:000169B8       Classes.TMemoryStream.Write
 0001:00014878       Classes.TPersistent.Assign
 0001:0001488C       Classes.TPersistent.AssignError
 0001:0001495C       Classes.TPersistent.AssignTo
 0001:00014964       Classes.TPersistent.DefineProperties
 0001:0001484C       Classes.TPersistent.Destroy
 0001:00014968       Classes.TPersistent.GetNamePath
 0001:00014A18       Classes.TPersistent.GetOwner
 0001:00016D00       Classes.TPropFixup.Create
 0001:00016D58       Classes.TPropFixup.MakeGlobalReference
 0001:00016DA0       Classes.TPropFixup.ResolveReference
 0001:00016DB0       Classes.TPropIntfFixup.ResolveReference
 0001:00017320       Classes.TReader.CheckValue
 0001:00017380       Classes.TReader.DefineBinaryProperty
 0001:00017344       Classes.TReader.DefineProperty
 0001:000172E4       Classes.TReader.Destroy
 0001:0001760C       Classes.TReader.DoFixupReferences
 0001:00017468       Classes.TReader.EndOfList
 0001:0001747C       Classes.TReader.Error
 0001:00019748       Classes.TReader.FindAncestorComponent
 0001:00019840       Classes.TReader.FindComponentClass
 0001:00017528       Classes.TReader.FindMethod
 0001:000174A0       Classes.TReader.FindMethodInstance
 0001:00017750       Classes.TReader.FlushBuffer
 0001:00017774       Classes.TReader.FreeFixups
 0001:000177B0       Classes.TReader.GetFieldClass
 0001:00017848       Classes.TReader.GetPosition
 0001:00017860       Classes.TReader.NextValue
 0001:00017870       Classes.TReader.PropertyError
 0001:00017884       Classes.TReader.Read
 0001:0001790C       Classes.TReader.ReadBoolean
 0001:000178D0       Classes.TReader.ReadBuffer
 0001:00017920       Classes.TReader.ReadChar
 0001:000179DC       Classes.TReader.ReadCollection
 0001:00017E9C       Classes.TReader.ReadComponent
 0001:000182DC       Classes.TReader.ReadCurrency
 0001:000180DC       Classes.TReader.ReadData
 0001:0001814C       Classes.TReader.ReadDataInner
 0001:0001832C       Classes.TReader.ReadDate
 0001:00018254       Classes.TReader.ReadDouble
 0001:0001821C       Classes.TReader.ReadFloat
 0001:00018370       Classes.TReader.ReadIdent
 0001:000184D8       Classes.TReader.ReadInt64
 0001:0001846C       Classes.TReader.ReadInteger
 0001:0001851C       Classes.TReader.ReadListBegin
 0001:00018524       Classes.TReader.ReadListEnd
 0001:0001852C       Classes.TReader.ReadPrefix
 0001:00018688       Classes.TReader.ReadProperty
 0001:00018A30       Classes.TReader.ReadPropValue
 0001:00018DA8       Classes.TReader.ReadRootComponent
 0001:000190DC       Classes.TReader.ReadSet
 0001:00019198       Classes.TReader.ReadSignature
 0001:00018298       Classes.TReader.ReadSingle
 0001:000191BC       Classes.TReader.ReadStr
 0001:000191F8       Classes.TReader.ReadString
 0001:00019398       Classes.TReader.ReadValue
 0001:00019AC4       Classes.TReader.ReadVariant
 0001:00017980       Classes.TReader.ReadWideChar
 0001:000192B4       Classes.TReader.ReadWideString
 0001:00019800       Classes.TReader.ReferenceName
 0001:00019818       Classes.TReader.SetName
 0001:000198B4       Classes.TReader.SkipBytes
 0001:000196A0       Classes.TReader.SkipComponent
 0001:00019658       Classes.TReader.SkipProperty
 0001:000193AC       Classes.TReader.SkipSetBody
 0001:000194A8       Classes.TReader.SkipValue
 0001:00012F8C       Classes.TRegGroup.AddClass
 0001:00012F98       Classes.TRegGroup.BestClass
 0001:00012FF8       Classes.TRegGroup.BestGroup
 0001:00013068       Classes.TRegGroup.Create
 0001:000130C4       Classes.TRegGroup.Destroy
 0001:00013104       Classes.TRegGroup.GetClass
 0001:0001316C       Classes.TRegGroup.InGroup
 0001:000131B0       Classes.TRegGroup.RegisterClass
 0001:00013270       Classes.TRegGroup.Registered
 0001:000132B4       Classes.TRegGroup.UnregisterModuleClasses
 0001:00013360       Classes.TRegGroups.Activate
 0001:000133AC       Classes.TRegGroups.Create
 0001:00013420       Classes.TRegGroups.Destroy
 0001:00013480       Classes.TRegGroups.FindGroup
 0001:000134C4       Classes.TRegGroups.GetClass
 0001:00013598       Classes.TRegGroups.GroupWith
 0001:00013664       Classes.TRegGroups.Lock
 0001:00013670       Classes.TRegGroups.RegisterClass
 0001:00013688       Classes.TRegGroups.Registered
 0001:000136CC       Classes.TRegGroups.StartGroup
 0001:0001371C       Classes.TRegGroups.Unlock
 0001:00013728       Classes.TRegGroups.UnregisterModuleClasses
 0001:00016A08       Classes.TResourceStream.Create
 0001:00016B6C       Classes.TResourceStream.Destroy
 0001:00016B00       Classes.TResourceStream.Initialize
 0001:00016B9C       Classes.TResourceStream.Write
 0001:00016400       Classes.TStream.CopyFrom
 0001:00016164       Classes.TStream.GetPosition
 0001:00016198       Classes.TStream.GetSize
 0001:00016390       Classes.TStream.ReadBuffer
 0001:000164F4       Classes.TStream.ReadComponent
 0001:0001629C       Classes.TStream.Seek
 0001:00016320       Classes.TStream.Seek
 0001:00016184       Classes.TStream.SetPosition
 0001:000161FC       Classes.TStream.SetSize
 0001:000161E4       Classes.TStream.SetSize
 0001:000161E8       Classes.TStream.SetSize64
 0001:000163C8       Classes.TStream.WriteBuffer
 0001:0001B1E0       Classes.TStreamAdapter.Clone
 0001:0001B134       Classes.TStreamAdapter.Commit
 0001:0001AF2C       Classes.TStreamAdapter.CopyTo
 0001:0001ACF0       Classes.TStreamAdapter.Create
 0001:0001AD3C       Classes.TStreamAdapter.Destroy
 0001:0001B14C       Classes.TStreamAdapter.LockRegion
 0001:0001AD74       Classes.TStreamAdapter.Read
 0001:0001B140       Classes.TStreamAdapter.Revert
 0001:0001AE44       Classes.TStreamAdapter.Seek
 0001:0001AEC8       Classes.TStreamAdapter.SetSize
 0001:0001B164       Classes.TStreamAdapter.Stat
 0001:0001B158       Classes.TStreamAdapter.UnlockRegion
 0001:0001ADDC       Classes.TStreamAdapter.Write
 0001:00015ACC       Classes.TStringList.Add
 0001:00015ADC       Classes.TStringList.AddObject
 0001:00015B40       Classes.TStringList.Changed
 0001:00015B5C       Classes.TStringList.Changing
 0001:00015B78       Classes.TStringList.Clear
 0001:000160C8       Classes.TStringList.CompareStrings
 0001:00016090       Classes.TStringList.CustomSort
 0001:00015BB8       Classes.TStringList.Delete
 0001:00015A70       Classes.TStringList.Destroy
 0001:00015C24       Classes.TStringList.Exchange
 0001:00015C80       Classes.TStringList.ExchangeItems
 0001:00015CA4       Classes.TStringList.Find
 0001:00015D28       Classes.TStringList.Get
 0001:00015D5C       Classes.TStringList.GetCapacity
 0001:00015D60       Classes.TStringList.GetCount
 0001:00015D64       Classes.TStringList.GetObject
 0001:00015D8C       Classes.TStringList.Grow
 0001:00015DC0       Classes.TStringList.IndexOf
 0001:00015DFC       Classes.TStringList.Insert
 0001:00015E60       Classes.TStringList.InsertItem
 0001:00015E0C       Classes.TStringList.InsertObject
 0001:00015EDC       Classes.TStringList.Put
 0001:00015F38       Classes.TStringList.PutObject
 0001:00015F78       Classes.TStringList.QuickSort
 0001:0001600C       Classes.TStringList.SetCapacity
 0001:0001614C       Classes.TStringList.SetCaseSensitive
 0001:00016028       Classes.TStringList.SetSorted
 0001:00016048       Classes.TStringList.SetUpdateState
 0001:00016080       Classes.TStringList.Sort
 0001:00014B8C       Classes.TStrings.Add
 0001:00014BB0       Classes.TStrings.AddObject
 0001:00014BD4       Classes.TStrings.AddStrings
 0001:00014C8C       Classes.TStrings.Assign
 0001:00014D44       Classes.TStrings.BeginUpdate
 0001:000159F8       Classes.TStrings.CompareStrings
 0001:00014DB4       Classes.TStrings.DefineProperties
 0001:00014B5C       Classes.TStrings.Destroy
 0001:00014E00       Classes.TStrings.EndUpdate
 0001:00014E14       Classes.TStrings.Equals
 0001:00014EF8       Classes.TStrings.Error
 0001:00014EC0       Classes.TStrings.Error
 0001:00014F50       Classes.TStrings.Exchange
 0001:0001503C       Classes.TStrings.GetCapacity
 0001:00015998       Classes.TStrings.GetLineBreak
 0001:00015A3C       Classes.TStrings.GetNameValueSeparator
 0001:00015044       Classes.TStrings.GetObject
 0001:00015048       Classes.TStrings.GetText
 0001:0001509C       Classes.TStrings.GetTextStr
 0001:000151D4       Classes.TStrings.IndexOf
 0001:00015260       Classes.TStrings.IndexOfName
 0001:00015334       Classes.TStrings.IndexOfObject
 0001:00015368       Classes.TStrings.InsertObject
 0001:00015398       Classes.TStrings.LoadFromFile
 0001:000153EC       Classes.TStrings.LoadFromStream
 0001:00015498       Classes.TStrings.Move
 0001:00015548       Classes.TStrings.Put
 0001:00015578       Classes.TStrings.PutObject
 0001:0001557C       Classes.TStrings.ReadData
 0001:0001562C       Classes.TStrings.SaveToFile
 0001:00015684       Classes.TStrings.SaveToStream
 0001:000156E4       Classes.TStrings.SetCapacity
 0001:000159CC       Classes.TStrings.SetLineBreak
 0001:00015A54       Classes.TStrings.SetNameValueSeparator
 0001:000156E8       Classes.TStrings.SetStringsAdapter
 0001:0001571C       Classes.TStrings.SetText
 0001:0001576C       Classes.TStrings.SetTextStr
 0001:00015910       Classes.TStrings.SetUpdateState
 0001:00015914       Classes.TStrings.WriteData
 0001:000145B8       Classes.TThreadList.Add
 0001:000144E8       Classes.TThreadList.Create
 0001:0001453C       Classes.TThreadList.Destroy
 0001:00014640       Classes.TThreadList.LockList
 0001:00014654       Classes.TThreadList.Remove
 0001:000146A4       Classes.TThreadList.UnlockList
 0001:00019CE4       Classes.TWriter.Write
 0001:00019D48       Classes.TWriter.WriteBoolean
 0001:00019D30       Classes.TWriter.WriteBuffer
 0001:00019D5C       Classes.TWriter.WriteInteger
 0001:00019DD0       Classes.TWriter.WriteListBegin
 0001:00019DD8       Classes.TWriter.WriteListEnd
 0001:00019DE0       Classes.TWriter.WriteMinStr
 0001:00019E8C       Classes.TWriter.WriteString
 0001:00019EE0       Classes.TWriter.WriteValue
 0001:00013DFC       Classes.UnregisterFindGlobalComponentProc
 0001:00013AB8       Classes.UnRegisterModuleClasses
 0003:00000B70       Classes.UtilWindowClass
 0001:00019FE0       Classes.WaitForSyncEvent
 0003:00000AD4       Classes.WakeMainThread
 0004:000652A4       Clipbrd..2
 0004:000652A2       Clipbrd.CF_COMPONENT
 0004:000652A0       Clipbrd.CF_PICTURE
 0002:000005A8       Clipbrd.Clipbrd
 0004:000652A8       Clipbrd.FClipboard
 0001:0002EE98       Clipbrd.Finalization
 0001:0002D93C       CommCtrl.ImageList_Add
 0001:0002D96C       CommCtrl.ImageList_BeginDrag
 0001:0002D924       CommCtrl.ImageList_Create
 0001:0002D92C       CommCtrl.ImageList_Destroy
 0001:0002D97C       CommCtrl.ImageList_DragEnter
 0001:0002D984       CommCtrl.ImageList_DragLeave
 0001:0002D98C       CommCtrl.ImageList_DragMove
 0001:0002D994       CommCtrl.ImageList_DragShowNolock
 0001:0002D954       CommCtrl.ImageList_Draw
 0001:0002D95C       CommCtrl.ImageList_DrawEx
 0001:0002D974       CommCtrl.ImageList_EndDrag
 0001:0002D94C       CommCtrl.ImageList_GetBkColor
 0001:0002D9AC       CommCtrl.ImageList_GetIconSize
 0001:0002D934       CommCtrl.ImageList_GetImageCount
 0001:0002D99C       CommCtrl.ImageList_Read
 0001:0002D964       CommCtrl.ImageList_Remove
 0001:0002D944       CommCtrl.ImageList_SetBkColor
 0001:0002D9B4       CommCtrl.ImageList_SetIconSize
 0001:0002D9A4       CommCtrl.ImageList_Write
 0001:0002D9BC       CommCtrl._TrackMouseEvent
 0004:000033B4       Common..1
 0002:0000031C       Common.Common
 0003:00000C44       Common.DummyFalse
 0001:0001D734       Common.Finalization
 0001:0001D724       Common.GameCursorPos
 0003:00000C40       Common.SWrong
 0003:00000BCC       Common._access
 0003:00000BF8       Common._AddCommand
 0003:00000C30       Common._Character_GetSkillWithBonuses
 0003:00000C20       Common._Character_GetWeaponDelay
 0003:00000C24       Common._Character_IsAlive
 0003:00000C34       Common._Character_SetDelay
 0003:00000C28       Common._Character_WearsItem
 0003:00000C2C       Common._Character_WearsItemWithEnchantSpec
 0003:00000C18       Common._Chest_CanPlaceItem
 0003:00000C1C       Common._Chest_PlaceItem
 0003:00000C04       Common._Deflate
 0003:00000BBC       Common._DoLoadGame
 0003:00000BB8       Common._DoSaveGame
 0003:00000BE4       Common._ExitScreen
 0003:00000BC0       Common._FindActiveMember
 0003:00000C00       Common._fread
 0003:00000BD8       Common._free
 0003:00000C14       Common._FreePcx
 0003:00000BEC       Common._IsMoviePlaying
 0003:00000BE8       Common._IsScreenOpaque
 0003:00000C0C       Common._LoadBitmapInPlace
 0003:00000BE0       Common._LoadMapTrack
 0003:00000C08       Common._LoadPalette
 0003:00000BC8       Common._LoadPaperDollGraphics
 0003:00000C10       Common._LoadPcx
 0003:00000BFC       Common._LodFind
 0003:00000BD0       Common._malloc
 0003:00000BD4       Common._new
 0003:00000BDC       Common._PermAlloc
 0003:00000C3C       Common._ReadRegStr
 0003:00000BB4       Common._ReleaseMouse
 0003:00000BC4       Common._ShowStatusText
 0003:00000BF0       Common._StopSounds
 0003:00000BF4       Common._strcmpi
 0003:00000C38       Common._TurnBased_CharacterActed
 0001:0002BE38       Contnrs..TObjectList
 0001:0002BEA0       Contnrs..TOrderedList
 0001:0002BF08       Contnrs..TStack
 0001:0002BF68       Contnrs.TObjectList.Create
 0001:0002BFA4       Contnrs.TObjectList.GetItem
 0001:0002BFB8       Contnrs.TObjectList.Notify
 0001:0002BFFC       Contnrs.TOrderedList.Create
 0001:0002C040       Contnrs.TOrderedList.Destroy
 0001:0002C070       Contnrs.TOrderedList.PeekItem
 0001:0002BFE4       Contnrs.TOrderedList.Pop
 0001:0002C084       Contnrs.TOrderedList.PopItem
 0001:0002BFEC       Contnrs.TOrderedList.Push
 0001:0002C0A4       Contnrs.TStack.PushItem
 0004:00065308       Controls..33
 0001:00036984       Controls..TBaseDragControlObject
 0001:00037CB0       Controls..TControl
 0001:00036E54       Controls..TControlActionLink
 0001:00036CCC       Controls..TControlCanvas
 0001:000387C0       Controls..TCustomControl
 0001:00036D6C       Controls..TCustomControlAction
 0001:00038C08       Controls..TDockTree
 0001:00038ABC       Controls..TDockZone
 0001:00036A48       Controls..TDragControlObject
 0001:00036AD4       Controls..TDragControlObjectEx
 0001:00036B64       Controls..TDragDockObject
 0001:00036C2C       Controls..TDragDockObjectEx
 0001:000368E0       Controls..TDragObject
 0001:0003892C       Controls..THintWindow
 0001:0003728C       Controls..TMargins
 0001:00038CAC       Controls..TMouse
 0001:000373A4       Controls..TPadding
 0001:000391FC       Controls..TSiteList
 0001:00037140       Controls..TSizeConstraints
 0001:000383B0       Controls..TWinControl
 0001:00038120       Controls..TWinControlActionLink
 0001:0003986C       Controls.AbsMin
 0004:0006533C       Controls.ActiveDrag
 0001:0003FAEC       Controls.AlignWork
 0003:00001984       Controls.AnchorAlign
 0003:00001978       Controls.AnimateWindowProc
 0003:00001A80       Controls.AnimationStyle
 0001:0003C780       Controls.BackgroundClipped
 0001:00048A08       Controls.CalcSplitterPos
 0001:0003A910       Controls.CancelDrag
 0004:00065350       Controls.CanvasList
 0003:00001A3C       Controls.CaptureControl
 0001:0003A578       Controls.CheckUndock
 0001:00045890       Controls.ClientToWindow
 0004:0006530E       Controls.ControlAtom
 0004:00065314       Controls.ControlAtomString
 0002:000006A0       Controls.Controls
 0003:0000197C       Controls.CreationControl
 0003:00001A78       Controls.Ctl3DStyles
 0003:0000198C       Controls.Cursors
 0001:00039094       Controls.CursorToIdent
 0003:00001980       Controls.DefaultDockTreeClass
 0001:00040A0C       Controls.DestroyChildWindow
 0001:0003F960       Controls.DoAlign
 0001:000443A8       Controls.DoCalcConstraints
 0004:00065344       Controls.DockSiteList
 0001:0004173C       Controls.DoControlMsg
 0001:00039E80       Controls.DoDragOver
 0001:00046510       Controls.DoFindControlZone
 0001:00046C38       Controls.DoFindZone
 0001:00046594       Controls.DoForEach
 0001:000481DC       Controls.DoGetNextLimit
 0001:00049214       Controls.DoneControls
 0001:0003F918       Controls.DoPosition
 0001:000476EC       Controls.DoPrune
 0001:00047C00       Controls.DoSaveZone
 0001:00047EC4       Controls.DoSetNewBounds
 0001:000406B8       Controls.DoWriteDesignSize
 0001:0003DAEC       Controls.DoWriteExplicit
 0001:0003DAB8       Controls.DoWriteIsControl
 0004:00065328       Controls.DragCapture
 0004:0006531C       Controls.DragControl
 0001:0003A5EC       Controls.DragDone
 0001:00039E30       Controls.DragFindTarget
 0001:00039E04       Controls.DragFindWindow
 0004:00065340       Controls.DragImageList
 0001:0003A244       Controls.DragInit
 0001:0003A3B4       Controls.DragInitControl
 0004:00065324       Controls.DragInternalObject
 0001:00039D4C       Controls.DragMessage
 0004:00065320       Controls.DragObject
 0004:0006534C       Controls.DragSave
 0004:00065334       Controls.DragSaveCursor
 0004:0006532C       Controls.DragStartPos
 0004:00065338       Controls.DragThreshold
 0001:00039F5C       Controls.DragTo
 0001:00047170       Controls.DrawCloseButton
 0001:00047204       Controls.DrawGrabberLine
 0001:0004728C       Controls.DrawThemedGrabber
 0003:00001A68       Controls.EdgeStyles
 0001:00049834       Controls.Finalization
 0001:00038E44       Controls.FindControl
 0001:0003A95C       Controls.FindDragTarget
 0001:0003A928       Controls.FindVCLWindow
 0001:0003AA20       Controls.FreeDeviceContext
 0001:0003AADC       Controls.FreeDeviceContexts
 0001:00039190       Controls.GetCaptureControl
 0001:0003F788       Controls.GetClientSize
 0001:00040E2C       Controls.GetControlAtPos
 0001:000482BC       Controls.GetDockAlign
 0001:00039B9C       Controls.GetDockSiteAtPos
 0001:00039EBC       Controls.GetDropCtl
 0001:00046240       Controls.GetLastChildZone
 0001:000390F8       Controls.GetLongHint
 0001:000390B4       Controls.GetShortHint
 0001:0003929C       Controls.GetTopParent
 0001:00048338       Controls.HideZone
 0001:000390A4       Controls.IdentToCursor
 0003:00001AA8       Controls.IMM32DLL
 0001:00049200       Controls.Imm32IsIME
 0001:0004929C       Controls.InitControls
 0001:00048EA4       Controls.InitIMM32
 0001:00038D00       Controls.InitWndProc
 0003:00001A48       Controls.InnerStyles
 0001:0003F7E8       Controls.InsertBefore
 0001:00039950       Controls.IsBeforeTargetWindow
 0001:00039DA4       Controls.IsDelphiHandle
 0001:00045C74       Controls.IsOrientationSet
 0001:00039B58       Controls.IsSiteChildOfClient
 0001:00038EA0       Controls.IsVCLControl
 0004:000652FC       Controls.IsVCLControlHook
 0001:0003A9A8       Controls.ListAdd
 0001:0003A9D0       Controls.ListRemove
 0003:00001A94       Controls.MakeLast
 0001:0003EB70       Controls.MinVar
 0003:00001AAC       Controls.ModeMap
 0004:000652F8       Controls.Mouse
 0001:0003A9F0       Controls.MoveWindowOrg
 0004:00065304       Controls.NewStyleControls
 0001:00045C58       Controls.NextVisibleZone
 0001:00038E10       Controls.ObjectFromHWnd
 0003:00001A8C       Controls.OrientArray
 0003:00001A58       Controls.OuterStyles
 0001:00046068       Controls.ParentNotLast
 0001:0003913C       Controls.PerformEraseBackground
 0001:000406A4       Controls.PointsEqual
 0004:00065348       Controls.QualifyingSites
 0001:00046DD4       Controls.ReadControlName
 0001:00039CF0       Controls.RegisterDockSite
 0004:00065318       Controls.RM_GetObjectInstance
 0001:00038ED0       Controls.SendAppMessage
 0001:000391B8       Controls.SetCaptureControl
 0001:00049128       Controls.SetImeMode
 0003:00001A40       Controls.ShowFlags
 0001:000483B8       Controls.ShowZone
 0003:00001AA0       Controls.SizeCursors
 0001:0003966C       Controls.TBaseDragControlObject.Assign
 0001:00039648       Controls.TBaseDragControlObject.Create
 0001:00039698       Controls.TBaseDragControlObject.EndDrag
 0001:000396BC       Controls.TBaseDragControlObject.Finished
 0001:0003E8E0       Controls.TControl.ActionChange
 0001:0003EC90       Controls.TControl.AdjustSize
 0001:0003EAC4       Controls.TControl.AssignTo
 0001:0003CACC       Controls.TControl.BeginAutoDrag
 0001:0003CAE8       Controls.TControl.BeginDrag
 0001:0003C618       Controls.TControl.BringToFront
 0001:0003D530       Controls.TControl.CalcCursorPos
 0001:0003D698       Controls.TControl.CalcDockSizes
 0001:0003D430       Controls.TControl.CanAutoSize
 0001:0003D434       Controls.TControl.CanResize
 0001:0003BFEC       Controls.TControl.ChangeScale
 0001:0003E0A8       Controls.TControl.CheckNewSize
 0001:0003DE9C       Controls.TControl.Click
 0001:0003BE74       Controls.TControl.ClientToScreen
 0001:0003E638       Controls.TControl.CMBiDiModeChanged
 0001:0003E564       Controls.TControl.CMColorChanged
 0001:0003E768       Controls.TControl.CMDesignHitTest
 0001:0003E544       Controls.TControl.CMEnabledChanged
 0001:0003E880       Controls.TControl.CMFloat
 0001:0003E554       Controls.TControl.CMFontChanged
 0001:0003ECDC       Controls.TControl.CMHintShow
 0001:0003E6E8       Controls.TControl.CMHitTest
 0001:0003EE90       Controls.TControl.CMMouseActivate
 0001:0003E6F0       Controls.TControl.CMMouseEnter
 0001:0003E72C       Controls.TControl.CMMouseLeave
 0001:0003E5C8       Controls.TControl.CMMouseWheel
 0001:0003E5A4       Controls.TControl.CMParentBiDiModeChanged
 0001:0003E574       Controls.TControl.CMParentColorChanged
 0001:0003E694       Controls.TControl.CMParentFontChanged
 0001:0003E658       Controls.TControl.CMParentShowHintChanged
 0001:0003E6C4       Controls.TControl.CMSysFontChanged
 0001:0003E51C       Controls.TControl.CMVisibleChanged
 0001:0003D500       Controls.TControl.ConstrainedResize
 0001:0003B24C       Controls.TControl.Create
 0001:0003E770       Controls.TControl.CreateFloatingDockSite
 0001:0003DF08       Controls.TControl.DblClick
 0001:0003CF70       Controls.TControl.DefaultDockImage
 0001:0003DA10       Controls.TControl.DefaultHandler
 0001:0003DD0C       Controls.TControl.DefineProperties
 0001:0003D55C       Controls.TControl.DesignWndProc
 0001:0003B344       Controls.TControl.Destroy
 0001:0003E9E0       Controls.TControl.DoActionChange
 0001:0003D464       Controls.TControl.DoCanAutoSize
 0001:0003D4D0       Controls.TControl.DoCanResize
 0001:0003BB44       Controls.TControl.Dock
 0001:0003CD6C       Controls.TControl.DockTrackNoTarget
 0001:0003D590       Controls.TControl.DoConstrainedResize
 0001:0003D420       Controls.TControl.DoConstraintsChange
 0001:0003EE50       Controls.TControl.DoContextPopup
 0001:0003BC74       Controls.TControl.DoDock
 0001:0003D0BC       Controls.TControl.DoDragMsg
 0001:0003CD84       Controls.TControl.DoEndDock
 0001:0003CC6C       Controls.TControl.DoEndDrag
 0001:0003EEB4       Controls.TControl.DoMarginChange
 0001:0003CDD0       Controls.TControl.DoMouseActivate
 0001:0003DF60       Controls.TControl.DoMouseDown
 0001:0003E2D8       Controls.TControl.DoMouseUp
 0001:0003CE04       Controls.TControl.DoMouseWheel
 0001:0003CED8       Controls.TControl.DoMouseWheelDown
 0001:0003CF24       Controls.TControl.DoMouseWheelUp
 0001:0003CDB0       Controls.TControl.DoStartDock
 0001:0003CC4C       Controls.TControl.DoStartDrag
 0001:0003CBD4       Controls.TControl.DragCanceled
 0001:0003CC20       Controls.TControl.DragDrop
 0001:0003CBD8       Controls.TControl.Dragging
 0001:0003CBE4       Controls.TControl.DragOver
 0001:0003D09C       Controls.TControl.DrawDragDockImage
 0001:0003ECB0       Controls.TControl.DrawTextBiDiModeFlagsReadingOnly
 0001:0003D0AC       Controls.TControl.EraseDragDockImage
 0001:0003C494       Controls.TControl.FontChanged
 0001:0003B4CC       Controls.TControl.GetAction
 0001:0003EA04       Controls.TControl.GetActionLinkClass
 0001:0003EEC8       Controls.TControl.GetAlignWithMargins
 0001:0003BD04       Controls.TControl.GetBoundsRect
 0001:0003BDA4       Controls.TControl.GetClientHeight
 0001:0003BDE4       Controls.TControl.GetClientOrigin
 0001:0003BD48       Controls.TControl.GetClientRect
 0001:0003BD60       Controls.TControl.GetClientWidth
 0001:0003CA7C       Controls.TControl.GetControlsAlignment
 0001:0003C6D8       Controls.TControl.GetDeviceContext
 0001:0003EBAC       Controls.TControl.GetDockEdge
 0001:0003B40C       Controls.TControl.GetDragImages
 0001:0003B410       Controls.TControl.GetEnabled
 0001:0003EC5C       Controls.TControl.GetFloating
 0001:0003EC88       Controls.TControl.GetFloatingDockSiteClass
 0001:0003C5E0       Controls.TControl.GetMouseCapture
 0001:0003B418       Controls.TControl.GetPalette
 0001:0003B424       Controls.TControl.GetParentComponent
 0001:0003E0A0       Controls.TControl.GetPopupMenu
 0001:0003C3E4       Controls.TControl.GetText
 0001:0003C364       Controls.TControl.GetTextBuf
 0001:0003C354       Controls.TControl.GetTextLen
 0001:0003C370       Controls.TControl.GetUndockHeight
 0001:0003C384       Controls.TControl.GetUndockWidth
 0001:0003B41C       Controls.TControl.HasParent
 0001:0003ECCC       Controls.TControl.InitiateAction
 0001:0003C898       Controls.TControl.Invalidate
 0001:0003C80C       Controls.TControl.InvalidateControl
 0001:0003B5F8       Controls.TControl.IsAnchorsStored
 0001:0003C508       Controls.TControl.IsBiDiModeStored
 0001:0003C574       Controls.TControl.IsColorStored
 0001:0003EA0C       Controls.TControl.IsEnabledStored
 0001:0003C4E8       Controls.TControl.IsFontStored
 0001:0003EA4C       Controls.TControl.IsHelpContextStored
 0001:0003EA2C       Controls.TControl.IsHintStored
 0001:0003C4FC       Controls.TControl.IsShowHintStored
 0001:0003EA6C       Controls.TControl.IsVisibleStored
 0001:0003EA8C       Controls.TControl.Loaded
 0001:0003D1AC       Controls.TControl.ManualDock
 0001:0003D38C       Controls.TControl.ManualFloat
 0001:0003C8AC       Controls.TControl.MouseActivate
 0001:0003DF28       Controls.TControl.MouseDown
 0001:0003E1F4       Controls.TControl.MouseMove
 0001:0003E2A0       Controls.TControl.MouseUp
 0001:0003C8F4       Controls.TControl.MouseWheelHandler
 0001:0003B710       Controls.TControl.Notification
 0001:0003B450       Controls.TControl.PaletteChanged
 0001:0003D664       Controls.TControl.Perform
 0001:0003CC98       Controls.TControl.PositionDockRect
 0001:0003EFA4       Controls.TControl.ReadExplicitHeight
 0001:0003EFBC       Controls.TControl.ReadExplicitLeft
 0001:0003EF8C       Controls.TControl.ReadExplicitTop
 0001:0003EF64       Controls.TControl.ReadExplicitWidth
 0001:0003DA98       Controls.TControl.ReadIsControl
 0001:0003B67C       Controls.TControl.ReadState
 0001:0003C980       Controls.TControl.Repaint
 0001:0003B64C       Controls.TControl.RequestAlign
 0001:0003B65C       Controls.TControl.Resize
 0001:0003BEA0       Controls.TControl.ScaleConstraints
 0001:0003BF24       Controls.TControl.ScreenToClient
 0001:0003BF50       Controls.TControl.SendCancelMode
 0001:0003BF80       Controls.TControl.SendDockNotification
 0001:0003B57C       Controls.TControl.SetAction
 0001:0003B768       Controls.TControl.SetAlign
 0001:0003EED0       Controls.TControl.SetAlignWithMargins
 0001:0003B4DC       Controls.TControl.SetAnchors
 0001:0003C1B0       Controls.TControl.SetAutoSize
 0001:0003C478       Controls.TControl.SetBiDiMode
 0001:0003B850       Controls.TControl.SetBounds
 0001:0003BD24       Controls.TControl.SetBoundsRect
 0001:0003BDBC       Controls.TControl.SetClientHeight
 0001:0003C270       Controls.TControl.SetClientSize
 0001:0003BD78       Controls.TControl.SetClientWidth
 0001:0003C558       Controls.TControl.SetColor
 0001:0003EE84       Controls.TControl.SetConstraints
 0001:0003C5C4       Controls.TControl.SetCursor
 0001:0003B610       Controls.TControl.SetDesignVisible
 0001:0003B648       Controls.TControl.SetDragMode
 0001:0003C33C       Controls.TControl.SetEnabled
 0001:0003C4D8       Controls.TControl.SetFont
 0001:0003BB10       Controls.TControl.SetHeight
 0001:0003BCCC       Controls.TControl.SetHelpContext
 0001:0003BCE0       Controls.TControl.SetHelpKeyword
 0001:0003BA74       Controls.TControl.SetLeft
 0001:0003EEBC       Controls.TControl.SetMargins
 0001:0003C5F0       Controls.TControl.SetMouseCapture
 0001:0003C1CC       Controls.TControl.SetName
 0001:0003C2B8       Controls.TControl.SetParent
 0001:0003C5A0       Controls.TControl.SetParentBiDiMode
 0001:0003C57C       Controls.TControl.SetParentColor
 0001:0003B428       Controls.TControl.SetParentComponent
 0001:0003C510       Controls.TControl.SetParentFont
 0001:0003C398       Controls.TControl.SetPopupMenu
 0001:0003C534       Controls.TControl.SetShowHint
 0001:0003C414       Controls.TControl.SetText
 0001:0003C3C0       Controls.TControl.SetTextBuf
 0001:0003BAA8       Controls.TControl.SetTop
 0001:0003C304       Controls.TControl.SetVisible
 0001:0003BADC       Controls.TControl.SetWidth
 0001:0003C6B4       Controls.TControl.SetZOrder
 0001:0003C62C       Controls.TControl.SetZOrderPosition
 0001:0003C96C       Controls.TControl.Update
 0001:0003B8F0       Controls.TControl.UpdateAnchorRules
 0001:0003D70C       Controls.TControl.UpdateBoundsRect
 0001:0003EF00       Controls.TControl.UpdateExplicitBounds
 0001:0003CA98       Controls.TControl.UseRightToLeftAlignment
 0001:0003CA80       Controls.TControl.UseRightToLeftReading
 0001:0003CAB0       Controls.TControl.UseRightToLeftScrollBar
 0001:0003D73C       Controls.TControl.VisibleChanging
 0001:0003E42C       Controls.TControl.WMCancelMode
 0001:0003ED0C       Controls.TControl.WMContextMenu
 0001:0003E04C       Controls.TControl.WMLButtonDblClk
 0001:0003DFE4       Controls.TControl.WMLButtonDown
 0001:0003E310       Controls.TControl.WMLButtonUp
 0001:0003E1C8       Controls.TControl.WMMButtonDblClk
 0001:0003E19C       Controls.TControl.WMMButtonDown
 0001:0003E3B4       Controls.TControl.WMMButtonUp
 0001:0003E228       Controls.TControl.WMMouseMove
 0001:0003E3D4       Controls.TControl.WMMouseWheel
 0001:0003E030       Controls.TControl.WMNCLButtonDown
 0001:0003E170       Controls.TControl.WMRButtonDblClk
 0001:0003E144       Controls.TControl.WMRButtonDown
 0001:0003E394       Controls.TControl.WMRButtonUp
 0001:0003E46C       Controls.TControl.WMWindowPosChanged
 0001:0003D740       Controls.TControl.WndProc
 0001:0003EF44       Controls.TControl.WriteExplicitHeight
 0001:0003EF54       Controls.TControl.WriteExplicitLeft
 0001:0003EF34       Controls.TControl.WriteExplicitTop
 0001:0003EF7C       Controls.TControl.WriteExplicitWidth
 0001:0003DAAC       Controls.TControl.WriteIsControl
 0001:0003ADF8       Controls.TControlActionLink.AssignClient
 0001:0003AE14       Controls.TControlActionLink.DoShowHint
 0001:0003AF04       Controls.TControlActionLink.IsCaptionLinked
 0001:0003AF78       Controls.TControlActionLink.IsDropdownMenuLinked
 0001:0003AF8C       Controls.TControlActionLink.IsEnabledLinked
 0001:0003AFC0       Controls.TControlActionLink.IsEnableDropdownLinked
 0001:0003B160       Controls.TControlActionLink.IsHelpLinked
 0001:0003AFD4       Controls.TControlActionLink.IsHintLinked
 0001:0003B080       Controls.TControlActionLink.IsOnExecuteLinked
 0001:0003B00C       Controls.TControlActionLink.IsPopupMenuLinked
 0001:0003B04C       Controls.TControlActionLink.IsVisibleLinked
 0001:0003B0A8       Controls.TControlActionLink.SetCaption
 0001:0003B0C8       Controls.TControlActionLink.SetDropdownMenu
 0001:0003B0CC       Controls.TControlActionLink.SetEnabled
 0001:0003B0EC       Controls.TControlActionLink.SetEnableDropdown
 0001:0003B1E8       Controls.TControlActionLink.SetHelpContext
 0001:0003B1C8       Controls.TControlActionLink.SetHelpKeyword
 0001:0003B208       Controls.TControlActionLink.SetHelpType
 0001:0003B0F0       Controls.TControlActionLink.SetHint
 0001:0003B134       Controls.TControlActionLink.SetOnExecute
 0001:0003B228       Controls.TControlActionLink.SetPopupMenu
 0001:0003B114       Controls.TControlActionLink.SetVisible
 0001:0003ABB4       Controls.TControlCanvas.CreateHandle
 0001:0003AB88       Controls.TControlCanvas.Destroy
 0001:0003AC5C       Controls.TControlCanvas.FreeHandle
 0001:0003AC90       Controls.TControlCanvas.SetControl
 0001:0003ACA8       Controls.TControlCanvas.UpdateTextFlags
 0001:00045AFC       Controls.TCustomControl.Create
 0001:00045B58       Controls.TCustomControl.Destroy
 0001:00045C54       Controls.TCustomControl.Paint
 0001:00045BA8       Controls.TCustomControl.PaintWindow
 0001:00045B88       Controls.TCustomControl.WMPaint
 0001:00048810       Controls.TDockTree.ActualSize
 0001:000464E0       Controls.TDockTree.AdjustDockRect
 0001:000488A4       Controls.TDockTree.AdjustFrameRect
 0001:000464F8       Controls.TDockTree.BeginUpdate
 0001:000484F0       Controls.TDockTree.ControlVisibilityChanged
 0001:00046324       Controls.TDockTree.Create
 0001:0004648C       Controls.TDockTree.Destroy
 0001:000480F0       Controls.TDockTree.DrawSizeSplitter
 0001:000464FC       Controls.TDockTree.EndUpdate
 0001:00046BAC       Controls.TDockTree.FindControlAtPos
 0001:00046568       Controls.TDockTree.FindControlZone
 0001:000465D0       Controls.TDockTree.ForEachAt
 0001:000465E8       Controls.TDockTree.GetControlBounds
 0001:0004826C       Controls.TDockTree.GetNextLimit
 0001:0004665C       Controls.TDockTree.HitTest
 0001:0004666C       Controls.TDockTree.InsertControl
 0001:00046888       Controls.TDockTree.InsertNewParent
 0001:00046A30       Controls.TDockTree.InsertSibling
 0001:00046D4C       Controls.TDockTree.InternalHitTest
 0001:00046E1C       Controls.TDockTree.LoadFromStream
 0001:000488E4       Controls.TDockTree.MouseDown
 0001:00048A98       Controls.TDockTree.MouseMove
 0001:00048AE8       Controls.TDockTree.MouseUp
 0001:000472E8       Controls.TDockTree.PaintDockFrame
 0001:0004743C       Controls.TDockTree.PaintSite
 0001:00047570       Controls.TDockTree.PositionDockRect
 0001:00047720       Controls.TDockTree.PruneZone
 0001:00048878       Controls.TDockTree.ReferenceFromOrient
 0001:00048840       Controls.TDockTree.RelativeSize
 0001:0004777C       Controls.TDockTree.RemoveControl
 0001:000477BC       Controls.TDockTree.RemoveZone
 0001:00047A5C       Controls.TDockTree.ResetBounds
 0001:00047D10       Controls.TDockTree.SaveToStream
 0001:00047B44       Controls.TDockTree.ScaleZone
 0001:00047F4C       Controls.TDockTree.SetNewBounds
 0001:00047F7C       Controls.TDockTree.SetReplacingControl
 0001:00047F94       Controls.TDockTree.ShiftZone
 0001:00048B5C       Controls.TDockTree.ShowHint
 0001:00047FC8       Controls.TDockTree.SplitterMouseDown
 0001:00048028       Controls.TDockTree.SplitterMouseUp
 0001:000480A4       Controls.TDockTree.UpdateAll
 0001:000480CC       Controls.TDockTree.UpdateZone
 0001:000480DC       Controls.TDockTree.WindowProc
 0001:00048578       Controls.TDockTree.WndProc
 0001:00046AA8       Controls.TDockTree.ZoneCaptionHitTest
 0001:00045C98       Controls.TDockZone.Create
 0001:00046250       Controls.TDockZone.ExpandZoneLimit
 0001:00046318       Controls.TDockZone.FirstVisibleChild
 0001:00045CBC       Controls.TDockZone.GetChildCount
 0001:00045FA0       Controls.TDockZone.GetControlName
 0001:00045E40       Controls.TDockZone.GetHeightWidth
 0001:00045D2C       Controls.TDockZone.GetLimitBegin
 0001:00045D74       Controls.TDockZone.GetLimitSize
 0001:00045DBC       Controls.TDockZone.GetTopLeft
 0001:00045CF4       Controls.TDockZone.GetVisible
 0001:00045CD0       Controls.TDockZone.GetVisibleChildCount
 0001:00046214       Controls.TDockZone.GetZoneLimit
 0001:000462F0       Controls.TDockZone.NextVisible
 0001:000462FC       Controls.TDockZone.PrevVisible
 0001:00045EF8       Controls.TDockZone.ResetChildren
 0001:00046290       Controls.TDockZone.ResetZoneLimits
 0001:00045FE4       Controls.TDockZone.SetControlName
 0001:0004623C       Controls.TDockZone.SetZoneLimit
 0001:00046098       Controls.TDockZone.Update
 0001:000396F0       Controls.TDragControlObject.GetDragCursor
 0001:00039708       Controls.TDragControlObject.GetDragImages
 0001:00039714       Controls.TDragControlObject.HideDragImage
 0001:00039734       Controls.TDragControlObject.ShowDragImage
 0001:00039754       Controls.TDragControlObjectEx.BeforeDestruction
 0001:00039890       Controls.TDragDockObject.AdjustDockRect
 0001:000397F0       Controls.TDragDockObject.Assign
 0001:00039758       Controls.TDragDockObject.Create
 0001:000397C0       Controls.TDragDockObject.Destroy
 0001:0003990C       Controls.TDragDockObject.DrawDragDockImage
 0001:00039850       Controls.TDragDockObject.EndDrag
 0001:00039920       Controls.TDragDockObject.EraseDragDockImage
 0001:00039934       Controls.TDragDockObject.GetDragCursor
 0001:00039940       Controls.TDragDockObject.GetEraseWhenMoving
 0001:00039944       Controls.TDragDockObject.GetFrameWidth
 0001:0003994C       Controls.TDragDockObjectEx.BeforeDestruction
 0001:0004593C       Controls.TDragImageList.BeginDrag
 0001:000459B0       Controls.TDragImageList.DragLock
 0001:00045A38       Controls.TDragImageList.DragMove
 0001:00045A14       Controls.TDragImageList.DragUnlock
 0001:00045AAC       Controls.TDragImageList.EndDrag
 0001:00045A94       Controls.TDragImageList.HideDragImage
 0001:00045918       Controls.TDragImageList.SetDragCursor
 0001:000458D0       Controls.TDragImageList.SetDragImage
 0001:00045A7C       Controls.TDragImageList.ShowDragImage
 0001:00039638       Controls.TDragObject.AfterConstruction
 0001:000393E4       Controls.TDragObject.Assign
 0001:00039628       Controls.TDragObject.BeforeDestruction
 0001:00039424       Controls.TDragObject.Capture
 0001:0003943C       Controls.TDragObject.Finished
 0001:000395B4       Controls.TDragObject.GetDragCursor
 0001:000395B0       Controls.TDragObject.GetDragImages
 0001:00039444       Controls.TDragObject.GetName
 0001:000395CC       Controls.TDragObject.HideDragImage
 0001:000395D0       Controls.TDragObject.Instance
 0001:000395DC       Controls.TDragObject.MainWndProc
 0001:0003946C       Controls.TDragObject.ReleaseCapture
 0001:000395D8       Controls.TDragObject.ShowDragImage
 0001:00039480       Controls.TDragObject.WndProc
 0001:00045584       Controls.THintWindow.ActivateHint
 0001:00045778       Controls.THintWindow.ActivateHintData
 0001:000457A0       Controls.THintWindow.CalcHintRect
 0001:000454EC       Controls.THintWindow.CMTextChanged
 0001:00045298       Controls.THintWindow.Create
 0001:00045304       Controls.THintWindow.CreateParams
 0001:0004547C       Controls.THintWindow.IsHintMsg
 0001:000457FC       Controls.THintWindow.NCPaint
 0001:000453D4       Controls.THintWindow.Paint
 0001:000454E0       Controls.THintWindow.ReleaseHandle
 0001:0004588C       Controls.THintWindow.ShouldHideHint
 0001:00045368       Controls.THintWindow.WMNCHitTest
 0001:00045370       Controls.THintWindow.WMNCPaint
 0001:00045868       Controls.THintWindow.WMPrint
 0001:000494AC       Controls.TMargins.AssignTo
 0001:000494F4       Controls.TMargins.Change
 0001:00049468       Controls.TMargins.Create
 0001:0004966C       Controls.TMargins.GetControlBound
 0001:00049508       Controls.TMargins.InitDefaults
 0001:00049580       Controls.TMargins.SetControlBounds
 0001:00049528       Controls.TMargins.SetMargin
 0001:00048C50       Controls.TMouse.Create
 0001:00048CE0       Controls.TMouse.CreatePanningWindow
 0001:00048D0C       Controls.TMouse.Destroy
 0001:00048D3C       Controls.TMouse.GetCapture
 0001:00048D44       Controls.TMouse.GetCursorPos
 0001:00048D54       Controls.TMouse.GetIsDragging
 0001:00048D60       Controls.TMouse.GetIsPanning
 0001:00048D84       Controls.TMouse.GetMouseData
 0001:00048DA0       Controls.TMouse.GetNativeData
 0001:00048DD0       Controls.TMouse.GetRegisteredData
 0001:00048DF8       Controls.TMouse.SetCapture
 0001:00048E20       Controls.TMouse.SetPanningWindow
 0001:00048E40       Controls.TMouse.SettingChanged
 0001:00049830       Controls.TPadding.InitDefaults
 0001:00042DE4       Controls.TraverseControls
 0003:00001A9C       Controls.TreeStreamEndFlag
 0001:000392C8       Controls.TSiteList.AddSite
 0001:0003934C       Controls.TSiteList.Clear
 0001:00039264       Controls.TSiteList.Find
 0001:00039380       Controls.TSiteList.GetTopSite
 0001:0003AD10       Controls.TSizeConstraints.AssignTo
 0001:0003ADE4       Controls.TSizeConstraints.Change
 0001:0003ACD4       Controls.TSizeConstraints.Create
 0001:0003AD58       Controls.TSizeConstraints.SetConstraints
 0001:00044934       Controls.TWinControl.ActionChange
 0001:00040274       Controls.TWinControl.AddBiDiModeExStyle
 0001:0003F378       Controls.TWinControl.AdjustClientRect
 0001:00043F40       Controls.TWinControl.AdjustSize
 0001:0003FC44       Controls.TWinControl.AlignControl
 0001:0003FB40       Controls.TWinControl.AlignControls
 0001:0003F3A8       Controls.TWinControl.ArrangeControl
 0001:0004497C       Controls.TWinControl.AssignTo
 0001:000401DC       Controls.TWinControl.Broadcast
 0001:0004446C       Controls.TWinControl.CalcConstraints
 0001:000449AC       Controls.TWinControl.CanAutoSize
 0001:00043CFC       Controls.TWinControl.CanFocus
 0001:000443A0       Controls.TWinControl.CanResize
 0001:000438C0       Controls.TWinControl.ChangeScale
 0001:0004310C       Controls.TWinControl.CMBiDiModeChanged
 0001:00043368       Controls.TWinControl.CMBorderChanged
 0001:000431E4       Controls.TWinControl.CMChanged
 0001:000431F8       Controls.TWinControl.CMChildKey
 0001:000432C4       Controls.TWinControl.CMColorChanged
 0001:000434A8       Controls.TWinControl.CMControlListChange
 0001:000434BC       Controls.TWinControl.CMControlListChanging
 0001:000433A8       Controls.TWinControl.CMCtl3DChanged
 0001:00043328       Controls.TWinControl.CMCursorChanged
 0001:000431C4       Controls.TWinControl.CMDesignHitTest
 0001:00043214       Controls.TWinControl.CMDialogChar
 0001:0004320C       Controls.TWinControl.CMDialogKey
 0001:000429A0       Controls.TWinControl.CMDockClient
 0001:00043448       Controls.TWinControl.CMDrag
 0001:0004327C       Controls.TWinControl.CMEnabledChanged
 0001:00043144       Controls.TWinControl.CMEnter
 0001:000431B4       Controls.TWinControl.CMExit
 0001:00042AB8       Controls.TWinControl.CMFloat
 0001:0004321C       Controls.TWinControl.CMFocusChanged
 0001:00043438       Controls.TWinControl.CMFontChange
 0001:000432EC       Controls.TWinControl.CMFontChanged
 0001:00043BF8       Controls.TWinControl.CMInvalidate
 0001:000433E8       Controls.TWinControl.CMParentCtl3DChanged
 0001:00040ADC       Controls.TWinControl.CMRecreateWnd
 0001:000430F4       Controls.TWinControl.CMShowHintChanged
 0001:00043254       Controls.TWinControl.CMShowingChanged
 0001:00043428       Controls.TWinControl.CMSysColorChange
 0001:000434D0       Controls.TWinControl.CMSysFontChanged
 0001:00045090       Controls.TWinControl.CMTextChanged
 0001:00043440       Controls.TWinControl.CMTimeChange
 0001:00042A90       Controls.TWinControl.CMUnDockClient
 0001:00043224       Controls.TWinControl.CMVisibleChanged
 0001:00043430       Controls.TWinControl.CMWinIniChange
 0001:000436BC       Controls.TWinControl.CNChar
 0001:00043584       Controls.TWinControl.CNKeyDown
 0001:00043668       Controls.TWinControl.CNKeyUp
 0001:00043768       Controls.TWinControl.CNSysChar
 0001:0004370C       Controls.TWinControl.CNSysKeyDown
 0001:000448F8       Controls.TWinControl.ConstrainedResize
 0001:0003FF24       Controls.TWinControl.ContainsControl
 0001:00040EF8       Controls.TWinControl.ControlAtPos
 0001:00042844       Controls.TWinControl.ControlsAligned
 0001:0003F008       Controls.TWinControl.Create
 0001:00042848       Controls.TWinControl.CreateDockManager
 0001:00040900       Controls.TWinControl.CreateHandle
 0001:000402DC       Controls.TWinControl.CreateParams
 0001:000405D8       Controls.TWinControl.CreateWindowHandle
 0001:00040408       Controls.TWinControl.CreateWnd
 0001:00040998       Controls.TWinControl.CustomAlignInsertBefore
 0001:000409BC       Controls.TWinControl.CustomAlignPosition
 0001:00041634       Controls.TWinControl.DefaultHandler
 0001:00040798       Controls.TWinControl.DefineProperties
 0001:0003F14C       Controls.TWinControl.Destroy
 0001:00040A50       Controls.TWinControl.DestroyHandle
 0001:00040854       Controls.TWinControl.DestroyWindowHandle
 0001:000407F4       Controls.TWinControl.DestroyWnd
 0001:0003FCD8       Controls.TWinControl.DisableAlign
 0001:000425D8       Controls.TWinControl.DoAddDockClient
 0001:0004262C       Controls.TWinControl.DockDrop
 0001:000426B0       Controls.TWinControl.DockOver
 0001:000450DC       Controls.TWinControl.DockReplaceDockClient
 0001:0004267C       Controls.TWinControl.DoDockOver
 0001:000425EC       Controls.TWinControl.DoEnter
 0001:0004260C       Controls.TWinControl.DoExit
 0001:0003FD08       Controls.TWinControl.DoFlipChildren
 0001:00042B68       Controls.TWinControl.DoKeyDown
 0001:00042D5C       Controls.TWinControl.DoKeyPress
 0001:00042C94       Controls.TWinControl.DoKeyUp
 0001:00045140       Controls.TWinControl.DoPaddingChange
 0001:000425E8       Controls.TWinControl.DoRemoveDockClient
 0001:000426F4       Controls.TWinControl.DoUnDock
 0001:0003FCE0       Controls.TWinControl.EnableAlign
 0001:000441E0       Controls.TWinControl.FindNextControl
 0001:0003F22C       Controls.TWinControl.FixupTabList
 0001:0003FDDC       Controls.TWinControl.FlipChildren
 0001:00043D78       Controls.TWinControl.Focused
 0001:00044974       Controls.TWinControl.GetActionLinkClass
 0001:00044318       Controls.TWinControl.GetChildren
 0001:00043F08       Controls.TWinControl.GetClientOrigin
 0001:00043F28       Controls.TWinControl.GetClientRect
 0001:00040180       Controls.TWinControl.GetControl
 0001:000401BC       Controls.TWinControl.GetControlCount
 0001:00043DD4       Controls.TWinControl.GetControlExtents
 0001:00043B94       Controls.TWinControl.GetDeviceContext
 0001:00042774       Controls.TWinControl.GetDockClientCount
 0001:00042788       Controls.TWinControl.GetDockClients
 0001:00043DC0       Controls.TWinControl.GetHandle
 0001:00045048       Controls.TWinControl.GetParentBackground
 0001:000427AC       Controls.TWinControl.GetSiteInfo
 0001:00043FCC       Controls.TWinControl.GetTabOrder
 0001:00044180       Controls.TWinControl.GetTabOrderList
 0001:00042808       Controls.TWinControl.GetVisibleDockClientCount
 0001:000440BC       Controls.TWinControl.HandleAllocated
 0001:00043D9C       Controls.TWinControl.HandleNeeded
 0001:0003FF58       Controls.TWinControl.Insert
 0001:0003FFEC       Controls.TWinControl.InsertControl
 0001:00043BE8       Controls.TWinControl.Invalidate
 0001:000450A8       Controls.TWinControl.InvalidateDockHostSite
 0001:00043CC4       Controls.TWinControl.InvalidateFrame
 0001:00040FBC       Controls.TWinControl.IsControlActivateMsg
 0001:00041108       Controls.TWinControl.IsControlMouseMsg
 0001:00043FC0       Controls.TWinControl.IsCtl3DStored
 0001:000434EC       Controls.TWinControl.IsMenuKey
 0001:0004511C       Controls.TWinControl.IsQualifyingSite
 0001:00042B3C       Controls.TWinControl.KeyDown
 0001:00042D3C       Controls.TWinControl.KeyPress
 0001:00042C68       Controls.TWinControl.KeyUp
 0001:00040DB4       Controls.TWinControl.MainWndProc
 0001:0004021C       Controls.TWinControl.Notification
 0001:0004024C       Controls.TWinControl.NotifyControls
 0001:00041908       Controls.TWinControl.PaintControls
 0001:00041770       Controls.TWinControl.PaintHandler
 0001:00041BD8       Controls.TWinControl.PaintTo
 0001:000418E0       Controls.TWinControl.PaintWindow
 0001:00043058       Controls.TWinControl.PaletteChanged
 0001:000408B8       Controls.TWinControl.PrecedingWindow
[...]
  1995 0001:0006DB61  1992 0001:0006DB66  1997 0001:0006DB69  2001 0001:0006DB6C
  2002 0001:0006DB71  2003 0001:0006DB72  2004 0001:0006DB75  2005 0001:0006DB76
  2006 0001:0006DB77  2007 0001:0006DB79  2013 0001:0006DB7C  2014 0001:0006DB85
  2015 0001:0006DB8C  2016 0001:0006DB98  2022 0001:0006DB9C  2023 0001:0006DBA3
  2024 0001:0006DBA4  2025 0001:0006DBA9  2026 0001:0006DBAA  2032 0001:0006DBAC
  2033 0001:0006DBB5  2034 0001:0006DBBC  2035 0001:0006DBC8  2041 0001:0006DBCC
  2042 0001:0006DBD1  2043 0001:0006DBD6  2051 0001:0006DBD8  2052 0001:0006DBDE
  2053 0001:0006DBE3  2064 0001:0006DBE4  2065 0001:0006DBEA  2066 0001:0006DBF0
  2067 0001:0006DBF2  2068 0001:0006DBF4  2069 0001:0006DBFA  2071 0001:0006DC01
  2075 0001:0006DC04  2076 0001:0006DC09  2077 0001:0006DC10  2078 0001:0006DC15
  2090 0001:0006DC18  2091 0001:0006DC21  2095 0001:0006DC8D  2096 0001:0006DC94
  2097 0001:0006DCB1  2098 0001:0006DCB9  2100 0001:0006DCC5  2104 0001:0006DCF0
  2105 0001:0006DCF6  2106 0001:0006DCFB  2110 0001:0006DCFC  2111 0001:0006DCFD
  2112 0001:0006DD02  2113 0001:0006DD08  2114 0001:0006DD0B  2120 0001:0006DD0C
  2121 0001:0006DD12  2122 0001:0006DD15  2123 0001:0006DD18  2124 0001:0006DD1A
  2141 0001:0006DD1C  2142 0001:0006DD44  2143 0001:0006DD57  2144 0001:0006DD66
  2146 0001:0006DD7F  2147 0001:0006DD86  2148 0001:0006DD87  2143 0001:0006DD88
  2149 0001:0006DD8B  2150 0001:0006DD9C  2154 0001:0006DDA0  2155 0001:0006DDA5
  2156 0001:0006DDAA  2163 0001:0006DDAC  2165 0001:0006DDAD  2166 0001:0006DDAE
  2167 0001:0006DDB0  2168 0001:0006DDB6  2169 0001:0006DDBB  2170 0001:0006DDBD
  2171 0001:0006DDBE  2173 0001:0006DDC4  2174 0001:0006DDCB  2175 0001:0006DDCC
  2176 0001:0006DDD5  2177 0001:0006DDDB  2178 0001:0006DDDC  2179 0001:0006DDE2
  2181 0001:0006DDE8  2184 0001:0006DDEE  2185 0001:0006DDEF  2186 0001:0006DDF5
  2187 0001:0006DDF6  2188 0001:0006DDFD  2189 0001:0006DDFE  2196 0001:0006DE00
  2197 0001:0006DE01  2198 0001:0006DE03  2199 0001:0006DE09  2200 0001:0006DE0E
  2201 0001:0006DE10  2202 0001:0006DE11  2203 0001:0006DE17  2204 0001:0006DE1A
  2205 0001:0006DE1B  2207 0001:0006DE20  2210 0001:0006DE26  2211 0001:0006DE27
  2212 0001:0006DE2A  2213 0001:0006DE2F  2250 0001:0006DE50  2251 0001:0006DE63
  2253 0001:0006DE6D  2254 0001:0006DE6F  2255 0001:0006DE72  2257 0001:0006DE7F
  2261 0001:0006DE80  2262 0001:0006DE81  2263 0001:0006DE83  2264 0001:0006DE84
  2265 0001:0006DE85  2266 0001:0006DE87  2271 0001:0006DE88  2272 0001:0006DE89
  2273 0001:0006DE8A  2274 0001:0006DE8D  2276 0001:0006DE8E  2277 0001:0006DE8F
  2278 0001:0006DE90  2279 0001:0006DE91  2280 0001:0006DE93  2281 0001:0006DE98
  2287 0001:0006DE9C  2288 0001:0006DEAA  2289 0001:0006DEB3  2291 0001:0006DEBC
  2293 0001:0006DEC3  2294 0001:0006DED4  2296 0001:0006DEE1  2297 0001:0006DEFC
  2299 0001:0006DF00  2300 0001:0006DF11  2302 0001:0006DF13  2293 0001:0006DF14
  2303 0001:0006DF19  2304 0001:0006DF2E  2305 0001:0006DF32  2306 0001:0006DF3D
  2310 0001:0006DF48  2311 0001:0006DF49  2312 0001:0006DF4E  2316 0001:0006DF50
  2317 0001:0006DF51  2318 0001:0006DF54  2319 0001:0006DF55  2320 0001:0006DF59
  2321 0001:0006DF5D  2322 0001:0006DF62  2339 0001:0006DF64  2340 0001:0006DF8E
  2341 0001:0006DFA8  2342 0001:0006DFB4  2343 0001:0006DFC2  2344 0001:0006DFDD
  2345 0001:0006DFE2  2347 0001:0006E017  2348 0001:0006E023  2349 0001:0006E02A
  2352 0001:0006E02E  2353 0001:0006E049  2355 0001:0006E05B  2356 0001:0006E067
  2357 0001:0006E083  2358 0001:0006E08E  2360 0001:0006E097  2363 0001:0006E108
  2364 0001:0006E10E  2365 0001:0006E11C  2370 0001:0006E120  2371 0001:0006E12D
  2372 0001:0006E139  2374 0001:0006E141  2375 0001:0006E14E  2376 0001:0006E16C
  2377 0001:0006E178  2378 0001:0006E17F  2379 0001:0006E181  2380 0001:0006E183
  2371 0001:0006E184  2381 0001:0006E189  2382 0001:0006E18B  2386 0001:0006E194
  2387 0001:0006E199  2391 0001:0006E19C  2392 0001:0006E1A1  2395 0001:0006E1A4
  2396 0001:0006E1C6  2397 0001:0006E1E9  2399 0001:0006E1F9  2398 0001:0006E22F
  2401 0001:0006E24F  2403 0001:0006E25F  2406 0001:0006E298  2407 0001:0006E2D5
  2408 0001:0006E2F1  2410 0001:0006E325  2411 0001:0006E379  2412 0001:0006E385
  2413 0001:0006E3A7  2446 0001:0006E404  2447 0001:0006E427  2451 0001:0006E43B
  2452 0001:0006E44F  2453 0001:0006E463  2454 0001:0006E477  2455 0001:0006E48B
  2456 0001:0006E49F  2457 0001:0006E4BA  2458 0001:0006E4FB  2459 0001:0006E53C
  2460 0001:0006E542  2461 0001:0006E54C  2462 0001:0006E551  2487 0001:0006E670
  2488 0001:0006E675  2489 0001:0006E683  2490 0001:0006E68F  2491 0001:0006E6AD
  2492 0001:0006E6CB  2493 0001:0006E6E2  2494 0001:0006E6F4  2497 0001:0006E6F8
  2498 0001:0006E712  2499 0001:0006E735  2501 0001:0006E745  2500 0001:0006E770
  2503 0001:0006E790  2505 0001:0006E7A0  2510 0001:0006E7DC  2511 0001:0006E7F3
  2512 0001:0006E7FC  2513 0001:0006E803  2514 0001:0006E812  2515 0001:0006E819
  2516 0001:0006E823  2518 0001:0006E82D  2519 0001:0006E83E  2520 0001:0006E84A
  2521 0001:0006E853  2522 0001:0006E85F  2523 0001:0006E870  2522 0001:0006E899
  2524 0001:0006E89E  2528 0001:0006E8F0  2529 0001:0006E8F2  2531 0001:0006E8F7
  2532 0001:0006E8FA  2533 0001:0006E8FF  2539 0001:0006E900  2540 0001:0006E91F
  2541 0001:0006E93C  2542 0001:0006E94E  2544 0001:0006E952  2545 0001:0006E962
  2546 0001:0006E97E  2548 0001:0006E98E  2552 0001:0006E9B4  2553 0001:0006E9B8
  2555 0001:0006E9BD  2556 0001:0006E9BF  2557 0001:0006E9C2  2564 0001:0006E9C4
  2565 0001:0006E9C5  2566 0001:0006E9CA  2565 0001:0006E9D1  2567 0001:0006E9D9
  2568 0001:0006E9E3  2573 0001:0006E9E8  2576 0001:0006E9F5  2577 0001:0006E9FC
  2574 0001:0006EA02  2579 0001:0006EA0D  2584 0001:0006EA14  2585 0001:0006EA17
  2586 0001:0006EA2A  2587 0001:0006EA3B  2588 0001:0006EA46  2603 0001:0006EA4C
  2604 0001:0006EA4F  2605 0001:0006EA55  2606 0001:0006EA57  2607 0001:0006EA5A
  2608 0001:0006EA5D  2609 0001:0006EA60  2610 0001:0006EA66  2611 0001:0006EA6A
  2615 0001:0006EA6C  2616 0001:0006EA72  2617 0001:0006EA77  2618 0001:0006EA7A
  2622 0001:0006EA7C  2623 0001:0006EA82  2624 0001:0006EA87  2625 0001:0006EA8D
  2629 0001:0006EA90  2630 0001:0006EA93  2631 0001:0006EA96  2632 0001:0006EA9D
  2633 0001:0006EAA2  2634 0001:0006EAA8  2638 0001:0006EAAC  2639 0001:0006EAAF
  2640 0001:0006EAB2  2641 0001:0006EAB9  2642 0001:0006EABE  2643 0001:0006EAC4
  2647 0001:0006EAC8  2648 0001:0006EACB  2649 0001:0006EACE  2650 0001:0006EAD5
  2651 0001:0006EADA  2652 0001:0006EAE0  2656 0001:0006EAE4  2657 0001:0006EAE7
  2658 0001:0006EAEA  2659 0001:0006EAF1  2660 0001:0006EAF6  2661 0001:0006EAFC
  2666 0001:0006EB00  2667 0001:0006EB02  2668 0001:0006EB22  2674 0001:0006EB24
  2675 0001:0006EB26  2676 0001:0006EB2B  2677 0001:0006EB32  2679 0001:0006EB33
  2680 0001:0006EB37  2689 0001:0006EB38  2690 0001:0006EB3E  2691 0001:0006EB44
  2692 0001:0006EB4A  2693 0001:0006EB4F  2702 0001:0006EB50  2703 0001:0006EB51
  2704 0001:0006EB56  2705 0001:0006EB57  2706 0001:0006EB5D  2712 0001:0006EB60
  2713 0001:0006EB64  2714 0001:0006EB6C  2720 0001:0006EB70  2721 0001:0006EB73
  2722 0001:0006EB75  2723 0001:0006EB78  2724 0001:0006EB7A  2725 0001:0006EB7F
  2727 0001:0006EB80  2728 0001:0006EB87  2737 0001:0006EB88  2738 0001:0006EBA6
  2739 0001:0006EBB5  2740 0001:0006EBC3  2741 0001:0006EBCD  2742 0001:0006EBD7
  2743 0001:0006EBD9  2744 0001:0006EBEA  2742 0001:0006EC2B  2746 0001:0006EC33
  2747 0001:0006EC5D  2750 0001:0006EC67  2752 0001:0006EC7E  2753 0001:0006EC8A
  2755 0001:0006EC8E  2756 0001:0006ECAE  2758 0001:0006ECC7  2760 0001:0006ECCB
  2761 0001:0006ECE2  2763 0001:0006ED0F  2750 0001:0006ED10  2765 0001:0006ED26
  2767 0001:0006ED36  2771 0001:0006ED60  2772 0001:0006ED68  2773 0001:0006ED6A
  2774 0001:0006ED6F  2784 0001:0006ED70  2785 0001:0006ED9B  2786 0001:0006EDF0
  2787 0001:0006EDFD  2789 0001:0006EE32  2790 0001:0006EE35  2794 0001:0006F318
  2795 0001:0006F31A  2796 0001:0006F31F  2797 0001:0006F321  2798 0001:0006F323
  2799 0001:0006F328  2801 0001:0006F329  2802 0001:0006F32C  2803 0001:0006F32E
  2804 0001:0006F333  2806 0001:0006F334  2807 0001:0006F337  2808 0001:0006F33C
  2835 0001:0006F340  2836 0001:0006F341  2838 0001:0006F343  2839 0001:0006F345
  2841 0001:0006F34F  2836 0001:0006F350  2842 0001:0006F355  2849 0001:0006F35C
  2850 0001:0006F367  2851 0001:0006F384  2852 0001:0006F38D  2853 0001:0006F39E
  2854 0001:0006F3A5  2855 0001:0006F3C5  2857 0001:0006F3CA  2859 0001:0006F418
  2860 0001:0006F42C  2862 0001:0006F43B  2863 0001:0006F44F  2866 0001:0006F458
  2867 0001:0006F45C  2868 0001:0006F45E  2869 0001:0006F477  2874 0001:0006F47C
  2875 0001:0006F47F  2876 0001:0006F486  2877 0001:0006F48D  2878 0001:0006F4C6
  2876 0001:0006F4D0  2879 0001:0006F4D5  2883 0001:0006F4DC  2884 0001:0006F4DF
  2885 0001:0006F4E2  2886 0001:0006F4E7  2890 0001:0006F4E8  2891 0001:0006F4EB
  2892 0001:0006F4F0  2893 0001:0006F4F2  2894 0001:0006F4F7  2896 0001:0006F4F9
  2897 0001:0006F4FF  2898 0001:0006F505  2899 0001:0006F50A  2900 0001:0006F511
  2902 0001:0006F512  2903 0001:0006F513  2904 0001:0006F518  2906 0001:0006F519
  2910 0001:0006F51C  2911 0001:0006F51F  2912 0001:0006F522  2913 0001:0006F524
  2914 0001:0006F529  2915 0001:0006F52E  2919 0001:0006F530  2920 0001:0006F536
  2921 0001:0006F53C  2922 0001:0006F53E  2923 0001:0006F543  2924 0001:0006F546
  2925 0001:0006F54B  2934 0001:0006F54C  2935 0001:0006F552  2936 0001:0006F557
  2937 0001:0006F55B  2938 0001:0006F560  2939 0001:0006F565  2942 0001:0006F568
  2943 0001:0006F56A  2944 0001:0006F56C  2945 0001:0006F57D  2946 0001:0006F591
  2947 0001:0006F5A4  2954 0001:0006F5AC  2955 0001:0006F5AD  2956 0001:0006F5B2
  2957 0001:0006F5B4  2960 0001:0006F5B6  2961 0001:0006F5BC  2962 0001:0006F5BE
  2963 0001:0006F5C4  2964 0001:0006F5CA  2965 0001:0006F5D1  2966 0001:0006F5D7
  2967 0001:0006F5DA  2968 0001:0006F5DF  2971 0001:0006F5E1  2972 0001:0006F5E7
  2973 0001:0006F5EE  2976 0001:0006F5F3  2977 0001:0006F5FD  2978 0001:0006F5FE
  2979 0001:0006F603  2985 0001:0006F604  2986 0001:0006F60A  2987 0001:0006F60D
  2988 0001:0006F60F  2989 0001:0006F612  2990 0001:0006F614  2999 0001:0006F618
  3000 0001:0006F61B  3001 0001:0006F621  3002 0001:0006F625  3003 0001:0006F627
  3005 0001:0006F62C  3006 0001:0006F631  3007 0001:0006F639  3011 0001:0006F63C
  3012 0001:0006F641  3013 0001:0006F643  3014 0001:0006F649  3015 0001:0006F64B
  3017 0001:0006F64D  3023 0001:0006F650  3024 0001:0006F652  3025 0001:0006F655
  3026 0001:0006F657  3027 0001:0006F65D  3028 0001:0006F65F  3029 0001:0006F666
  3031 0001:0006F667  3033 0001:0006F66E  3040 0001:0006F670  3041 0001:0006F67D
  3042 0001:0006F69A  3043 0001:0006F69C  3044 0001:0006F69F  3045 0001:0006F6A7
  3046 0001:0006F6AF  3047 0001:0006F6C3  3048 0001:0006F6CF  3054 0001:0006F6DC
  3055 0001:0006F6E2  3056 0001:0006F6E3  3057 0001:0006F6E5  3058 0001:0006F6EA
  3059 0001:0006F6ED  3060 0001:0006F6F0  3061 0001:0006F6F2  3062 0001:0006F6F3
  3068 0001:0006F6F4  3069 0001:0006F6F7  3070 0001:0006F6FC  3071 0001:0006F6FE
  3072 0001:0006F703  3082 0001:0006F704  3083 0001:0006F707  3084 0001:0006F70C
  3085 0001:0006F70E  3086 0001:0006F713  3087 0001:0006F715  3088 0001:0006F718
  3089 0001:0006F71A  3090 0001:0006F71D  3091 0001:0006F71F  3092 0001:0006F722
  3093 0001:0006F724  3094 0001:0006F727  3095 0001:0006F729  3096 0001:0006F72C
  3097 0001:0006F72E  3098 0001:0006F734  3100 0001:0006F735  3102 0001:0006F73B
  3104 0001:0006F73C  3105 0001:0006F73E  3106 0001:0006F741  3108 0001:0006F747
  3109 0001:0006F74B  3110 0001:0006F74F  3112 0001:0006F755  3113 0001:0006F756
  3115 0001:0006F75C  3116 0001:0006F75F  3122 0001:0006F760  3123 0001:0006F764
  3124 0001:0006F766  3125 0001:0006F76C  3126 0001:0006F771  3127 0001:0006F773
  3128 0001:0006F77A  3130 0001:0006F77B  3131 0001:0006F77F  3132 0001:0006F781
  3134 0001:0006F788  3138 0001:0006F78C  3139 0001:0006F78E  3140 0001:0006F791
  3141 0001:0006F794  3142 0001:0006F79A  3143 0001:0006F79E  3144 0001:0006F7A0
  3146 0001:0006F7A5  3147 0001:0006F7A7  3153 0001:0006F7A8  3154 0001:0006F7AE
  3155 0001:0006F7B4  3156 0001:0006F7B6  3157 0001:0006F7B7  3159 0001:0006F7B9
  3168 0001:0006F7BC  3169 0001:0006F7C1  3170 0001:0006F7C6  3174 0001:0006F7C8
  3175 0001:0006F7CF  3176 0001:0006F7D1  3178 0001:0006F7DB  3186 0001:0006F7DC
  3187 0001:0006F7DF  3188 0001:0006F7E1  3189 0001:0006F7E5  3190 0001:0006F7E7
  3191 0001:0006F7ED  3192 0001:0006F7F0  3193 0001:0006F7F2  3195 0001:0006F7F3
  3196 0001:0006F7F4  3197 0001:0006F7F5  3198 0001:0006F7FA  3205 0001:0006F7FC
  3206 0001:0006F800  3207 0001:0006F802  3208 0001:0006F806  3209 0001:0006F80B
  3210 0001:0006F80D  3212 0001:0006F813  3218 0001:0006F814  3219 0001:0006F818
  3220 0001:0006F81B  3221 0001:0006F81D  3222 0001:0006F820  3223 0001:0006F822
  3224 0001:0006F825  3228 0001:0006F827  3229 0001:0006F829  3231 0001:0006F830
  3236 0001:0006F834  3237 0001:0006F83C  3238 0001:0006F848  3239 0001:0006F84C
  3240 0001:0006F85B  3245 0001:0006F864  3246 0001:0006F865  3247 0001:0006F874
  3248 0001:0006F883  3249 0001:0006F8A2  3253 0001:0006F8A4  3254 0001:0006F8B1
  3255 0001:0006F8C0  3256 0001:0006F8D9  3257 0001:0006F8DE  3266 0001:0006F8E0
  3267 0001:0006F8E3  3268 0001:0006F8F1  3270 0001:0006F8FE  3273 0001:0006F90F
  3274 0001:0006F91B  3275 0001:0006F927  3276 0001:0006F936  3277 0001:0006F945
  3280 0001:0006F9B4  3281 0001:0006F9C5  3284 0001:0006F9CC  3285 0001:0006F9D2
  3286 0001:0006F9DB  3287 0001:0006F9E2  3291 0001:0006F9E8  3292 0001:0006F9EF
  3293 0001:0006F9F5  3294 0001:0006F9F7  3298 0001:0006F9F8  3299 0001:0006F9FC
  3301 0001:0006FA1C  3302 0001:0006FA3B  3306 0001:0006FA3C  3307 0001:0006FA3F
  3308 0001:0006FA46  3309 0001:0006FA48  3311 0001:0006FA4A  3312 0001:0006FA51
  3313 0001:0006FA57  3314 0001:0006FA59  3318 0001:0006FA5C  3319 0001:0006FA63
  3320 0001:0006FA65  3321 0001:0006FA6A  3322 0001:0006FA71  3323 0001:0006FA73
  3324 0001:0006FA76  3325 0001:0006FA78  3327 0001:0006FA7A  3329 0001:0006FA81
  3333 0001:0006FA84  3334 0001:0006FA8F  3335 0001:0006FA98  3336 0001:0006FAA1
  3337 0001:0006FAA4  3341 0001:0006FAA8  3342 0001:0006FAAE  3343 0001:0006FAB5
  3344 0001:0006FABB  3345 0001:0006FABD  3349 0001:0006FAC0  3350 0001:0006FAC7
  3351 0001:0006FACA  3352 0001:0006FACC  3354 0001:0006FACE  3355 0001:0006FAD3
  3356 0001:0006FAD6  3360 0001:0006FAD8  3361 0001:0006FADF  3362 0001:0006FAE1
  3364 0001:0006FAE8  3370 0001:0006FAEC  3371 0001:0006FAEF  3372 0001:0006FAF1
  3373 0001:0006FAF3  3374 0001:0006FAF4  3375 0001:0006FAF6  3376 0001:0006FAF7
  3377 0001:0006FAFA  3379 0001:0006FAFB  3385 0001:0006FAFC  3386 0001:0006FAFF
  3387 0001:0006FB01  3389 0001:0006FB04  3399 0001:0006FB08  3401 0001:0006FB0B
  3402 0001:0006FB0E  3403 0001:0006FB10  3405 0001:0006FB12  3406 0001:0006FB14
  3407 0001:0006FB17  3408 0001:0006FB19  3410 0001:0006FB1B  3411 0001:0006FB1D
  3412 0001:0006FB20  3415 0001:0006FB22  3416 0001:0006FB24  3418 0001:0006FB26
  3419 0001:0006FB29  3423 0001:0006FB2A  3424 0001:0006FB2D  3425 0001:0006FB30
  3426 0001:0006FB33  3427 0001:0006FB38  3428 0001:0006FB3B  3436 0001:0006FB3C
  3438 0001:0006FB3F  3439 0001:0006FB42  3440 0001:0006FB44  3442 0001:0006FB46
  3443 0001:0006FB48  3444 0001:0006FB4B  3445 0001:0006FB4D  3447 0001:0006FB4F
  3448 0001:0006FB51  3449 0001:0006FB54  3452 0001:0006FB56  3453 0001:0006FB58
  3455 0001:0006FB5A  3456 0001:0006FB5D  3460 0001:0006FB5E  3461 0001:0006FB61
  3462 0001:0006FB64  3463 0001:0006FB67  3464 0001:0006FB6C  3465 0001:0006FB6F
  3470 0001:0006FB70  3471 0001:0006FB77  3472 0001:0006FB7F  3473 0001:0006FB89
  3478 0001:0006FB90  3479 0001:0006FB91  3482 0001:0006FBAB  3483 0001:0006FBC5
  3485 0001:0006FBD0  3494 0001:0006FBD4  3495 0001:0006FBD6  3496 0001:0006FBDB
  3497 0001:0006FBDD  3498 0001:0006FBE3  3499 0001:0006FBE8  3500 0001:0006FBEE
  3501 0001:0006FBF0  3503 0001:0006FBF6  3511 0001:0006FBF8  3512 0001:0006FBF9
  3513 0001:0006FC01  3514 0001:0006FC0B  3515 0001:0006FC11  3516 0001:0006FC1D
  3517 0001:0006FC25  3518 0001:0006FC29  3519 0001:0006FC2E  3523 0001:0006FC34
  3524 0001:0006FC39  3525 0001:0006FC3B  3526 0001:0006FC3D  3528 0001:0006FC44
  3536 0001:0006FC48  3537 0001:0006FC4C  3538 0001:0006FC57  3539 0001:0006FC70
  3540 0001:0006FC7A  3541 0001:0006FC8A  3542 0001:0006FC94  3543 0001:0006FCAB
  3549 0001:0006FCB0  3550 0001:0006FCB3  3551 0001:0006FCB5  3553 0001:0006FCBC
  3559 0001:0006FCC0  3560 0001:0006FCC2  3561 0001:0006FCC4  3562 0001:0006FCC9
  3563 0001:0006FCCE  3569 0001:0006FCD0  3570 0001:0006FCD3  3571 0001:0006FCD5
  3573 0001:0006FCD7  3578 0001:0006FCD8  3579 0001:0006FCD9  3580 0001:0006FCDB
  3581 0001:0006FCE7  3582 0001:0006FCEC  3590 0001:0006FCF0  3591 0001:0006FD0A
  3592 0001:0006FD0C  3593 0001:0006FD14  3594 0001:0006FD2D  3595 0001:0006FD37
  3596 0001:0006FD50  3597 0001:0006FD56  3598 0001:0006FD5A  3599 0001:0006FD66
  3606 0001:0006FDB4  3608 0001:0006FDB5  3609 0001:0006FDF3  3610 0001:0006FE01
  3616 0001:0006FE08  3617 0001:0006FE14  3961 0001:0006FEBC  3962 0001:0006FED6
  3963 0001:0006FEFD  3964 0001:0006FF0B  3965 0001:0006FF15  3966 0001:0006FF45
  3964 0001:0006FF4F  3968 0001:0006FF64  3970 0001:0006FF74  3975 0001:0006FFD0
  3976 0001:0006FFD6  3977 0001:0006FFDD  3978 0001:0006FFE2  3979 0001:0006FFE7
  3980 0001:0006FFEC  3981 0001:0006FFF5  3982 0001:0006FFFF  3983 0001:0007000B
  3984 0001:00070015  3985 0001:00070021  3986 0001:0007002B  3987 0001:00070037
  3988 0001:00070041  3989 0001:0007004D  3990 0001:00070057  3991 0001:00070063
  3992 0001:0007006D  3993 0001:00070079  3994 0001:00070083  3995 0001:0007008F
  3996 0001:00070099  3997 0001:000700A5  3998 0001:000700AF  3999 0001:000700BB
  4000 0001:000700C5  4001 0001:000700D1  4002 0001:000700E5  4003 0001:000700F1
  4004 0001:000700FB  4005 0001:00070107  4006 0001:00070111  4007 0001:0007011D
  4008 0001:00070127  4009 0001:00070133  4010 0001:0007013D  4011 0001:00070149
  4012 0001:00070153  4013 0001:0007015F  4015 0001:00070164  4016 0001:00070178
  4017 0001:00070181  4018 0001:00070189  4019 0001:00070190  4020 0001:0007019C
  4021 0001:000701A3  4022 0001:000701AA  4023 0001:000701B9  4026 0001:000701BC
  4027 0001:000701C9  4028 0001:000701D3  4029 0001:000701E7  4030 0001:000701EC
  4031 0001:00070200  4032 0001:0007020C  4033 0001:00070212  4034 0001:0007021E
  4035 0001:00070224  4036 0001:00070230  4037 0001:00070236  4038 0001:00070242
  4039 0001:00070248  4040 0001:00070254  4041 0001:0007025A  4042 0001:00070266
  4043 0001:0007026C  4044 0001:00070278  4045 0001:00070281  4046 0001:0007028D
  4047 0001:00070296  4048 0001:000702A2  4049 0001:000702AB  4050 0001:000702B7
  4051 0001:000702C0  4052 0001:000702CC  4053 0001:000702D5  4054 0001:000702E1
  4055 0001:000702EA  4056 0001:000702F6  4057 0001:000702FF  4058 0001:0007030B
  4059 0001:00070314  4060 0001:00070320  4061 0001:00070329  4062 0001:00070335
  4063 0001:0007033A  4076 0001:0007040C  4077 0001:00070432  4079 0001:0007043D
  4080 0001:00070448

Line numbers for Hooks(Hooks.pas) segment .itext

  4070 0002:00000804  4071 0002:00000828  4072 0002:0000083A  4073 0002:00000844
  4074 0002:0000085E  4075 0002:0000086D

Line numbers for MM8patch(C:\_Delphi\mm8patch\MM8patch.dpr) segment .itext

   322 0002:000008C4   323 0002:000008D7   324 0002:000008E5   325 0002:000008F2
   326 0002:000008F7   327 0002:000008FC   328 0002:00000901   331 0002:00000915
   333 0002:0000092B

Bound resource files

c:\program files (x86)\borland\bds\4.0\lib\Controls.res
MM8patch.res
MM8patch.drf


Program entry point at 0002:000008C4
